DcControl.c:80:8:dc1_speed_PID	96	static
DcControl.c:106:8:dc2_speed_PID	96	static
DcControl.c:127:6:TIM2_IRQHandler	8	static
DcControl.c:138:6:HAL_TIM_IC_CaptureCallback	24	static
DcControl.c:200:6:TIM3_IRQHandler	8	static
DcControl.c:211:6:HAL_TIM_PeriodElapsedCallback	16	static
DcControl.c:229:15:checkDcStatus	4	static
DcControl.c:244:8:dc1_RotateClockWise	24	static
DcControl.c:266:8:dc1_RotateAntiClockWise	24	static
DcControl.c:290:8:dc1_Stop	8	static
DcControl.c:306:8:dc2_RotateClockWise	24	static
DcControl.c:328:8:dc2_RotateAntiClockWise	24	static
DcControl.c:352:8:dc2_Stop	8	static
