../Source/Mid/DcControl.c:82:8:dc1_speed_PID	96	static
../Source/Mid/DcControl.c:108:8:dc2_speed_PID	96	static
../Source/Mid/DcControl.c:129:6:TIM2_IRQHandler	8	static
../Source/Mid/DcControl.c:140:6:HAL_TIM_IC_CaptureCallback	56	static
../Source/Mid/DcControl.c:206:6:TIM3_IRQHandler	8	static
../Source/Mid/DcControl.c:217:6:HAL_TIM_PeriodElapsedCallback	16	static
../Source/Mid/DcControl.c:235:15:checkDcStatus	4	static
../Source/Mid/DcControl.c:250:8:dc1_RotateClockWise	24	static
../Source/Mid/DcControl.c:272:8:dc1_RotateAntiClockWise	24	static
../Source/Mid/DcControl.c:296:8:dc1_Stop	8	static
../Source/Mid/DcControl.c:312:8:dc2_RotateClockWise	24	static
../Source/Mid/DcControl.c:334:8:dc2_RotateAntiClockWise	24	static
../Source/Mid/DcControl.c:358:8:dc2_Stop	8	static
