RobotControl.c:77:8:robot_forward	24	static
RobotControl.c:99:8:robot_backward	24	static
RobotControl.c:121:6:robot_stop	8	static
RobotControl.c:136:8:robot_rotateleft	8	static
RobotControl.c:151:8:robot_rotateright	8	static
RobotControl.c:166:12:getRobotState	4	static
RobotControl.c:209:8:robot_forward_distance	16	static
RobotControl.c:229:8:robot_backward_distance	16	static
RobotControl.c:252:7:convertDistanceToPulse	24	static
RobotControl.c:266:6:isRun_distance	4	static
RobotControl.c:278:7:getDc1PulseCount	4	static
RobotControl.c:290:7:getDc2PulseCount	4	static
RobotControl.c:302:8:resetPulse_distance	4	static
RobotControl.c:320:7:getDc1Despulse	4	static
RobotControl.c:332:7:getDc2Despulse	4	static
RobotControl.c:344:6:isRobotRotate	4	static
RobotControl.c:356:8:robot_rotateleft_angle	16	static
RobotControl.c:380:8:robot_rotateright_angle	16	static
RobotControl.c:403:7:robot_get_current_angle	4	static
RobotControl.c:415:7:robot_get_des_angle	4	static
