../Source/Mid/RobotControl.c:79:8:robot_forward	24	static
../Source/Mid/RobotControl.c:101:8:robot_backward	24	static
../Source/Mid/RobotControl.c:123:6:robot_stop	8	static
../Source/Mid/RobotControl.c:138:8:robot_rotateleft	8	static
../Source/Mid/RobotControl.c:153:8:robot_rotateright	8	static
../Source/Mid/RobotControl.c:168:12:getRobotState	4	static
../Source/Mid/RobotControl.c:211:8:robot_forward_distance	16	static
../Source/Mid/RobotControl.c:231:8:robot_backward_distance	16	static
../Source/Mid/RobotControl.c:254:7:convertDistanceToPulse	24	static
../Source/Mid/RobotControl.c:268:6:isRun_distance	4	static
../Source/Mid/RobotControl.c:280:7:getDc1PulseCount	4	static
../Source/Mid/RobotControl.c:292:7:getDc2PulseCount	4	static
../Source/Mid/RobotControl.c:304:8:resetPulse_distance	4	static
../Source/Mid/RobotControl.c:322:7:getDc1Despulse	4	static
../Source/Mid/RobotControl.c:334:7:getDc2Despulse	4	static
../Source/Mid/RobotControl.c:346:6:isRobotRotate	4	static
../Source/Mid/RobotControl.c:358:7:convertAngleToPulse	24	static
../Source/Mid/RobotControl.c:373:8:robot_rotateleft_angle	16	static
../Source/Mid/RobotControl.c:399:8:robot_rotateright_angle	16	static
../Source/Mid/RobotControl.c:428:7:robot_get_current_angle	4	static
../Source/Mid/RobotControl.c:440:7:robot_get_des_angle	4	static
