Archive member included to satisfy reference by file (symbol)

c:/st/stm32cubeide_1.7.0/stm32cubeide/plugins/com.st.stm32cube.ide.mcu.externaltools.gnu-tools-for-stm32.9-2020-q2-update.win32_2.0.0.202105311346/tools/bin/../lib/gcc/arm-none-eabi/9.3.1/../../../../arm-none-eabi/lib/thumb/v7e-m+fp/hard\libm.a(lib_a-sf_atan.o)
                              ./Source/Mid/MPU6050/App/MPU6050-App/MPU6050-App.o (atanf)
c:/st/stm32cubeide_1.7.0/stm32cubeide/plugins/com.st.stm32cube.ide.mcu.externaltools.gnu-tools-for-stm32.9-2020-q2-update.win32_2.0.0.202105311346/tools/bin/../lib/gcc/arm-none-eabi/9.3.1/../../../../arm-none-eabi/lib/thumb/v7e-m+fp/hard\libm.a(lib_a-sf_fabs.o)
                              c:/st/stm32cubeide_1.7.0/stm32cubeide/plugins/com.st.stm32cube.ide.mcu.externaltools.gnu-tools-for-stm32.9-2020-q2-update.win32_2.0.0.202105311346/tools/bin/../lib/gcc/arm-none-eabi/9.3.1/../../../../arm-none-eabi/lib/thumb/v7e-m+fp/hard\libm.a(lib_a-sf_atan.o) (fabsf)
c:/st/stm32cubeide_1.7.0/stm32cubeide/plugins/com.st.stm32cube.ide.mcu.externaltools.gnu-tools-for-stm32.9-2020-q2-update.win32_2.0.0.202105311346/tools/bin/../lib/gcc/arm-none-eabi/9.3.1/../../../../arm-none-eabi/lib/thumb/v7e-m+fp/hard\libm.a(lib_a-sf_round.o)
                              ./Source/Mid/DcControl.o (roundf)
c:/st/stm32cubeide_1.7.0/stm32cubeide/plugins/com.st.stm32cube.ide.mcu.externaltools.gnu-tools-for-stm32.9-2020-q2-update.win32_2.0.0.202105311346/tools/bin/../lib/gcc/arm-none-eabi/9.3.1/../../../../arm-none-eabi/lib/thumb/v7e-m+fp/hard\libm.a(lib_a-wf_asin.o)
                              ./Source/Mid/MPU6050/App/MPU6050-App/MPU6050-App.o (asinf)
c:/st/stm32cubeide_1.7.0/stm32cubeide/plugins/com.st.stm32cube.ide.mcu.externaltools.gnu-tools-for-stm32.9-2020-q2-update.win32_2.0.0.202105311346/tools/bin/../lib/gcc/arm-none-eabi/9.3.1/../../../../arm-none-eabi/lib/thumb/v7e-m+fp/hard\libm.a(lib_a-wf_atan2.o)
                              ./Source/Mid/MPU6050/App/MPU6050-App/MPU6050-App.o (atan2f)
c:/st/stm32cubeide_1.7.0/stm32cubeide/plugins/com.st.stm32cube.ide.mcu.externaltools.gnu-tools-for-stm32.9-2020-q2-update.win32_2.0.0.202105311346/tools/bin/../lib/gcc/arm-none-eabi/9.3.1/../../../../arm-none-eabi/lib/thumb/v7e-m+fp/hard\libm.a(lib_a-wf_sqrt.o)
                              ./Source/Mid/MPU6050/App/MPU6050-App/MPU6050-App.o (sqrtf)
c:/st/stm32cubeide_1.7.0/stm32cubeide/plugins/com.st.stm32cube.ide.mcu.externaltools.gnu-tools-for-stm32.9-2020-q2-update.win32_2.0.0.202105311346/tools/bin/../lib/gcc/arm-none-eabi/9.3.1/../../../../arm-none-eabi/lib/thumb/v7e-m+fp/hard\libm.a(lib_a-ef_asin.o)
                              c:/st/stm32cubeide_1.7.0/stm32cubeide/plugins/com.st.stm32cube.ide.mcu.externaltools.gnu-tools-for-stm32.9-2020-q2-update.win32_2.0.0.202105311346/tools/bin/../lib/gcc/arm-none-eabi/9.3.1/../../../../arm-none-eabi/lib/thumb/v7e-m+fp/hard\libm.a(lib_a-wf_asin.o) (__ieee754_asinf)
c:/st/stm32cubeide_1.7.0/stm32cubeide/plugins/com.st.stm32cube.ide.mcu.externaltools.gnu-tools-for-stm32.9-2020-q2-update.win32_2.0.0.202105311346/tools/bin/../lib/gcc/arm-none-eabi/9.3.1/../../../../arm-none-eabi/lib/thumb/v7e-m+fp/hard\libm.a(lib_a-ef_atan2.o)
                              c:/st/stm32cubeide_1.7.0/stm32cubeide/plugins/com.st.stm32cube.ide.mcu.externaltools.gnu-tools-for-stm32.9-2020-q2-update.win32_2.0.0.202105311346/tools/bin/../lib/gcc/arm-none-eabi/9.3.1/../../../../arm-none-eabi/lib/thumb/v7e-m+fp/hard\libm.a(lib_a-wf_atan2.o) (__ieee754_atan2f)
c:/st/stm32cubeide_1.7.0/stm32cubeide/plugins/com.st.stm32cube.ide.mcu.externaltools.gnu-tools-for-stm32.9-2020-q2-update.win32_2.0.0.202105311346/tools/bin/../lib/gcc/arm-none-eabi/9.3.1/../../../../arm-none-eabi/lib/thumb/v7e-m+fp/hard\libm.a(lib_a-ef_sqrt.o)
                              c:/st/stm32cubeide_1.7.0/stm32cubeide/plugins/com.st.stm32cube.ide.mcu.externaltools.gnu-tools-for-stm32.9-2020-q2-update.win32_2.0.0.202105311346/tools/bin/../lib/gcc/arm-none-eabi/9.3.1/../../../../arm-none-eabi/lib/thumb/v7e-m+fp/hard\libm.a(lib_a-wf_sqrt.o) (__ieee754_sqrtf)
c:/st/stm32cubeide_1.7.0/stm32cubeide/plugins/com.st.stm32cube.ide.mcu.externaltools.gnu-tools-for-stm32.9-2020-q2-update.win32_2.0.0.202105311346/tools/bin/../lib/gcc/arm-none-eabi/9.3.1/../../../../arm-none-eabi/lib/thumb/v7e-m+fp/hard\libm.a(lib_a-s_lib_ver.o)
                              c:/st/stm32cubeide_1.7.0/stm32cubeide/plugins/com.st.stm32cube.ide.mcu.externaltools.gnu-tools-for-stm32.9-2020-q2-update.win32_2.0.0.202105311346/tools/bin/../lib/gcc/arm-none-eabi/9.3.1/../../../../arm-none-eabi/lib/thumb/v7e-m+fp/hard\libm.a(lib_a-wf_asin.o) (__fdlib_version)
c:/st/stm32cubeide_1.7.0/stm32cubeide/plugins/com.st.stm32cube.ide.mcu.externaltools.gnu-tools-for-stm32.9-2020-q2-update.win32_2.0.0.202105311346/tools/bin/../lib/gcc/arm-none-eabi/9.3.1/../../../../arm-none-eabi/lib/thumb/v7e-m+fp/hard\libm.a(lib_a-sf_nan.o)
[...]
Memory Configuration

Name             Origin             Length             Attributes
CCMRAM           0x0000000010000000 0x0000000000010000 xrw
RAM              0x0000000020000000 0x0000000000020000 xrw
FLASH            0x0000000008000000 0x0000000000100000 xr
*default*        0x0000000000000000 0xffffffffffffffff

Linker script and memory map

LOAD c:/st/stm32cubeide_1.7.0/stm32cubeide/plugins/com.st.stm32cube.ide.mcu.externaltools.gnu-tools-for-stm32.9-2020-q2-update.win32_2.0.0.202105311346/tools/bin/../lib/gcc/arm-none-eabi/9.3.1/thumb/v7e-m+fp/hard/crti.o
LOAD c:/st/stm32cubeide_1.7.0/stm32cubeide/plugins/com.st.stm32cube.ide.mcu.externaltools.gnu-tools-for-stm32.9-2020-q2-update.win32_2.0.0.202105311346/tools/bin/../lib/gcc/arm-none-eabi/9.3.1/thumb/v7e-m+fp/hard/crtbegin.o
LOAD c:/st/stm32cubeide_1.7.0/stm32cubeide/plugins/com.st.stm32cube.ide.mcu.externaltools.gnu-tools-for-stm32.9-2020-q2-update.win32_2.0.0.202105311346/tools/bin/../lib/gcc/arm-none-eabi/9.3.1/../../../../arm-none-eabi/lib/thumb/v7e-m+fp/hard/crt0.o
LOAD ./Core/Src/stm32f4xx_hal_msp.o
LOAD ./Core/Src/stm32f4xx_it.o
LOAD ./Core/Src/syscalls.o
LOAD ./Core/Src/sysmem.o
LOAD ./Core/Src/system_stm32f4xx.o
LOAD ./Core/Startup/startup_stm32f407vgtx.o
LOAD ./Drivers/STM32F4xx_HAL_Driver/Src/stm32f4xx_hal.o
LOAD ./Drivers/STM32F4xx_HAL_Driver/Src/stm32f4xx_hal_cortex.o
LOAD ./Drivers/STM32F4xx_HAL_Driver/Src/stm32f4xx_hal_dma.o
LOAD ./Drivers/STM32F4xx_HAL_Driver/Src/stm32f4xx_hal_dma_ex.o
LOAD ./Drivers/STM32F4xx_HAL_Driver/Src/stm32f4xx_hal_exti.o
LOAD ./Drivers/STM32F4xx_HAL_Driver/Src/stm32f4xx_hal_flash.o
LOAD ./Drivers/STM32F4xx_HAL_Driver/Src/stm32f4xx_hal_flash_ex.o
LOAD ./Drivers/STM32F4xx_HAL_Driver/Src/stm32f4xx_hal_flash_ramfunc.o
LOAD ./Drivers/STM32F4xx_HAL_Driver/Src/stm32f4xx_hal_gpio.o
LOAD ./Drivers/STM32F4xx_HAL_Driver/Src/stm32f4xx_hal_i2c.o
LOAD ./Drivers/STM32F4xx_HAL_Driver/Src/stm32f4xx_hal_i2c_ex.o
LOAD ./Drivers/STM32F4xx_HAL_Driver/Src/stm32f4xx_hal_pwr.o
LOAD ./Drivers/STM32F4xx_HAL_Driver/Src/stm32f4xx_hal_pwr_ex.o
LOAD ./Drivers/STM32F4xx_HAL_Driver/Src/stm32f4xx_hal_rcc.o
LOAD ./Drivers/STM32F4xx_HAL_Driver/Src/stm32f4xx_hal_rcc_ex.o
LOAD ./Drivers/STM32F4xx_HAL_Driver/Src/stm32f4xx_hal_tim.o
LOAD ./Drivers/STM32F4xx_HAL_Driver/Src/stm32f4xx_hal_tim_ex.o
LOAD ./Drivers/STM32F4xx_HAL_Driver/Src/stm32f4xx_hal_uart.o
LOAD ./Source/App/main.o
LOAD ./Source/App/maincpp.o
LOAD ./Source/Driver/dc-Driver.o
LOAD ./Source/Mid/DcControl.o
LOAD ./Source/Mid/RobotControl.o
LOAD ./Source/Mid/MPU6050/App/MPU6050-App/MPU6050-App.o
LOAD ./Source/Mid/MPU6050/App/MPU6050-App/MPU6050-Calibration.o
LOAD ./Source/Mid/MPU6050/Driver/I2CDev/I2Cdev.o
LOAD ./Source/Mid/MPU6050/Mid/MPU6050/MPU6050.o
LOAD ./Source/Utillities/queue.o
START GROUP
LOAD c:/st/stm32cubeide_1.7.0/stm32cubeide/plugins/com.st.stm32cube.ide.mcu.externaltools.gnu-tools-for-stm32.9-2020-q2-update.win32_2.0.0.202105311346/tools/bin/../lib/gcc/arm-none-eabi/9.3.1/../../../../arm-none-eabi/lib/thumb/v7e-m+fp/hard\libstdc++_nano.a
LOAD c:/st/stm32cubeide_1.7.0/stm32cubeide/plugins/com.st.stm32cube.ide.mcu.externaltools.gnu-tools-for-stm32.9-2020-q2-update.win32_2.0.0.202105311346/tools/bin/../lib/gcc/arm-none-eabi/9.3.1/../../../../arm-none-eabi/lib/thumb/v7e-m+fp/hard\libsupc++_nano.a
END GROUP
LOAD c:/st/stm32cubeide_1.7.0/stm32cubeide/plugins/com.st.stm32cube.ide.mcu.externaltools.gnu-tools-for-stm32.9-2020-q2-update.win32_2.0.0.202105311346/tools/bin/../lib/gcc/arm-none-eabi/9.3.1/../../../../arm-none-eabi/lib/thumb/v7e-m+fp/hard\libstdc++_nano.a
LOAD c:/st/stm32cubeide_1.7.0/stm32cubeide/plugins/com.st.stm32cube.ide.mcu.externaltools.gnu-tools-for-stm32.9-2020-q2-update.win32_2.0.0.202105311346/tools/bin/../lib/gcc/arm-none-eabi/9.3.1/../../../../arm-none-eabi/lib/thumb/v7e-m+fp/hard\libm.a
LOAD c:/st/stm32cubeide_1.7.0/stm32cubeide/plugins/com.st.stm32cube.ide.mcu.externaltools.gnu-tools-for-stm32.9-2020-q2-update.win32_2.0.0.202105311346/tools/bin/../lib/gcc/arm-none-eabi/9.3.1/../../../../arm-none-eabi/lib/thumb/v7e-m+fp/hard\libc_nano.a
START GROUP
LOAD c:/st/stm32cubeide_1.7.0/stm32cubeide/plugins/com.st.stm32cube.ide.mcu.externaltools.gnu-tools-for-stm32.9-2020-q2-update.win32_2.0.0.202105311346/tools/bin/../lib/gcc/arm-none-eabi/9.3.1/thumb/v7e-m+fp/hard\libgcc.a
LOAD c:/st/stm32cubeide_1.7.0/stm32cubeide/plugins/com.st.stm32cube.ide.mcu.externaltools.gnu-tools-for-stm32.9-2020-q2-update.win32_2.0.0.202105311346/tools/bin/../lib/gcc/arm-none-eabi/9.3.1/../../../../arm-none-eabi/lib/thumb/v7e-m+fp/hard\libc_nano.a
END GROUP
START GROUP
LOAD c:/st/stm32cubeide_1.7.0/stm32cubeide/plugins/com.st.stm32cube.ide.mcu.externaltools.gnu-tools-for-stm32.9-2020-q2-update.win32_2.0.0.202105311346/tools/bin/../lib/gcc/arm-none-eabi/9.3.1/thumb/v7e-m+fp/hard\libgcc.a
LOAD c:/st/stm32cubeide_1.7.0/stm32cubeide/plugins/com.st.stm32cube.ide.mcu.externaltools.gnu-tools-for-stm32.9-2020-q2-update.win32_2.0.0.202105311346/tools/bin/../lib/gcc/arm-none-eabi/9.3.1/../../../../arm-none-eabi/lib/thumb/v7e-m+fp/hard\libc_nano.a
END GROUP
LOAD c:/st/stm32cubeide_1.7.0/stm32cubeide/plugins/com.st.stm32cube.ide.mcu.externaltools.gnu-tools-for-stm32.9-2020-q2-update.win32_2.0.0.202105311346/tools/bin/../lib/gcc/arm-none-eabi/9.3.1/thumb/v7e-m+fp/hard/crtend.o
LOAD c:/st/stm32cubeide_1.7.0/stm32cubeide/plugins/com.st.stm32cube.ide.mcu.externaltools.gnu-tools-for-stm32.9-2020-q2-update.win32_2.0.0.202105311346/tools/bin/../lib/gcc/arm-none-eabi/9.3.1/thumb/v7e-m+fp/hard/crtn.o
                0x0000000020020000                _estack = (ORIGIN (RAM) + LENGTH (RAM))
                0x0000000000000200                _Min_Heap_Size = 0x200
                0x0000000000000400                _Min_Stack_Size = 0x400

.isr_vector     0x0000000008000000      0x188
                0x0000000008000000                . = ALIGN (0x4)
 *(.isr_vector)
 .isr_vector    0x0000000008000000      0x188 ./Core/Startup/startup_stm32f407vgtx.o
                0x0000000008000000                g_pfnVectors
                0x0000000008000188                . = ALIGN (0x4)

.text           0x0000000008000188     0x751c
                0x0000000008000188                . = ALIGN (0x4)
 *(.text)
 .text          0x0000000008000188       0x40 c:/st/stm32cubeide_1.7.0/stm32cubeide/plugins/com.st.stm32cube.ide.mcu.externaltools.gnu-tools-for-stm32.9-2020-q2-update.win32_2.0.0.202105311346/tools/bin/../lib/gcc/arm-none-eabi/9.3.1/thumb/v7e-m+fp/hard/crtbegin.o
 .text          0x00000000080001c8      0x378 c:/st/stm32cubeide_1.7.0/stm32cubeide/plugins/com.st.stm32cube.ide.mcu.externaltools.gnu-tools-for-stm32.9-2020-q2-update.win32_2.0.0.202105311346/tools/bin/../lib/gcc/arm-none-eabi/9.3.1/thumb/v7e-m+fp/hard\libgcc.a(_arm_addsubdf3.o)
                0x00000000080001c8                __aeabi_drsub
                0x00000000080001d0                __aeabi_dsub
                0x00000000080001d0                __subdf3
                0x00000000080001d4                __aeabi_dadd
                0x00000000080001d4                __adddf3
                0x000000000800044c                __floatunsidf
                0x000000000800044c                __aeabi_ui2d
                0x000000000800046c                __floatsidf
                0x000000000800046c                __aeabi_i2d
                0x0000000008000490                __aeabi_f2d
                0x0000000008000490                __extendsfdf2
                0x00000000080004d4                __floatundidf
                0x00000000080004d4                __aeabi_ul2d
                0x00000000080004e4                __floatdidf
                0x00000000080004e4                __aeabi_l2d
 .text          0x0000000008000540      0x424 c:/st/stm32cubeide_1.7.0/stm32cubeide/plugins/com.st.stm32cube.ide.mcu.externaltools.gnu-tools-for-stm32.9-2020-q2-update.win32_2.0.0.202105311346/tools/bin/../lib/gcc/arm-none-eabi/9.3.1/thumb/v7e-m+fp/hard\libgcc.a(_arm_muldivdf3.o)
                0x0000000008000540                __aeabi_dmul
                0x0000000008000540                __muldf3
                0x0000000008000794                __divdf3
                0x0000000008000794                __aeabi_ddiv
 .text          0x0000000008000964       0xa0 c:/st/stm32cubeide_1.7.0/stm32cubeide/plugins/com.st.stm32cube.ide.mcu.externaltools.gnu-tools-for-stm32.9-2020-q2-update.win32_2.0.0.202105311346/tools/bin/../lib/gcc/arm-none-eabi/9.3.1/thumb/v7e-m+fp/hard\libgcc.a(_arm_truncdfsf2.o)
                0x0000000008000964                __truncdfsf2
                0x0000000008000964                __aeabi_d2f
 .text          0x0000000008000a04       0x30 c:/st/stm32cubeide_1.7.0/stm32cubeide/plugins/com.st.stm32cube.ide.mcu.externaltools.gnu-tools-for-stm32.9-2020-q2-update.win32_2.0.0.202105311346/tools/bin/../lib/gcc/arm-none-eabi/9.3.1/thumb/v7e-m+fp/hard\libgcc.a(_aeabi_uldivmod.o)
                0x0000000008000a04                __aeabi_uldivmod
 .text          0x0000000008000a34      0x2c4 c:/st/stm32cubeide_1.7.0/stm32cubeide/plugins/com.st.stm32cube.ide.mcu.externaltools.gnu-tools-for-stm32.9-2020-q2-update.win32_2.0.0.202105311346/tools/bin/../lib/gcc/arm-none-eabi/9.3.1/thumb/v7e-m+fp/hard\libgcc.a(_udivmoddi4.o)
                0x0000000008000a34                __udivmoddi4
 .text          0x0000000008000cf8        0x4 c:/st/stm32cubeide_1.7.0/stm32cubeide/plugins/com.st.stm32cube.ide.mcu.externaltools.gnu-tools-for-stm32.9-2020-q2-update.win32_2.0.0.202105311346/tools/bin/../lib/gcc/arm-none-eabi/9.3.1/thumb/v7e-m+fp/hard\libgcc.a(_dvmd_tls.o)
                0x0000000008000cf8                __aeabi_idiv0
                0x0000000008000cf8                __aeabi_ldiv0
 *(.text*)
 .text.HAL_MspInit
                0x0000000008000cfc       0x50 ./Core/Src/stm32f4xx_hal_msp.o
                0x0000000008000cfc                HAL_MspInit
 .text.HAL_I2C_MspInit
                0x0000000008000d4c       0x90 ./Core/Src/stm32f4xx_hal_msp.o
                0x0000000008000d4c                HAL_I2C_MspInit
 .text.HAL_TIM_Base_MspInit
                0x0000000008000ddc      0x160 ./Core/Src/stm32f4xx_hal_msp.o
                0x0000000008000ddc                HAL_TIM_Base_MspInit
 .text.HAL_TIM_MspPostInit
                0x0000000008000f3c       0x98 ./Core/Src/stm32f4xx_hal_msp.o
                0x0000000008000f3c                HAL_TIM_MspPostInit
 .text.HAL_UART_MspInit
                0x0000000008000fd4       0xa0 ./Core/Src/stm32f4xx_hal_msp.o
                0x0000000008000fd4                HAL_UART_MspInit
 .text.NMI_Handler
                0x0000000008001074        0x6 ./Core/Src/stm32f4xx_it.o
                0x0000000008001074                NMI_Handler
 .text.HardFault_Handler
                0x000000000800107a        0x6 ./Core/Src/stm32f4xx_it.o
                0x000000000800107a                HardFault_Handler
 .text.MemManage_Handler
                0x0000000008001080        0x6 ./Core/Src/stm32f4xx_it.o
                0x0000000008001080                MemManage_Handler
 .text.BusFault_Handler
                0x0000000008001086        0x6 ./Core/Src/stm32f4xx_it.o
                0x0000000008001086                BusFault_Handler
 .text.UsageFault_Handler
                0x000000000800108c        0x6 ./Core/Src/stm32f4xx_it.o
                0x000000000800108c                UsageFault_Handler
 .text.SVC_Handler
                0x0000000008001092        0xe ./Core/Src/stm32f4xx_it.o
                0x0000000008001092                SVC_Handler
 .text.DebugMon_Handler
                0x00000000080010a0        0xe ./Core/Src/stm32f4xx_it.o
                0x00000000080010a0                DebugMon_Handler
 .text.PendSV_Handler
                0x00000000080010ae        0xe ./Core/Src/stm32f4xx_it.o
                0x00000000080010ae                PendSV_Handler
 .text.SysTick_Handler
                0x00000000080010bc        0xc ./Core/Src/stm32f4xx_it.o
                0x00000000080010bc                SysTick_Handler
 .text.SystemInit
                0x00000000080010c8       0x24 ./Core/Src/system_stm32f4xx.o
                0x00000000080010c8                SystemInit
 .text.Reset_Handler
                0x00000000080010ec       0x50 ./Core/Startup/startup_stm32f407vgtx.o
                0x00000000080010ec                Reset_Handler
 .text.Default_Handler
                0x000000000800113c        0x2 ./Core/Startup/startup_stm32f407vgtx.o
                0x000000000800113c                RTC_Alarm_IRQHandler
                0x000000000800113c                HASH_RNG_IRQHandler
                0x000000000800113c                EXTI2_IRQHandler
                0x000000000800113c                TIM8_CC_IRQHandler
                0x000000000800113c                TIM1_CC_IRQHandler
                0x000000000800113c                DMA2_Stream5_IRQHandler
                0x000000000800113c                DMA1_Stream5_IRQHandler
                0x000000000800113c                PVD_IRQHandler
                0x000000000800113c                SDIO_IRQHandler
                0x000000000800113c                TAMP_STAMP_IRQHandler
                0x000000000800113c                CAN2_RX1_IRQHandler
                0x000000000800113c                EXTI3_IRQHandler
                0x000000000800113c                TIM8_TRG_COM_TIM14_IRQHandler
                0x000000000800113c                TIM1_UP_TIM10_IRQHandler
                0x000000000800113c                TIM8_UP_TIM13_IRQHandler
                0x000000000800113c                I2C3_ER_IRQHandler
                0x000000000800113c                EXTI0_IRQHandler
                0x000000000800113c                I2C2_EV_IRQHandler
                0x000000000800113c                DMA1_Stream2_IRQHandler
                0x000000000800113c                CAN1_RX0_IRQHandler
                0x000000000800113c                FPU_IRQHandler
                0x000000000800113c                OTG_HS_WKUP_IRQHandler
                0x000000000800113c                CAN2_SCE_IRQHandler
                0x000000000800113c                DMA2_Stream2_IRQHandler
                0x000000000800113c                SPI1_IRQHandler
                0x000000000800113c                TIM6_DAC_IRQHandler
                0x000000000800113c                TIM1_BRK_TIM9_IRQHandler
                0x000000000800113c                DCMI_IRQHandler
                0x000000000800113c                CAN2_RX0_IRQHandler
                0x000000000800113c                DMA2_Stream3_IRQHandler
                0x000000000800113c                USART6_IRQHandler
                0x000000000800113c                USART3_IRQHandler
                0x000000000800113c                CAN1_RX1_IRQHandler
                0x000000000800113c                UART5_IRQHandler
                0x000000000800113c                DMA2_Stream0_IRQHandler
                0x000000000800113c                I2C1_EV_IRQHandler
                0x000000000800113c                DMA1_Stream6_IRQHandler
                0x000000000800113c                DMA1_Stream1_IRQHandler
                0x000000000800113c                UART4_IRQHandler
                0x000000000800113c                RCC_IRQHandler
                0x000000000800113c                TIM8_BRK_TIM12_IRQHandler
                0x000000000800113c                Default_Handler
                0x000000000800113c                EXTI15_10_IRQHandler
                0x000000000800113c                ADC_IRQHandler
                0x000000000800113c                DMA1_Stream7_IRQHandler
                0x000000000800113c                TIM7_IRQHandler
                0x000000000800113c                CAN2_TX_IRQHandler
                0x000000000800113c                TIM5_IRQHandler
                0x000000000800113c                DMA2_Stream7_IRQHandler
                0x000000000800113c                I2C3_EV_IRQHandler
                0x000000000800113c                RTC_WKUP_IRQHandler
                0x000000000800113c                ETH_WKUP_IRQHandler
                0x000000000800113c                SPI2_IRQHandler
                0x000000000800113c                OTG_HS_EP1_IN_IRQHandler
                0x000000000800113c                DMA1_Stream0_IRQHandler
                0x000000000800113c                CAN1_TX_IRQHandler
                0x000000000800113c                EXTI4_IRQHandler
                0x000000000800113c                FSMC_IRQHandler
                0x000000000800113c                ETH_IRQHandler
                0x000000000800113c                OTG_HS_EP1_OUT_IRQHandler
                0x000000000800113c                WWDG_IRQHandler
                0x000000000800113c                OTG_FS_WKUP_IRQHandler
                0x000000000800113c                TIM1_TRG_COM_TIM11_IRQHandler
                0x000000000800113c                OTG_HS_IRQHandler
                0x000000000800113c                EXTI1_IRQHandler
                0x000000000800113c                USART2_IRQHandler
                0x000000000800113c                I2C2_ER_IRQHandler
                0x000000000800113c                DMA2_Stream1_IRQHandler
                0x000000000800113c                CAN1_SCE_IRQHandler
                0x000000000800113c                FLASH_IRQHandler
                0x000000000800113c                DMA2_Stream4_IRQHandler
                0x000000000800113c                OTG_FS_IRQHandler
                0x000000000800113c                SPI3_IRQHandler
                0x000000000800113c                DMA1_Stream4_IRQHandler
                0x000000000800113c                I2C1_ER_IRQHandler
                0x000000000800113c                DMA2_Stream6_IRQHandler
                0x000000000800113c                DMA1_Stream3_IRQHandler
 *fill*         0x000000000800113e        0x2 
 .text.HAL_Init
                0x0000000008001140       0x44 ./Drivers/STM32F4xx_HAL_Driver/Src/stm32f4xx_hal.o
                0x0000000008001140                HAL_Init
 .text.HAL_InitTick
                0x0000000008001184       0x60 ./Drivers/STM32F4xx_HAL_Driver/Src/stm32f4xx_hal.o
                0x0000000008001184                HAL_InitTick
 .text.HAL_IncTick
                0x00000000080011e4       0x28 ./Drivers/STM32F4xx_HAL_Driver/Src/stm32f4xx_hal.o
                0x00000000080011e4                HAL_IncTick
 .text.HAL_GetTick
                0x000000000800120c       0x18 ./Drivers/STM32F4xx_HAL_Driver/Src/stm32f4xx_hal.o
                0x000000000800120c                HAL_GetTick
 .text.__NVIC_SetPriorityGrouping
                0x0000000008001224       0x48 ./Drivers/STM32F4xx_HAL_Driver/Src/stm32f4xx_hal_cortex.o
 .text.__NVIC_GetPriorityGrouping
                0x000000000800126c       0x1c ./Drivers/STM32F4xx_HAL_Driver/Src/stm32f4xx_hal_cortex.o
 .text.__NVIC_EnableIRQ
                0x0000000008001288       0x3c ./Drivers/STM32F4xx_HAL_Driver/Src/stm32f4xx_hal_cortex.o
 .text.__NVIC_SetPriority
                0x00000000080012c4       0x54 ./Drivers/STM32F4xx_HAL_Driver/Src/stm32f4xx_hal_cortex.o
 .text.NVIC_EncodePriority
                0x0000000008001318       0x66 ./Drivers/STM32F4xx_HAL_Driver/Src/stm32f4xx_hal_cortex.o
 *fill*         0x000000000800137e        0x2 
 .text.SysTick_Config
                0x0000000008001380       0x44 ./Drivers/STM32F4xx_HAL_Driver/Src/stm32f4xx_hal_cortex.o
 .text.HAL_NVIC_SetPriorityGrouping
                0x00000000080013c4       0x16 ./Drivers/STM32F4xx_HAL_Driver/Src/stm32f4xx_hal_cortex.o
                0x00000000080013c4                HAL_NVIC_SetPriorityGrouping
 .text.HAL_NVIC_SetPriority
                0x00000000080013da       0x38 ./Drivers/STM32F4xx_HAL_Driver/Src/stm32f4xx_hal_cortex.o
                0x00000000080013da                HAL_NVIC_SetPriority
 .text.HAL_NVIC_EnableIRQ
                0x0000000008001412       0x1c ./Drivers/STM32F4xx_HAL_Driver/Src/stm32f4xx_hal_cortex.o
                0x0000000008001412                HAL_NVIC_EnableIRQ
 .text.HAL_SYSTICK_Config
                0x000000000800142e       0x18 ./Drivers/STM32F4xx_HAL_Driver/Src/stm32f4xx_hal_cortex.o
                0x000000000800142e                HAL_SYSTICK_Config
 .text.HAL_DMA_Abort
                0x0000000008001446       0xe0 ./Drivers/STM32F4xx_HAL_Driver/Src/stm32f4xx_hal_dma.o
                0x0000000008001446                HAL_DMA_Abort
 .text.HAL_DMA_Abort_IT
                0x0000000008001526       0x44 ./Drivers/STM32F4xx_HAL_Driver/Src/stm32f4xx_hal_dma.o
                0x0000000008001526                HAL_DMA_Abort_IT
 *fill*         0x000000000800156a        0x2 
 .text.HAL_GPIO_Init
                0x000000000800156c      0x338 ./Drivers/STM32F4xx_HAL_Driver/Src/stm32f4xx_hal_gpio.o
                0x000000000800156c                HAL_GPIO_Init
 .text.HAL_GPIO_ReadPin
                0x00000000080018a4       0x30 ./Drivers/STM32F4xx_HAL_Driver/Src/stm32f4xx_hal_gpio.o
                0x00000000080018a4                HAL_GPIO_ReadPin
 .text.HAL_GPIO_WritePin
                0x00000000080018d4       0x32 ./Drivers/STM32F4xx_HAL_Driver/Src/stm32f4xx_hal_gpio.o
                0x00000000080018d4                HAL_GPIO_WritePin
 *fill*         0x0000000008001906        0x2 
 .text.HAL_GPIO_EXTI_IRQHandler
                0x0000000008001908       0x30 ./Drivers/STM32F4xx_HAL_Driver/Src/stm32f4xx_hal_gpio.o
                0x0000000008001908                HAL_GPIO_EXTI_IRQHandler
 .text.HAL_I2C_Init
                0x0000000008001938      0x288 ./Drivers/STM32F4xx_HAL_Driver/Src/stm32f4xx_hal_i2c.o
                0x0000000008001938                HAL_I2C_Init
 .text.HAL_I2C_Master_Transmit
                0x0000000008001bc0      0x1fc ./Drivers/STM32F4xx_HAL_Driver/Src/stm32f4xx_hal_i2c.o
                0x0000000008001bc0                HAL_I2C_Master_Transmit
 .text.HAL_I2C_Master_Receive
                0x0000000008001dbc      0x44c ./Drivers/STM32F4xx_HAL_Driver/Src/stm32f4xx_hal_i2c.o
                0x0000000008001dbc                HAL_I2C_Master_Receive
 .text.HAL_I2C_Mem_Write
                0x0000000008002208      0x1f4 ./Drivers/STM32F4xx_HAL_Driver/Src/stm32f4xx_hal_i2c.o
                0x0000000008002208                HAL_I2C_Mem_Write
 .text.I2C_MasterRequestWrite
                0x00000000080023fc      0x104 ./Drivers/STM32F4xx_HAL_Driver/Src/stm32f4xx_hal_i2c.o
 .text.I2C_MasterRequestRead
                0x0000000008002500      0x19c ./Drivers/STM32F4xx_HAL_Driver/Src/stm32f4xx_hal_i2c.o
 .text.I2C_RequestMemoryWrite
                0x000000000800269c      0x12c ./Drivers/STM32F4xx_HAL_Driver/Src/stm32f4xx_hal_i2c.o
 .text.I2C_WaitOnFlagUntilTimeout
                0x00000000080027c8       0xae ./Drivers/STM32F4xx_HAL_Driver/Src/stm32f4xx_hal_i2c.o
 .text.I2C_WaitOnMasterAddressFlagUntilTimeout
                0x0000000008002876       0xfe ./Drivers/STM32F4xx_HAL_Driver/Src/stm32f4xx_hal_i2c.o
 .text.I2C_WaitOnTXEFlagUntilTimeout
                0x0000000008002974       0x82 ./Drivers/STM32F4xx_HAL_Driver/Src/stm32f4xx_hal_i2c.o
 .text.I2C_WaitOnBTFFlagUntilTimeout
                0x00000000080029f6       0x82 ./Drivers/STM32F4xx_HAL_Driver/Src/stm32f4xx_hal_i2c.o
 .text.I2C_WaitOnRXNEFlagUntilTimeout
                0x0000000008002a78       0xac ./Drivers/STM32F4xx_HAL_Driver/Src/stm32f4xx_hal_i2c.o
 .text.I2C_IsAcknowledgeFailed
                0x0000000008002b24       0x5e ./Drivers/STM32F4xx_HAL_Driver/Src/stm32f4xx_hal_i2c.o
 *fill*         0x0000000008002b82        0x2 
 .text.HAL_RCC_OscConfig
                0x0000000008002b84      0x4f0 ./Drivers/STM32F4xx_HAL_Driver/Src/stm32f4xx_hal_rcc.o
                0x0000000008002b84                HAL_RCC_OscConfig
 .text.HAL_RCC_ClockConfig
                0x0000000008003074      0x1cc ./Drivers/STM32F4xx_HAL_Driver/Src/stm32f4xx_hal_rcc.o
                0x0000000008003074                HAL_RCC_ClockConfig
 .text.HAL_RCC_GetSysClockFreq
                0x0000000008003240      0x16c ./Drivers/STM32F4xx_HAL_Driver/Src/stm32f4xx_hal_rcc.o
                0x0000000008003240                HAL_RCC_GetSysClockFreq
 .text.HAL_RCC_GetHCLKFreq
                0x00000000080033ac       0x18 ./Drivers/STM32F4xx_HAL_Driver/Src/stm32f4xx_hal_rcc.o
                0x00000000080033ac                HAL_RCC_GetHCLKFreq
 .text.HAL_RCC_GetPCLK1Freq
                0x00000000080033c4       0x28 ./Drivers/STM32F4xx_HAL_Driver/Src/stm32f4xx_hal_rcc.o
                0x00000000080033c4                HAL_RCC_GetPCLK1Freq
 .text.HAL_RCC_GetPCLK2Freq
                0x00000000080033ec       0x28 ./Drivers/STM32F4xx_HAL_Driver/Src/stm32f4xx_hal_rcc.o
                0x00000000080033ec                HAL_RCC_GetPCLK2Freq
 .text.HAL_TIM_Base_Init
                0x0000000008003414       0x9e ./Drivers/STM32F4xx_HAL_Driver/Src/stm32f4xx_hal_tim.o
                0x0000000008003414                HAL_TIM_Base_Init
 *fill*         0x00000000080034b2        0x2 
 .text.HAL_TIM_Base_Start_IT
                0x00000000080034b4       0xe0 ./Drivers/STM32F4xx_HAL_Driver/Src/stm32f4xx_hal_tim.o
                0x00000000080034b4                HAL_TIM_Base_Start_IT
 .text.HAL_TIM_PWM_Init
                0x0000000008003594       0x9e ./Drivers/STM32F4xx_HAL_Driver/Src/stm32f4xx_hal_tim.o
                0x0000000008003594                HAL_TIM_PWM_Init
 .text.HAL_TIM_PWM_MspInit
                0x0000000008003632       0x14 ./Drivers/STM32F4xx_HAL_Driver/Src/stm32f4xx_hal_tim.o
                0x0000000008003632                HAL_TIM_PWM_MspInit
 *fill*         0x0000000008003646        0x2 
 .text.HAL_TIM_PWM_Start
                0x0000000008003648      0x190 ./Drivers/STM32F4xx_HAL_Driver/Src/stm32f4xx_hal_tim.o
                0x0000000008003648                HAL_TIM_PWM_Start
 .text.HAL_TIM_IC_Init
                0x00000000080037d8       0x9e ./Drivers/STM32F4xx_HAL_Driver/Src/stm32f4xx_hal_tim.o
                0x00000000080037d8                HAL_TIM_IC_Init
 .text.HAL_TIM_IC_MspInit
                0x0000000008003876       0x14 ./Drivers/STM32F4xx_HAL_Driver/Src/stm32f4xx_hal_tim.o
                0x0000000008003876                HAL_TIM_IC_MspInit
 *fill*         0x000000000800388a        0x2 
 .text.HAL_TIM_IC_Start_IT
                0x000000000800388c      0x250 ./Drivers/STM32F4xx_HAL_Driver/Src/stm32f4xx_hal_tim.o
                0x000000000800388c                HAL_TIM_IC_Start_IT
 .text.HAL_TIM_IRQHandler
                0x0000000008003adc      0x210 ./Drivers/STM32F4xx_HAL_Driver/Src/stm32f4xx_hal_tim.o
                0x0000000008003adc                HAL_TIM_IRQHandler
 .text.HAL_TIM_IC_ConfigChannel
                0x0000000008003cec      0x138 ./Drivers/STM32F4xx_HAL_Driver/Src/stm32f4xx_hal_tim.o
                0x0000000008003cec                HAL_TIM_IC_ConfigChannel
 .text.HAL_TIM_PWM_ConfigChannel
                0x0000000008003e24      0x184 ./Drivers/STM32F4xx_HAL_Driver/Src/stm32f4xx_hal_tim.o
                0x0000000008003e24                HAL_TIM_PWM_ConfigChannel
 .text.HAL_TIM_ConfigClockSource
                0x0000000008003fa8      0x18e ./Drivers/STM32F4xx_HAL_Driver/Src/stm32f4xx_hal_tim.o
                0x0000000008003fa8                HAL_TIM_ConfigClockSource
 .text.HAL_TIM_OC_DelayElapsedCallback
                0x0000000008004136       0x14 ./Drivers/STM32F4xx_HAL_Driver/Src/stm32f4xx_hal_tim.o
                0x0000000008004136                HAL_TIM_OC_DelayElapsedCallback
 .text.HAL_TIM_PWM_PulseFinishedCallback
                0x000000000800414a       0x14 ./Drivers/STM32F4xx_HAL_Driver/Src/stm32f4xx_hal_tim.o
                0x000000000800414a                HAL_TIM_PWM_PulseFinishedCallback
 .text.HAL_TIM_TriggerCallback
                0x000000000800415e       0x14 ./Drivers/STM32F4xx_HAL_Driver/Src/stm32f4xx_hal_tim.o
                0x000000000800415e                HAL_TIM_TriggerCallback
 *fill*         0x0000000008004172        0x2 
 .text.TIM_Base_SetConfig
                0x0000000008004174      0x140 ./Drivers/STM32F4xx_HAL_Driver/Src/stm32f4xx_hal_tim.o
                0x0000000008004174                TIM_Base_SetConfig
 .text.TIM_OC1_SetConfig
                0x00000000080042b4       0xe0 ./Drivers/STM32F4xx_HAL_Driver/Src/stm32f4xx_hal_tim.o
 .text.TIM_OC2_SetConfig
                0x0000000008004394       0xec ./Drivers/STM32F4xx_HAL_Driver/Src/stm32f4xx_hal_tim.o
                0x0000000008004394                TIM_OC2_SetConfig
 .text.TIM_OC3_SetConfig
                0x0000000008004480       0xe8 ./Drivers/STM32F4xx_HAL_Driver/Src/stm32f4xx_hal_tim.o
 .text.TIM_OC4_SetConfig
                0x0000000008004568       0xac ./Drivers/STM32F4xx_HAL_Driver/Src/stm32f4xx_hal_tim.o
 .text.TIM_TI1_SetConfig
                0x0000000008004614       0xe8 ./Drivers/STM32F4xx_HAL_Driver/Src/stm32f4xx_hal_tim.o
                0x0000000008004614                TIM_TI1_SetConfig
 .text.TIM_TI1_ConfigInputStage
                0x00000000080046fc       0x5e ./Drivers/STM32F4xx_HAL_Driver/Src/stm32f4xx_hal_tim.o
 .text.TIM_TI2_SetConfig
                0x000000000800475a       0x7a ./Drivers/STM32F4xx_HAL_Driver/Src/stm32f4xx_hal_tim.o
 .text.TIM_TI2_ConfigInputStage
                0x00000000080047d4       0x60 ./Drivers/STM32F4xx_HAL_Driver/Src/stm32f4xx_hal_tim.o
 .text.TIM_TI3_SetConfig
                0x0000000008004834       0x78 ./Drivers/STM32F4xx_HAL_Driver/Src/stm32f4xx_hal_tim.o
 .text.TIM_TI4_SetConfig
                0x00000000080048ac       0x7a ./Drivers/STM32F4xx_HAL_Driver/Src/stm32f4xx_hal_tim.o
 .text.TIM_ITRx_SetConfig
                0x0000000008004926       0x36 ./Drivers/STM32F4xx_HAL_Driver/Src/stm32f4xx_hal_tim.o
 .text.TIM_ETR_SetConfig
                0x000000000800495c       0x40 ./Drivers/STM32F4xx_HAL_Driver/Src/stm32f4xx_hal_tim.o
                0x000000000800495c                TIM_ETR_SetConfig
 .text.TIM_CCxChannelCmd
                0x000000000800499c       0x4a ./Drivers/STM32F4xx_HAL_Driver/Src/stm32f4xx_hal_tim.o
                0x000000000800499c                TIM_CCxChannelCmd
 *fill*         0x00000000080049e6        0x2 
 .text.HAL_TIMEx_MasterConfigSynchronization
                0x00000000080049e8       0xf8 ./Drivers/STM32F4xx_HAL_Driver/Src/stm32f4xx_hal_tim_ex.o
                0x00000000080049e8                HAL_TIMEx_MasterConfigSynchronization
 .text.HAL_TIMEx_ConfigBreakDeadTime
                0x0000000008004ae0       0xa4 ./Drivers/STM32F4xx_HAL_Driver/Src/stm32f4xx_hal_tim_ex.o
                0x0000000008004ae0                HAL_TIMEx_ConfigBreakDeadTime
 .text.HAL_TIMEx_CommutCallback
                0x0000000008004b84       0x14 ./Drivers/STM32F4xx_HAL_Driver/Src/stm32f4xx_hal_tim_ex.o
                0x0000000008004b84                HAL_TIMEx_CommutCallback
 .text.HAL_TIMEx_BreakCallback
                0x0000000008004b98       0x14 ./Drivers/STM32F4xx_HAL_Driver/Src/stm32f4xx_hal_tim_ex.o
                0x0000000008004b98                HAL_TIMEx_BreakCallback
 .text.HAL_UART_Init
                0x0000000008004bac       0x9a ./Drivers/STM32F4xx_HAL_Driver/Src/stm32f4xx_hal_uart.o
                0x0000000008004bac                HAL_UART_Init
 .text.HAL_UART_Receive_IT
                0x0000000008004c46       0x60 ./Drivers/STM32F4xx_HAL_Driver/Src/stm32f4xx_hal_uart.o
                0x0000000008004c46                HAL_UART_Receive_IT
 *fill*         0x0000000008004ca6        0x2 
 .text.HAL_UART_IRQHandler
                0x0000000008004ca8      0x51c ./Drivers/STM32F4xx_HAL_Driver/Src/stm32f4xx_hal_uart.o
                0x0000000008004ca8                HAL_UART_IRQHandler
 .text.HAL_UART_TxCpltCallback
                0x00000000080051c4       0x14 ./Drivers/STM32F4xx_HAL_Driver/Src/stm32f4xx_hal_uart.o
                0x00000000080051c4                HAL_UART_TxCpltCallback
 .text.HAL_UART_ErrorCallback
                0x00000000080051d8       0x14 ./Drivers/STM32F4xx_HAL_Driver/Src/stm32f4xx_hal_uart.o
                0x00000000080051d8                HAL_UART_ErrorCallback
 .text.HAL_UARTEx_RxEventCallback
                0x00000000080051ec       0x18 ./Drivers/STM32F4xx_HAL_Driver/Src/stm32f4xx_hal_uart.o
                0x00000000080051ec                HAL_UARTEx_RxEventCallback
 .text.UART_Start_Receive_IT
                0x0000000008005204       0x74 ./Drivers/STM32F4xx_HAL_Driver/Src/stm32f4xx_hal_uart.o
                0x0000000008005204                UART_Start_Receive_IT
 .text.UART_EndRxTransfer
                0x0000000008005278       0xc6 ./Drivers/STM32F4xx_HAL_Driver/Src/stm32f4xx_hal_uart.o
 .text.UART_DMAAbortOnError
                0x000000000800533e       0x28 ./Drivers/STM32F4xx_HAL_Driver/Src/stm32f4xx_hal_uart.o
 .text.UART_Transmit_IT
                0x0000000008005366       0xa0 ./Drivers/STM32F4xx_HAL_Driver/Src/stm32f4xx_hal_uart.o
 .text.UART_EndTransmit_IT
                0x0000000008005406       0x30 ./Drivers/STM32F4xx_HAL_Driver/Src/stm32f4xx_hal_uart.o
 .text.UART_Receive_IT
                0x0000000008005436      0x176 ./Drivers/STM32F4xx_HAL_Driver/Src/stm32f4xx_hal_uart.o
 .text.UART_SetConfig
                0x00000000080055ac      0x390 ./Drivers/STM32F4xx_HAL_Driver/Src/stm32f4xx_hal_uart.o
 .text.main     0x000000000800593c       0x28 ./Source/App/main.o
                0x000000000800593c                main
 .text.HAL_UART_RxCpltCallback
                0x0000000008005964       0x50 ./Source/App/main.o
                0x0000000008005964                HAL_UART_RxCpltCallback
 .text.EXTI9_5_IRQHandler
                0x00000000080059b4        0xe ./Source/App/main.o
                0x00000000080059b4                EXTI9_5_IRQHandler
 .text.HAL_GPIO_EXTI_Callback
                0x00000000080059c2       0x16 ./Source/App/main.o
                0x00000000080059c2                HAL_GPIO_EXTI_Callback
 .text.checkRobotStopCondition
                0x00000000080059d8       0xe2 ./Source/App/main.o
                0x00000000080059d8                checkRobotStopCondition
 *fill*         0x0000000008005aba        0x2 
 .text.TIM4_IRQHandler
                0x0000000008005abc       0x18 ./Source/App/main.o
                0x0000000008005abc                TIM4_IRQHandler
 .text.USART1_IRQHandler
                0x0000000008005ad4       0x14 ./Source/App/main.o
                0x0000000008005ad4                USART1_IRQHandler
 .text.MPU6050_dmpDataReady
                0x0000000008005ae8        0xc ./Source/App/maincpp.o
                0x0000000008005ae8                MPU6050_dmpDataReady
 .text.MPU6050_GetYawValue
                0x0000000008005af4       0x2c ./Source/App/maincpp.o
                0x0000000008005af4                MPU6050_GetYawValue
 .text.SystemClock_Config
                0x0000000008005b20       0xd0 ./Source/Driver/dc-Driver.o
                0x0000000008005b20                SystemClock_Config
 .text.MX_TIM1_Init
                0x0000000008005bf0      0x154 ./Source/Driver/dc-Driver.o
 .text.MX_TIM3_Init
                0x0000000008005d44       0x9c ./Source/Driver/dc-Driver.o
 .text.MX_TIM2_Init
                0x0000000008005de0       0xf8 ./Source/Driver/dc-Driver.o
 .text.MX_GPIO_Init
                0x0000000008005ed8       0xe8 ./Source/Driver/dc-Driver.o
 .text.MX_TIM4_Init
                0x0000000008005fc0       0x9c ./Source/Driver/dc-Driver.o
 .text.MX_I2C1_Init
                0x000000000800605c       0x5c ./Source/Driver/dc-Driver.o
                0x000000000800605c                MX_I2C1_Init
 .text.MX_USART1_UART_Init
                0x00000000080060b8       0x54 ./Source/Driver/dc-Driver.o
 .text.Error_Handler
                0x000000000800610c        0xa ./Source/Driver/dc-Driver.o
                0x000000000800610c                Error_Handler
 *fill*         0x0000000008006116        0x2 
 .text.DcControlSetup
                0x0000000008006118       0x74 ./Source/Driver/dc-Driver.o
                0x0000000008006118                DcControlSetup
 .text.dcControl
                0x000000000800618c       0x56 ./Source/Driver/dc-Driver.o
                0x000000000800618c                dcControl
 *fill*         0x00000000080061e2        0x2 
 .text.dc1_speed_PID
                0x00000000080061e4      0x128 ./Source/Mid/DcControl.o
                0x00000000080061e4                dc1_speed_PID
 .text.dc2_speed_PID
                0x000000000800630c      0x128 ./Source/Mid/DcControl.o
                0x000000000800630c                dc2_speed_PID
 .text.TIM2_IRQHandler
                0x0000000008006434       0x14 ./Source/Mid/DcControl.o
                0x0000000008006434                TIM2_IRQHandler
 .text.HAL_TIM_IC_CaptureCallback
                0x0000000008006448       0xd0 ./Source/Mid/DcControl.o
                0x0000000008006448                HAL_TIM_IC_CaptureCallback
 .text.TIM3_IRQHandler
                0x0000000008006518       0x14 ./Source/Mid/DcControl.o
                0x0000000008006518                TIM3_IRQHandler
 .text.HAL_TIM_PeriodElapsedCallback
                0x000000000800652c       0x3c ./Source/Mid/DcControl.o
                0x000000000800652c                HAL_TIM_PeriodElapsedCallback
 .text.checkDcStatus
                0x0000000008006568       0x68 ./Source/Mid/DcControl.o
 .text.dc1_RotateClockWise
                0x00000000080065d0       0x98 ./Source/Mid/DcControl.o
                0x00000000080065d0                dc1_RotateClockWise
 .text.dc1_Stop
                0x0000000008006668       0x2c ./Source/Mid/DcControl.o
                0x0000000008006668                dc1_Stop
 .text.dc2_RotateClockWise
                0x0000000008006694       0x98 ./Source/Mid/DcControl.o
                0x0000000008006694                dc2_RotateClockWise
 .text.dc2_Stop
                0x000000000800672c       0x2c ./Source/Mid/DcControl.o
                0x000000000800672c                dc2_Stop
 .text.robot_stop
                0x0000000008006758       0x20 ./Source/Mid/RobotControl.o
                0x0000000008006758                robot_stop
 .text.robot_rotateright
                0x0000000008006778       0x24 ./Source/Mid/RobotControl.o
                0x0000000008006778                robot_rotateright
 .text.getRobotState
                0x000000000800679c       0x7c ./Source/Mid/RobotControl.o
                0x000000000800679c                getRobotState
 .text.isRun_distance
                0x0000000008006818       0x18 ./Source/Mid/RobotControl.o
                0x0000000008006818                isRun_distance
 .text.getDc1PulseCount
                0x0000000008006830       0x18 ./Source/Mid/RobotControl.o
                0x0000000008006830                getDc1PulseCount
 .text.getDc2PulseCount
                0x0000000008006848       0x18 ./Source/Mid/RobotControl.o
                0x0000000008006848                getDc2PulseCount
 .text.resetPulse_distance
                0x0000000008006860       0x4c ./Source/Mid/RobotControl.o
                0x0000000008006860                resetPulse_distance
 .text.getDc1Despulse
                0x00000000080068ac       0x18 ./Source/Mid/RobotControl.o
                0x00000000080068ac                getDc1Despulse
 .text.getDc2Despulse
                0x00000000080068c4       0x18 ./Source/Mid/RobotControl.o
                0x00000000080068c4                getDc2Despulse
 .text.isRobotRotate
                0x00000000080068dc       0x18 ./Source/Mid/RobotControl.o
                0x00000000080068dc                isRobotRotate
 .text.robot_rotateright_angle
                0x00000000080068f4       0x70 ./Source/Mid/RobotControl.o
                0x00000000080068f4                robot_rotateright_angle
 .text.robot_get_current_angle
                0x0000000008006964       0x1c ./Source/Mid/RobotControl.o
                0x0000000008006964                robot_get_current_angle
 .text.robot_get_des_angle
                0x0000000008006980       0x1c ./Source/Mid/RobotControl.o
                0x0000000008006980                robot_get_des_angle
 .text._ZSt4atanf
                0x000000000800699c       0x20 ./Source/Mid/MPU6050/App/MPU6050-App/MPU6050-App.o
                0x000000000800699c                std::atan(float)
 .text._ZSt5atan2ff
                0x00000000080069bc       0x28 ./Source/Mid/MPU6050/App/MPU6050-App/MPU6050-App.o
                0x00000000080069bc                std::atan2(float, float)
 .text._ZSt4sqrtf
                0x00000000080069e4       0x20 ./Source/Mid/MPU6050/App/MPU6050-App/MPU6050-App.o
                0x00000000080069e4                std::sqrt(float)
 .text._ZN10QuaternionC2Ev
                0x0000000008006a04       0x36 ./Source/Mid/MPU6050/App/MPU6050-App/MPU6050-App.o
                0x0000000008006a04                Quaternion::Quaternion()
                0x0000000008006a04                Quaternion::Quaternion()
 .text._ZN11VectorInt16C2Ev
                0x0000000008006a3a       0x28 ./Source/Mid/MPU6050/App/MPU6050-App/MPU6050-App.o
                0x0000000008006a3a                VectorInt16::VectorInt16()
                0x0000000008006a3a                VectorInt16::VectorInt16()
 .text._ZN11VectorFloatC2Ev
                0x0000000008006a62       0x2e ./Source/Mid/MPU6050/App/MPU6050-App/MPU6050-App.o
                0x0000000008006a62                VectorFloat::VectorFloat()
                0x0000000008006a62                VectorFloat::VectorFloat()
 .text._ZN7MPU605016dmpGetQuaternionEPsPKh
                0x0000000008006a90       0xa2 ./Source/Mid/MPU6050/App/MPU6050-App/MPU6050-App.o
                0x0000000008006a90                MPU6050::dmpGetQuaternion(short*, unsigned char const*)
 *fill*         0x0000000008006b32        0x2 
 .text._ZN7MPU605016dmpGetQuaternionEP10QuaternionPKh
                0x0000000008006b34       0xa0 ./Source/Mid/MPU6050/App/MPU6050-App/MPU6050-App.o
                0x0000000008006b34                MPU6050::dmpGetQuaternion(Quaternion*, unsigned char const*)
 .text._ZN7MPU605013dmpGetGravityEP11VectorFloatP10Quaternion
                0x0000000008006bd4       0xc8 ./Source/Mid/MPU6050/App/MPU6050-App/MPU6050-App.o
                0x0000000008006bd4                MPU6050::dmpGetGravity(VectorFloat*, Quaternion*)
 .text._ZN7MPU605018dmpGetYawPitchRollEPfP10QuaternionP11VectorFloat
                0x0000000008006c9c      0x134 ./Source/Mid/MPU6050/App/MPU6050-App/MPU6050-App.o
                0x0000000008006c9c                MPU6050::dmpGetYawPitchRoll(float*, Quaternion*, VectorFloat*)
 .text._Z16MPU_dmpDataReadyv
                0x0000000008006dd0       0x18 ./Source/Mid/MPU6050/App/MPU6050-App/MPU6050-App.o
                0x0000000008006dd0                MPU_dmpDataReady()
 .text._ZL7readDMPv
                0x0000000008006de8       0xf0 ./Source/Mid/MPU6050/App/MPU6050-App/MPU6050-App.o
 .text._Z19MPU_GetYawPitchRollR10YPRAngle_t
                0x0000000008006ed8       0xe4 ./Source/Mid/MPU6050/App/MPU6050-App/MPU6050-App.o
                0x0000000008006ed8                MPU_GetYawPitchRoll(YPRAngle_t&)
 .text._Z41__static_initialization_and_destruction_0ii
                0x0000000008006fbc       0x54 ./Source/Mid/MPU6050/App/MPU6050-App/MPU6050-App.o
 .text._GLOBAL__sub_I__ZN7MPU605013dmpInitializeEv
                0x0000000008007010       0x10 ./Source/Mid/MPU6050/App/MPU6050-App/MPU6050-App.o
 .text._Z15I2Cdev_readBytehhPht
                0x0000000008007020       0x30 ./Source/Mid/MPU6050/Driver/I2CDev/I2Cdev.o
                0x0000000008007020                I2Cdev_readByte(unsigned char, unsigned char, unsigned char*, unsigned short)
 .text._Z16I2Cdev_readByteshhhPht
                0x0000000008007050       0x7c ./Source/Mid/MPU6050/Driver/I2CDev/I2Cdev.o
                0x0000000008007050                I2Cdev_readBytes(unsigned char, unsigned char, unsigned char, unsigned char*, unsigned short)
 .text._Z15I2Cdev_writeBithhhh
                0x00000000080070cc       0x80 ./Source/Mid/MPU6050/Driver/I2CDev/I2Cdev.o
                0x00000000080070cc                I2Cdev_writeBit(unsigned char, unsigned char, unsigned char, unsigned char)
 .text._Z16I2Cdev_writeBytehhh
                0x000000000800714c       0x28 ./Source/Mid/MPU6050/Driver/I2CDev/I2Cdev.o
                0x000000000800714c                I2Cdev_writeByte(unsigned char, unsigned char, unsigned char)
 .text._Z17I2Cdev_writeByteshhhPh
                0x0000000008007174       0x58 ./Source/Mid/MPU6050/Driver/I2CDev/I2Cdev.o
                0x0000000008007174                I2Cdev_writeBytes(unsigned char, unsigned char, unsigned char, unsigned char*)
 .text._ZN7MPU6050C2Ev
                0x00000000080071cc       0x1c ./Source/Mid/MPU6050/Mid/MPU6050/MPU6050.o
                0x00000000080071cc                MPU6050::MPU6050()
                0x00000000080071cc                MPU6050::MPU6050()
 .text._ZN7MPU605012getIntStatusEv
                0x00000000080071e8       0x24 ./Source/Mid/MPU6050/Mid/MPU6050/MPU6050.o
                0x00000000080071e8                MPU6050::getIntStatus()
 .text._ZN7MPU60509resetFIFOEv
                0x000000000800720c       0x1e ./Source/Mid/MPU6050/Mid/MPU6050/MPU6050.o
                0x000000000800720c                MPU6050::resetFIFO()
 .text._ZN7MPU605012getFIFOCountEv
                0x000000000800722a       0x38 ./Source/Mid/MPU6050/Mid/MPU6050/MPU6050.o
                0x000000000800722a                MPU6050::getFIFOCount()
 .text._ZN7MPU605012getFIFOBytesEPhh
                0x0000000008007262       0x28 ./Source/Mid/MPU6050/Mid/MPU6050/MPU6050.o
                0x0000000008007262                MPU6050::getFIFOBytes(unsigned char*, unsigned char)
 *fill*         0x000000000800728a        0x2 
 .text.atanf    0x000000000800728c      0x1a8 c:/st/stm32cubeide_1.7.0/stm32cubeide/plugins/com.st.stm32cube.ide.mcu.externaltools.gnu-tools-for-stm32.9-2020-q2-update.win32_2.0.0.202105311346/tools/bin/../lib/gcc/arm-none-eabi/9.3.1/../../../../arm-none-eabi/lib/thumb/v7e-m+fp/hard\libm.a(lib_a-sf_atan.o)
                0x000000000800728c                atanf
 .text.fabsf    0x0000000008007434        0xe c:/st/stm32cubeide_1.7.0/stm32cubeide/plugins/com.st.stm32cube.ide.mcu.externaltools.gnu-tools-for-stm32.9-2020-q2-update.win32_2.0.0.202105311346/tools/bin/../lib/gcc/arm-none-eabi/9.3.1/../../../../arm-none-eabi/lib/thumb/v7e-m+fp/hard\libm.a(lib_a-sf_fabs.o)
                0x0000000008007434                fabsf
 *fill*         0x0000000008007442        0x2 
 .text.roundf   0x0000000008007444       0x4c c:/st/stm32cubeide_1.7.0/stm32cubeide/plugins/com.st.stm32cube.ide.mcu.externaltools.gnu-tools-for-stm32.9-2020-q2-update.win32_2.0.0.202105311346/tools/bin/../lib/gcc/arm-none-eabi/9.3.1/../../../../arm-none-eabi/lib/thumb/v7e-m+fp/hard\libm.a(lib_a-sf_round.o)
                0x0000000008007444                roundf
 .text.atan2f   0x0000000008007490        0x4 c:/st/stm32cubeide_1.7.0/stm32cubeide/plugins/com.st.stm32cube.ide.mcu.externaltools.gnu-tools-for-stm32.9-2020-q2-update.win32_2.0.0.202105311346/tools/bin/../lib/gcc/arm-none-eabi/9.3.1/../../../../arm-none-eabi/lib/thumb/v7e-m+fp/hard\libm.a(lib_a-wf_atan2.o)
                0x0000000008007490                atan2f
 .text.sqrtf    0x0000000008007494       0x4c c:/st/stm32cubeide_1.7.0/stm32cubeide/plugins/com.st.stm32cube.ide.mcu.externaltools.gnu-tools-for-stm32.9-2020-q2-update.win32_2.0.0.202105311346/tools/bin/../lib/gcc/arm-none-eabi/9.3.1/../../../../arm-none-eabi/lib/thumb/v7e-m+fp/hard\libm.a(lib_a-wf_sqrt.o)
                0x0000000008007494                sqrtf
 .text.__ieee754_atan2f
                0x00000000080074e0      0x140 c:/st/stm32cubeide_1.7.0/stm32cubeide/plugins/com.st.stm32cube.ide.mcu.externaltools.gnu-tools-for-stm32.9-2020-q2-update.win32_2.0.0.202105311346/tools/bin/../lib/gcc/arm-none-eabi/9.3.1/../../../../arm-none-eabi/lib/thumb/v7e-m+fp/hard\libm.a(lib_a-ef_atan2.o)
                0x00000000080074e0                __ieee754_atan2f
 .text.__ieee754_sqrtf
                0x0000000008007620        0x6 c:/st/stm32cubeide_1.7.0/stm32cubeide/plugins/com.st.stm32cube.ide.mcu.externaltools.gnu-tools-for-stm32.9-2020-q2-update.win32_2.0.0.202105311346/tools/bin/../lib/gcc/arm-none-eabi/9.3.1/../../../../arm-none-eabi/lib/thumb/v7e-m+fp/hard\libm.a(lib_a-ef_sqrt.o)
                0x0000000008007620                __ieee754_sqrtf
 *fill*         0x0000000008007626        0x2 
 .text.__errno  0x0000000008007628        0xc c:/st/stm32cubeide_1.7.0/stm32cubeide/plugins/com.st.stm32cube.ide.mcu.externaltools.gnu-tools-for-stm32.9-2020-q2-update.win32_2.0.0.202105311346/tools/bin/../lib/gcc/arm-none-eabi/9.3.1/../../../../arm-none-eabi/lib/thumb/v7e-m+fp/hard\libc_nano.a(lib_a-errno.o)
                0x0000000008007628                __errno
 .text.__libc_init_array
                0x0000000008007634       0x48 c:/st/stm32cubeide_1.7.0/stm32cubeide/plugins/com.st.stm32cube.ide.mcu.externaltools.gnu-tools-for-stm32.9-2020-q2-update.win32_2.0.0.202105311346/tools/bin/../lib/gcc/arm-none-eabi/9.3.1/../../../../arm-none-eabi/lib/thumb/v7e-m+fp/hard\libc_nano.a(lib_a-init.o)
                0x0000000008007634                __libc_init_array
 .text.memset   0x000000000800767c       0x10 c:/st/stm32cubeide_1.7.0/stm32cubeide/plugins/com.st.stm32cube.ide.mcu.externaltools.gnu-tools-for-stm32.9-2020-q2-update.win32_2.0.0.202105311346/tools/bin/../lib/gcc/arm-none-eabi/9.3.1/../../../../arm-none-eabi/lib/thumb/v7e-m+fp/hard\libc_nano.a(lib_a-memset.o)
                0x000000000800767c                memset
 *(.glue_7)
 .glue_7        0x000000000800768c        0x0 linker stubs
 *(.glue_7t)
 .glue_7t       0x000000000800768c        0x0 linker stubs
 *(.eh_frame)
 .eh_frame      0x000000000800768c        0x0 c:/st/stm32cubeide_1.7.0/stm32cubeide/plugins/com.st.stm32cube.ide.mcu.externaltools.gnu-tools-for-stm32.9-2020-q2-update.win32_2.0.0.202105311346/tools/bin/../lib/gcc/arm-none-eabi/9.3.1/thumb/v7e-m+fp/hard/crtbegin.o
 *(.init)
 .init          0x000000000800768c        0x4 c:/st/stm32cubeide_1.7.0/stm32cubeide/plugins/com.st.stm32cube.ide.mcu.externaltools.gnu-tools-for-stm32.9-2020-q2-update.win32_2.0.0.202105311346/tools/bin/../lib/gcc/arm-none-eabi/9.3.1/thumb/v7e-m+fp/hard/crti.o
                0x000000000800768c                _init
 .init          0x0000000008007690        0x8 c:/st/stm32cubeide_1.7.0/stm32cubeide/plugins/com.st.stm32cube.ide.mcu.externaltools.gnu-tools-for-stm32.9-2020-q2-update.win32_2.0.0.202105311346/tools/bin/../lib/gcc/arm-none-eabi/9.3.1/thumb/v7e-m+fp/hard/crtn.o
 *(.fini)
 .fini          0x0000000008007698        0x4 c:/st/stm32cubeide_1.7.0/stm32cubeide/plugins/com.st.stm32cube.ide.mcu.externaltools.gnu-tools-for-stm32.9-2020-q2-update.win32_2.0.0.202105311346/tools/bin/../lib/gcc/arm-none-eabi/9.3.1/thumb/v7e-m+fp/hard/crti.o
                0x0000000008007698                _fini
 .fini          0x000000000800769c        0x8 c:/st/stm32cubeide_1.7.0/stm32cubeide/plugins/com.st.stm32cube.ide.mcu.externaltools.gnu-tools-for-stm32.9-2020-q2-update.win32_2.0.0.202105311346/tools/bin/../lib/gcc/arm-none-eabi/9.3.1/thumb/v7e-m+fp/hard/crtn.o
                0x00000000080076a4                . = ALIGN (0x4)
                0x00000000080076a4                _etext = .

.vfp11_veneer   0x00000000080076a4        0x0
 .vfp11_veneer  0x00000000080076a4        0x0 linker stubs

.v4_bx          0x00000000080076a4        0x0
 .v4_bx         0x00000000080076a4        0x0 linker stubs

.iplt           0x00000000080076a4        0x0
 .iplt          0x00000000080076a4        0x0 c:/st/stm32cubeide_1.7.0/stm32cubeide/plugins/com.st.stm32cube.ide.mcu.externaltools.gnu-tools-for-stm32.9-2020-q2-update.win32_2.0.0.202105311346/tools/bin/../lib/gcc/arm-none-eabi/9.3.1/thumb/v7e-m+fp/hard/crtbegin.o

.rodata         0x00000000080076a4       0x50
                0x00000000080076a4                . = ALIGN (0x4)
 *(.rodata)
 *(.rodata*)
 .rodata.AHBPrescTable
                0x00000000080076a4       0x10 ./Core/Src/system_stm32f4xx.o
                0x00000000080076a4                AHBPrescTable
 .rodata.APBPrescTable
                0x00000000080076b4        0x8 ./Core/Src/system_stm32f4xx.o
                0x00000000080076b4                APBPrescTable
 .rodata.atanhi
                0x00000000080076bc       0x10 c:/st/stm32cubeide_1.7.0/stm32cubeide/plugins/com.st.stm32cube.ide.mcu.externaltools.gnu-tools-for-stm32.9-2020-q2-update.win32_2.0.0.202105311346/tools/bin/../lib/gcc/arm-none-eabi/9.3.1/../../../../arm-none-eabi/lib/thumb/v7e-m+fp/hard\libm.a(lib_a-sf_atan.o)
 .rodata.atanlo
                0x00000000080076cc       0x10 c:/st/stm32cubeide_1.7.0/stm32cubeide/plugins/com.st.stm32cube.ide.mcu.externaltools.gnu-tools-for-stm32.9-2020-q2-update.win32_2.0.0.202105311346/tools/bin/../lib/gcc/arm-none-eabi/9.3.1/../../../../arm-none-eabi/lib/thumb/v7e-m+fp/hard\libm.a(lib_a-sf_atan.o)
 .rodata.CSWTCH.8
                0x00000000080076dc        0xc c:/st/stm32cubeide_1.7.0/stm32cubeide/plugins/com.st.stm32cube.ide.mcu.externaltools.gnu-tools-for-stm32.9-2020-q2-update.win32_2.0.0.202105311346/tools/bin/../lib/gcc/arm-none-eabi/9.3.1/../../../../arm-none-eabi/lib/thumb/v7e-m+fp/hard\libm.a(lib_a-ef_atan2.o)
 .rodata.CSWTCH.9
                0x00000000080076e8        0xc c:/st/stm32cubeide_1.7.0/stm32cubeide/plugins/com.st.stm32cube.ide.mcu.externaltools.gnu-tools-for-stm32.9-2020-q2-update.win32_2.0.0.202105311346/tools/bin/../lib/gcc/arm-none-eabi/9.3.1/../../../../arm-none-eabi/lib/thumb/v7e-m+fp/hard\libm.a(lib_a-ef_atan2.o)
                0x00000000080076f4                . = ALIGN (0x4)

.ARM.extab      0x00000000080076f4        0x0
                0x00000000080076f4                . = ALIGN (0x4)
 *(.ARM.extab* .gnu.linkonce.armextab.*)
                0x00000000080076f4                . = ALIGN (0x4)

.ARM            0x00000000080076f4        0x8
                0x00000000080076f4                . = ALIGN (0x4)
                0x00000000080076f4                __exidx_start = .
 *(.ARM.exidx*)
 .ARM.exidx     0x00000000080076f4        0x8 c:/st/stm32cubeide_1.7.0/stm32cubeide/plugins/com.st.stm32cube.ide.mcu.externaltools.gnu-tools-for-stm32.9-2020-q2-update.win32_2.0.0.202105311346/tools/bin/../lib/gcc/arm-none-eabi/9.3.1/thumb/v7e-m+fp/hard\libgcc.a(_udivmoddi4.o)
                0x00000000080076fc                __exidx_end = .
                0x00000000080076fc                . = ALIGN (0x4)

.rel.dyn        0x00000000080076fc        0x0
 .rel.iplt      0x00000000080076fc        0x0 c:/st/stm32cubeide_1.7.0/stm32cubeide/plugins/com.st.stm32cube.ide.mcu.externaltools.gnu-tools-for-stm32.9-2020-q2-update.win32_2.0.0.202105311346/tools/bin/../lib/gcc/arm-none-eabi/9.3.1/thumb/v7e-m+fp/hard/crtbegin.o

.preinit_array  0x00000000080076fc        0x0
                0x00000000080076fc                . = ALIGN (0x4)
                0x00000000080076fc                PROVIDE (__preinit_array_start = .)
 *(.preinit_array*)
                0x00000000080076fc                PROVIDE (__preinit_array_end = .)
                0x00000000080076fc                . = ALIGN (0x4)

.init_array     0x00000000080076fc        0x8
                0x00000000080076fc                . = ALIGN (0x4)
                0x00000000080076fc                PROVIDE (__init_array_start = .)
 *(SORT_BY_NAME(.init_array.*))
 *(.init_array*)
 .init_array    0x00000000080076fc        0x4 c:/st/stm32cubeide_1.7.0/stm32cubeide/plugins/com.st.stm32cube.ide.mcu.externaltools.gnu-tools-for-stm32.9-2020-q2-update.win32_2.0.0.202105311346/tools/bin/../lib/gcc/arm-none-eabi/9.3.1/thumb/v7e-m+fp/hard/crtbegin.o
 .init_array    0x0000000008007700        0x4 ./Source/Mid/MPU6050/App/MPU6050-App/MPU6050-App.o
                0x0000000008007704                PROVIDE (__init_array_end = .)
                0x0000000008007704                . = ALIGN (0x4)

.fini_array     0x0000000008007704        0x4
                0x0000000008007704                . = ALIGN (0x4)
                [!provide]                        PROVIDE (__fini_array_start = .)
 *(SORT_BY_NAME(.fini_array.*))
 *(.fini_array*)
 .fini_array    0x0000000008007704        0x4 c:/st/stm32cubeide_1.7.0/stm32cubeide/plugins/com.st.stm32cube.ide.mcu.externaltools.gnu-tools-for-stm32.9-2020-q2-update.win32_2.0.0.202105311346/tools/bin/../lib/gcc/arm-none-eabi/9.3.1/thumb/v7e-m+fp/hard/crtbegin.o
                [!provide]                        PROVIDE (__fini_array_end = .)
                0x0000000008007708                . = ALIGN (0x4)
                0x0000000008007708                _sidata = LOADADDR (.data)

.data           0x0000000020000000       0x74 load address 0x0000000008007708
                0x0000000020000000                . = ALIGN (0x4)
                0x0000000020000000                _sdata = .
 *(.data)
 *(.data*)
 .data.SystemCoreClock
                0x0000000020000000        0x4 ./Core/Src/system_stm32f4xx.o
                0x0000000020000000                SystemCoreClock
 .data.uwTickPrio
                0x0000000020000004        0x4 ./Drivers/STM32F4xx_HAL_Driver/Src/stm32f4xx_hal.o
                0x0000000020000004                uwTickPrio
 .data.uwTickFreq
                0x0000000020000008        0x1 ./Drivers/STM32F4xx_HAL_Driver/Src/stm32f4xx_hal.o
                0x0000000020000008                uwTickFreq
 .data.g_byKp   0x0000000020000009        0x1 ./Source/Mid/DcControl.o
                0x0000000020000009                g_byKp
 .data.g_byKd   0x000000002000000a        0x1 ./Source/Mid/DcControl.o
                0x000000002000000a                g_byKd
 *fill*         0x000000002000000b        0x1 
 .data.I2Cdev_readTimeout
                0x000000002000000c        0x2 ./Source/Mid/MPU6050/Driver/I2CDev/I2Cdev.o
                0x000000002000000c                I2Cdev_readTimeout
 .data.__fdlib_version
                0x000000002000000e        0x1 c:/st/stm32cubeide_1.7.0/stm32cubeide/plugins/com.st.stm32cube.ide.mcu.externaltools.gnu-tools-for-stm32.9-2020-q2-update.win32_2.0.0.202105311346/tools/bin/../lib/gcc/arm-none-eabi/9.3.1/../../../../arm-none-eabi/lib/thumb/v7e-m+fp/hard\libm.a(lib_a-s_lib_ver.o)
                0x000000002000000e                __fdlib_version
 *fill*         0x000000002000000f        0x1 
 .data._impure_ptr
                0x0000000020000010        0x4 c:/st/stm32cubeide_1.7.0/stm32cubeide/plugins/com.st.stm32cube.ide.mcu.externaltools.gnu-tools-for-stm32.9-2020-q2-update.win32_2.0.0.202105311346/tools/bin/../lib/gcc/arm-none-eabi/9.3.1/../../../../arm-none-eabi/lib/thumb/v7e-m+fp/hard\libc_nano.a(lib_a-impure.o)
                0x0000000020000010                _impure_ptr
 .data.impure_data
                0x0000000020000014       0x60 c:/st/stm32cubeide_1.7.0/stm32cubeide/plugins/com.st.stm32cube.ide.mcu.externaltools.gnu-tools-for-stm32.9-2020-q2-update.win32_2.0.0.202105311346/tools/bin/../lib/gcc/arm-none-eabi/9.3.1/../../../../arm-none-eabi/lib/thumb/v7e-m+fp/hard\libc_nano.a(lib_a-impure.o)
 *(.RamFunc)
 *(.RamFunc*)
                0x0000000020000074                . = ALIGN (0x4)
                0x0000000020000074                _edata = .
                0x000000000800777c                _siccmram = LOADADDR (.ccmram)

.igot.plt       0x0000000020000074        0x0 load address 0x000000000800777c
 .igot.plt      0x0000000020000074        0x0 c:/st/stm32cubeide_1.7.0/stm32cubeide/plugins/com.st.stm32cube.ide.mcu.externaltools.gnu-tools-for-stm32.9-2020-q2-update.win32_2.0.0.202105311346/tools/bin/../lib/gcc/arm-none-eabi/9.3.1/thumb/v7e-m+fp/hard/crtbegin.o

.ccmram         0x0000000010000000        0x0 load address 0x000000000800777c
                0x0000000010000000                . = ALIGN (0x4)
                0x0000000010000000                _sccmram = .
 *(.ccmram)
 *(.ccmram*)
                0x0000000010000000                . = ALIGN (0x4)
                0x0000000010000000                _eccmram = .
                0x0000000010000000                . = ALIGN (0x4)

.bss            0x0000000020000074      0x304
                0x0000000020000074                _sbss = .
                0x0000000020000074                __bss_start__ = _sbss
 *(.bss)
 .bss           0x0000000020000074       0x1c c:/st/stm32cubeide_1.7.0/stm32cubeide/plugins/com.st.stm32cube.ide.mcu.externaltools.gnu-tools-for-stm32.9-2020-q2-update.win32_2.0.0.202105311346/tools/bin/../lib/gcc/arm-none-eabi/9.3.1/thumb/v7e-m+fp/hard/crtbegin.o
 *(.bss*)
 .bss.count.9308
                0x0000000020000090        0x4 ./Source/App/main.o
 .bss.htim1     0x0000000020000094       0x48 ./Source/App/maincpp.o
                0x0000000020000094                htim1
 .bss.htim2     0x00000000200000dc       0x48 ./Source/App/maincpp.o
                0x00000000200000dc                htim2
 .bss.htim3     0x0000000020000124       0x48 ./Source/App/maincpp.o
                0x0000000020000124                htim3
 .bss.htim4     0x000000002000016c       0x48 ./Source/App/maincpp.o
                0x000000002000016c                htim4
 .bss.hi2c1     0x00000000200001b4       0x54 ./Source/App/maincpp.o
                0x00000000200001b4                hi2c1
 .bss.huart1    0x0000000020000208       0x44 ./Source/App/maincpp.o
                0x0000000020000208                huart1
 .bss.y         0x000000002000024c        0xc ./Source/App/maincpp.o
                0x000000002000024c                y
 .bss.g_byKi    0x0000000020000258        0x1 ./Source/Mid/DcControl.o
                0x0000000020000258                g_byKi
 *fill*         0x0000000020000259        0x3 
 .bss.g_iwpPartDc1
                0x000000002000025c        0x4 ./Source/Mid/DcControl.o
                0x000000002000025c                g_iwpPartDc1
 .bss.g_iwdPartDc1
                0x0000000020000260        0x4 ./Source/Mid/DcControl.o
                0x0000000020000260                g_iwdPartDc1
 .bss.g_iwiPartDc1
                0x0000000020000264        0x4 ./Source/Mid/DcControl.o
                0x0000000020000264                g_iwiPartDc1
 .bss.g_iwpPartDc2
                0x0000000020000268        0x4 ./Source/Mid/DcControl.o
                0x0000000020000268                g_iwpPartDc2
 .bss.g_iwdPartDc2
                0x000000002000026c        0x4 ./Source/Mid/DcControl.o
                0x000000002000026c                g_iwdPartDc2
 .bss.g_iwiPartDc2
                0x0000000020000270        0x4 ./Source/Mid/DcControl.o
                0x0000000020000270                g_iwiPartDc2
 .bss.g_DirectionDc1
                0x0000000020000274        0x1 ./Source/Mid/DcControl.o
                0x0000000020000274                g_DirectionDc1
 .bss.g_DirectionDc2
                0x0000000020000275        0x1 ./Source/Mid/DcControl.o
                0x0000000020000275                g_DirectionDc2
 .bss.g_boDmpReady
                0x0000000020000276        0x1 ./Source/Mid/MPU6050/App/MPU6050-App/MPU6050-App.o
                0x0000000020000276                g_boDmpReady
 *fill*         0x0000000020000277        0x1 
 .bss.g_wPacketSize
                0x0000000020000278        0x2 ./Source/Mid/MPU6050/App/MPU6050-App/MPU6050-App.o
                0x0000000020000278                g_wPacketSize
 .bss.g_wFifoCount
                0x000000002000027a        0x2 ./Source/Mid/MPU6050/App/MPU6050-App/MPU6050-App.o
                0x000000002000027a                g_wFifoCount
 .bss.g_byFifoBuffer
                0x000000002000027c       0x40 ./Source/Mid/MPU6050/App/MPU6050-App/MPU6050-App.o
                0x000000002000027c                g_byFifoBuffer
 .bss.g_q       0x00000000200002bc       0x10 ./Source/Mid/MPU6050/App/MPU6050-App/MPU6050-App.o
                0x00000000200002bc                g_q
 .bss.g_Aa      0x00000000200002cc        0x6 ./Source/Mid/MPU6050/App/MPU6050-App/MPU6050-App.o
                0x00000000200002cc                g_Aa
 *fill*         0x00000000200002d2        0x2 
 .bss.g_AaReal  0x00000000200002d4        0x6 ./Source/Mid/MPU6050/App/MPU6050-App/MPU6050-App.o
                0x00000000200002d4                g_AaReal
 *fill*         0x00000000200002da        0x2 
 .bss.g_gravity
                0x00000000200002dc        0xc ./Source/Mid/MPU6050/App/MPU6050-App/MPU6050-App.o
                0x00000000200002dc                g_gravity
 .bss.g_ypr     0x00000000200002e8        0xc ./Source/Mid/MPU6050/App/MPU6050-App/MPU6050-App.o
                0x00000000200002e8                g_ypr
 .bss.g_mpu     0x00000000200002f4       0x18 ./Source/Mid/MPU6050/App/MPU6050-App/MPU6050-App.o
                0x00000000200002f4                g_mpu
 .bss.g_boMpuInterrupt
                0x000000002000030c        0x1 ./Source/Mid/MPU6050/App/MPU6050-App/MPU6050-App.o
                0x000000002000030c                g_boMpuInterrupt
 .bss.g_byMpuIntStatus
                0x000000002000030d        0x1 ./Source/Mid/MPU6050/App/MPU6050-App/MPU6050-App.o
                0x000000002000030d                g_byMpuIntStatus
 *fill*         0x000000002000030e        0x2 
 .bss._ZL11I2Cdev_hi2c
                0x0000000020000310        0x4 ./Source/Mid/MPU6050/Driver/I2CDev/I2Cdev.o
 *(COMMON)
 COMMON         0x0000000020000314        0x4 ./Drivers/STM32F4xx_HAL_Driver/Src/stm32f4xx_hal.o
                0x0000000020000314                uwTick
 COMMON         0x0000000020000318       0x13 ./Source/App/main.o
                0x0000000020000318                pData
                0x0000000020000324                data
                0x0000000020000328                g_wDespulse
                0x000000002000032a                g_robotState
 *fill*         0x000000002000032b        0x1 
 COMMON         0x000000002000032c       0x40 ./Source/Mid/DcControl.o
                0x000000002000032c                g_iwErrDc1
                0x0000000020000330                g_iwRpmDc1
                0x0000000020000334                g_dc2_pulse_count
                0x0000000020000338                g_dc1_pulse
                0x000000002000033c                g_iwPulseDc1
                0x0000000020000340                g_iwdesPulseDc2
                0x0000000020000344                g_run_distance
                0x0000000020000348                g_iwErrDc2
                0x000000002000034c                g_iwRpmDc2
                0x0000000020000350                g_dc2_pulse
                0x0000000020000354                g_iwPreErrDc1
                0x0000000020000358                g_iwPulseDc2
                0x000000002000035c                g_iwOutputDc1
                0x0000000020000360                g_iwPreErrDc2
                0x0000000020000364                g_dc1_pulse_count
                0x0000000020000368                g_iwOutputDc2
 COMMON         0x000000002000036c        0xc ./Source/Mid/RobotControl.o
                0x000000002000036c                g_des_angle
                0x0000000020000370                g_rotate
                0x0000000020000374                g_current_angle
                0x0000000020000378                . = ALIGN (0x4)
                0x0000000020000378                _ebss = .
                0x0000000020000378                __bss_end__ = _ebss

._user_heap_stack
                0x0000000020000378      0x600
                0x0000000020000378                . = ALIGN (0x8)
                [!provide]                        PROVIDE (end = .)
                0x0000000020000378                PROVIDE (_end = .)
                0x0000000020000578                . = (. + _Min_Heap_Size)
 *fill*         0x0000000020000378      0x200 
                0x0000000020000978                . = (. + _Min_Stack_Size)
 *fill*         0x0000000020000578      0x400 
                0x0000000020000978                . = ALIGN (0x8)

/DISCARD/
 libc.a(*)
 libm.a(*)
 libgcc.a(*)

.ARM.attributes
                0x0000000000000000       0x30
 *(.ARM.attributes)
 .ARM.attributes
                0x0000000000000000       0x1e c:/st/stm32cubeide_1.7.0/stm32cubeide/plugins/com.st.stm32cube.ide.mcu.externaltools.gnu-tools-for-stm32.9-2020-q2-update.win32_2.0.0.202105311346/tools/bin/../lib/gcc/arm-none-eabi/9.3.1/thumb/v7e-m+fp/hard/crti.o
 .ARM.attributes
                0x000000000000001e       0x34 c:/st/stm32cubeide_1.7.0/stm32cubeide/plugins/com.st.stm32cube.ide.mcu.externaltools.gnu-tools-for-stm32.9-2020-q2-update.win32_2.0.0.202105311346/tools/bin/../lib/gcc/arm-none-eabi/9.3.1/thumb/v7e-m+fp/hard/crtbegin.o
 .ARM.attributes
                0x0000000000000052       0x34 ./Core/Src/stm32f4xx_hal_msp.o
 .ARM.attributes
                0x0000000000000086       0x34 ./Core/Src/stm32f4xx_it.o
 .ARM.attributes
                0x00000000000000ba       0x34 ./Core/Src/system_stm32f4xx.o
 .ARM.attributes
                0x00000000000000ee       0x21 ./Core/Startup/startup_stm32f407vgtx.o
 .ARM.attributes
                0x000000000000010f       0x34 ./Drivers/STM32F4xx_HAL_Driver/Src/stm32f4xx_hal.o
 .ARM.attributes
                0x0000000000000143       0x34 ./Drivers/STM32F4xx_HAL_Driver/Src/stm32f4xx_hal_cortex.o
 .ARM.attributes
                0x0000000000000177       0x34 ./Drivers/STM32F4xx_HAL_Driver/Src/stm32f4xx_hal_dma.o
 .ARM.attributes
                0x00000000000001ab       0x34 ./Drivers/STM32F4xx_HAL_Driver/Src/stm32f4xx_hal_gpio.o
 .ARM.attributes
                0x00000000000001df       0x34 ./Drivers/STM32F4xx_HAL_Driver/Src/stm32f4xx_hal_i2c.o
 .ARM.attributes
                0x0000000000000213       0x34 ./Drivers/STM32F4xx_HAL_Driver/Src/stm32f4xx_hal_rcc.o
 .ARM.attributes
                0x0000000000000247       0x34 ./Drivers/STM32F4xx_HAL_Driver/Src/stm32f4xx_hal_tim.o
 .ARM.attributes
                0x000000000000027b       0x34 ./Drivers/STM32F4xx_HAL_Driver/Src/stm32f4xx_hal_tim_ex.o
 .ARM.attributes
                0x00000000000002af       0x34 ./Drivers/STM32F4xx_HAL_Driver/Src/stm32f4xx_hal_uart.o
 .ARM.attributes
                0x00000000000002e3       0x34 ./Source/App/main.o
 .ARM.attributes
                0x0000000000000317       0x34 ./Source/App/maincpp.o
 .ARM.attributes
                0x000000000000034b       0x34 ./Source/Driver/dc-Driver.o
 .ARM.attributes
                0x000000000000037f       0x34 ./Source/Mid/DcControl.o
 .ARM.attributes
                0x00000000000003b3       0x34 ./Source/Mid/RobotControl.o
 .ARM.attributes
                0x00000000000003e7       0x34 ./Source/Mid/MPU6050/App/MPU6050-App/MPU6050-App.o
 .ARM.attributes
                0x000000000000041b       0x34 ./Source/Mid/MPU6050/Driver/I2CDev/I2Cdev.o
 .ARM.attributes
                0x000000000000044f       0x34 ./Source/Mid/MPU6050/Mid/MPU6050/MPU6050.o
 .ARM.attributes
                0x0000000000000483       0x34 c:/st/stm32cubeide_1.7.0/stm32cubeide/plugins/com.st.stm32cube.ide.mcu.externaltools.gnu-tools-for-stm32.9-2020-q2-update.win32_2.0.0.202105311346/tools/bin/../lib/gcc/arm-none-eabi/9.3.1/../../../../arm-none-eabi/lib/thumb/v7e-m+fp/hard\libm.a(lib_a-sf_atan.o)
 .ARM.attributes
                0x00000000000004b7       0x34 c:/st/stm32cubeide_1.7.0/stm32cubeide/plugins/com.st.stm32cube.ide.mcu.externaltools.gnu-tools-for-stm32.9-2020-q2-update.win32_2.0.0.202105311346/tools/bin/../lib/gcc/arm-none-eabi/9.3.1/../../../../arm-none-eabi/lib/thumb/v7e-m+fp/hard\libm.a(lib_a-sf_fabs.o)
 .ARM.attributes
                0x00000000000004eb       0x34 c:/st/stm32cubeide_1.7.0/stm32cubeide/plugins/com.st.stm32cube.ide.mcu.externaltools.gnu-tools-for-stm32.9-2020-q2-update.win32_2.0.0.202105311346/tools/bin/../lib/gcc/arm-none-eabi/9.3.1/../../../../arm-none-eabi/lib/thumb/v7e-m+fp/hard\libm.a(lib_a-sf_round.o)
 .ARM.attributes
                0x000000000000051f       0x34 c:/st/stm32cubeide_1.7.0/stm32cubeide/plugins/com.st.stm32cube.ide.mcu.externaltools.gnu-tools-for-stm32.9-2020-q2-update.win32_2.0.0.202105311346/tools/bin/../lib/gcc/arm-none-eabi/9.3.1/../../../../arm-none-eabi/lib/thumb/v7e-m+fp/hard\libm.a(lib_a-wf_atan2.o)
 .ARM.attributes
                0x0000000000000553       0x34 c:/st/stm32cubeide_1.7.0/stm32cubeide/plugins/com.st.stm32cube.ide.mcu.externaltools.gnu-tools-for-stm32.9-2020-q2-update.win32_2.0.0.202105311346/tools/bin/../lib/gcc/arm-none-eabi/9.3.1/../../../../arm-none-eabi/lib/thumb/v7e-m+fp/hard\libm.a(lib_a-wf_sqrt.o)
 .ARM.attributes
                0x0000000000000587       0x34 c:/st/stm32cubeide_1.7.0/stm32cubeide/plugins/com.st.stm32cube.ide.mcu.externaltools.gnu-tools-for-stm32.9-2020-q2-update.win32_2.0.0.202105311346/tools/bin/../lib/gcc/arm-none-eabi/9.3.1/../../../../arm-none-eabi/lib/thumb/v7e-m+fp/hard\libm.a(lib_a-ef_atan2.o)
 .ARM.attributes
                0x00000000000005bb       0x34 c:/st/stm32cubeide_1.7.0/stm32cubeide/plugins/com.st.stm32cube.ide.mcu.externaltools.gnu-tools-for-stm32.9-2020-q2-update.win32_2.0.0.202105311346/tools/bin/../lib/gcc/arm-none-eabi/9.3.1/../../../../arm-none-eabi/lib/thumb/v7e-m+fp/hard\libm.a(lib_a-ef_sqrt.o)
 .ARM.attributes
                0x00000000000005ef       0x32 c:/st/stm32cubeide_1.7.0/stm32cubeide/plugins/com.st.stm32cube.ide.mcu.externaltools.gnu-tools-for-stm32.9-2020-q2-update.win32_2.0.0.202105311346/tools/bin/../lib/gcc/arm-none-eabi/9.3.1/../../../../arm-none-eabi/lib/thumb/v7e-m+fp/hard\libm.a(lib_a-s_lib_ver.o)
 .ARM.attributes
                0x0000000000000621       0x34 c:/st/stm32cubeide_1.7.0/stm32cubeide/plugins/com.st.stm32cube.ide.mcu.externaltools.gnu-tools-for-stm32.9-2020-q2-update.win32_2.0.0.202105311346/tools/bin/../lib/gcc/arm-none-eabi/9.3.1/../../../../arm-none-eabi/lib/thumb/v7e-m+fp/hard\libc_nano.a(lib_a-errno.o)
 .ARM.attributes
                0x0000000000000655       0x32 c:/st/stm32cubeide_1.7.0/stm32cubeide/plugins/com.st.stm32cube.ide.mcu.externaltools.gnu-tools-for-stm32.9-2020-q2-update.win32_2.0.0.202105311346/tools/bin/../lib/gcc/arm-none-eabi/9.3.1/../../../../arm-none-eabi/lib/thumb/v7e-m+fp/hard\libc_nano.a(lib_a-impure.o)
 .ARM.attributes
                0x0000000000000687       0x34 c:/st/stm32cubeide_1.7.0/stm32cubeide/plugins/com.st.stm32cube.ide.mcu.externaltools.gnu-tools-for-stm32.9-2020-q2-update.win32_2.0.0.202105311346/tools/bin/../lib/gcc/arm-none-eabi/9.3.1/../../../../arm-none-eabi/lib/thumb/v7e-m+fp/hard\libc_nano.a(lib_a-init.o)
 .ARM.attributes
                0x00000000000006bb       0x34 c:/st/stm32cubeide_1.7.0/stm32cubeide/plugins/com.st.stm32cube.ide.mcu.externaltools.gnu-tools-for-stm32.9-2020-q2-update.win32_2.0.0.202105311346/tools/bin/../lib/gcc/arm-none-eabi/9.3.1/../../../../arm-none-eabi/lib/thumb/v7e-m+fp/hard\libc_nano.a(lib_a-memset.o)
 .ARM.attributes
                0x00000000000006ef       0x1e c:/st/stm32cubeide_1.7.0/stm32cubeide/plugins/com.st.stm32cube.ide.mcu.externaltools.gnu-tools-for-stm32.9-2020-q2-update.win32_2.0.0.202105311346/tools/bin/../lib/gcc/arm-none-eabi/9.3.1/thumb/v7e-m+fp/hard\libgcc.a(_arm_addsubdf3.o)
 .ARM.attributes
                0x000000000000070d       0x1e c:/st/stm32cubeide_1.7.0/stm32cubeide/plugins/com.st.stm32cube.ide.mcu.externaltools.gnu-tools-for-stm32.9-2020-q2-update.win32_2.0.0.202105311346/tools/bin/../lib/gcc/arm-none-eabi/9.3.1/thumb/v7e-m+fp/hard\libgcc.a(_arm_muldivdf3.o)
 .ARM.attributes
                0x000000000000072b       0x1e c:/st/stm32cubeide_1.7.0/stm32cubeide/plugins/com.st.stm32cube.ide.mcu.externaltools.gnu-tools-for-stm32.9-2020-q2-update.win32_2.0.0.202105311346/tools/bin/../lib/gcc/arm-none-eabi/9.3.1/thumb/v7e-m+fp/hard\libgcc.a(_arm_truncdfsf2.o)
 .ARM.attributes
                0x0000000000000749       0x1e c:/st/stm32cubeide_1.7.0/stm32cubeide/plugins/com.st.stm32cube.ide.mcu.externaltools.gnu-tools-for-stm32.9-2020-q2-update.win32_2.0.0.202105311346/tools/bin/../lib/gcc/arm-none-eabi/9.3.1/thumb/v7e-m+fp/hard\libgcc.a(_aeabi_uldivmod.o)
 .ARM.attributes
                0x0000000000000767       0x34 c:/st/stm32cubeide_1.7.0/stm32cubeide/plugins/com.st.stm32cube.ide.mcu.externaltools.gnu-tools-for-stm32.9-2020-q2-update.win32_2.0.0.202105311346/tools/bin/../lib/gcc/arm-none-eabi/9.3.1/thumb/v7e-m+fp/hard\libgcc.a(_udivmoddi4.o)
 .ARM.attributes
                0x000000000000079b       0x1e c:/st/stm32cubeide_1.7.0/stm32cubeide/plugins/com.st.stm32cube.ide.mcu.externaltools.gnu-tools-for-stm32.9-2020-q2-update.win32_2.0.0.202105311346/tools/bin/../lib/gcc/arm-none-eabi/9.3.1/thumb/v7e-m+fp/hard\libgcc.a(_dvmd_tls.o)
 .ARM.attributes
                0x00000000000007b9       0x1e c:/st/stm32cubeide_1.7.0/stm32cubeide/plugins/com.st.stm32cube.ide.mcu.externaltools.gnu-tools-for-stm32.9-2020-q2-update.win32_2.0.0.202105311346/tools/bin/../lib/gcc/arm-none-eabi/9.3.1/thumb/v7e-m+fp/hard/crtn.o
OUTPUT(JGB37-520-v4.elf elf32-littlearm)
LOAD linker stubs
LOAD c:/st/stm32cubeide_1.7.0/stm32cubeide/plugins/com.st.stm32cube.ide.mcu.externaltools.gnu-tools-for-stm32.9-2020-q2-update.win32_2.0.0.202105311346/tools/bin/../lib/gcc/arm-none-eabi/9.3.1/../../../../arm-none-eabi/lib/thumb/v7e-m+fp/hard\libc.a
LOAD c:/st/stm32cubeide_1.7.0/stm32cubeide/plugins/com.st.stm32cube.ide.mcu.externaltools.gnu-tools-for-stm32.9-2020-q2-update.win32_2.0.0.202105311346/tools/bin/../lib/gcc/arm-none-eabi/9.3.1/../../../../arm-none-eabi/lib/thumb/v7e-m+fp/hard\libm.a
LOAD c:/st/stm32cubeide_1.7.0/stm32cubeide/plugins/com.st.stm32cube.ide.mcu.externaltools.gnu-tools-for-stm32.9-2020-q2-update.win32_2.0.0.202105311346/tools/bin/../lib/gcc/arm-none-eabi/9.3.1/thumb/v7e-m+fp/hard\libgcc.a

.debug_info     0x0000000000000000    0x2bef0
 .debug_info    0x0000000000000000     0x13e5 ./Core/Src/stm32f4xx_hal_msp.o
 .debug_info    0x00000000000013e5      0xa63 ./Core/Src/stm32f4xx_it.o
 .debug_info    0x0000000000001e48      0x5a4 ./Core/Src/system_stm32f4xx.o
 .debug_info    0x00000000000023ec       0x22 ./Core/Startup/startup_stm32f407vgtx.o
 .debug_info    0x000000000000240e      0x9b2 ./Drivers/STM32F4xx_HAL_Driver/Src/stm32f4xx_hal.o
 .debug_info    0x0000000000002dc0      0xed7 ./Drivers/STM32F4xx_HAL_Driver/Src/stm32f4xx_hal_cortex.o
 .debug_info    0x0000000000003c97      0x9f1 ./Drivers/STM32F4xx_HAL_Driver/Src/stm32f4xx_hal_dma.o
 .debug_info    0x0000000000004688      0x83e ./Drivers/STM32F4xx_HAL_Driver/Src/stm32f4xx_hal_gpio.o
 .debug_info    0x0000000000004ec6     0x264d ./Drivers/STM32F4xx_HAL_Driver/Src/stm32f4xx_hal_i2c.o
 .debug_info    0x0000000000007513      0x996 ./Drivers/STM32F4xx_HAL_Driver/Src/stm32f4xx_hal_rcc.o
 .debug_info    0x0000000000007ea9     0x2c22 ./Drivers/STM32F4xx_HAL_Driver/Src/stm32f4xx_hal_tim.o
 .debug_info    0x000000000000aacb     0x15a2 ./Drivers/STM32F4xx_HAL_Driver/Src/stm32f4xx_hal_tim_ex.o
 .debug_info    0x000000000000c06d     0x31de ./Drivers/STM32F4xx_HAL_Driver/Src/stm32f4xx_hal_uart.o
 .debug_info    0x000000000000f24b     0x171f ./Source/App/main.o
 .debug_info    0x000000000001096a     0x3ba1 ./Source/App/maincpp.o
 .debug_info    0x000000000001450b     0x17b7 ./Source/Driver/dc-Driver.o
 .debug_info    0x0000000000015cc2     0x1aae ./Source/Mid/DcControl.o
 .debug_info    0x0000000000017770     0x1944 ./Source/Mid/RobotControl.o
 .debug_info    0x00000000000190b4     0x78a7 ./Source/Mid/MPU6050/App/MPU6050-App/MPU6050-App.o
 .debug_info    0x000000000002095b     0x1f60 ./Source/Mid/MPU6050/Driver/I2CDev/I2Cdev.o
 .debug_info    0x00000000000228bb     0x9635 ./Source/Mid/MPU6050/Mid/MPU6050/MPU6050.o

.debug_abbrev   0x0000000000000000     0x3868
 .debug_abbrev  0x0000000000000000      0x206 ./Core/Src/stm32f4xx_hal_msp.o
 .debug_abbrev  0x0000000000000206      0x176 ./Core/Src/stm32f4xx_it.o
 .debug_abbrev  0x000000000000037c      0x145 ./Core/Src/system_stm32f4xx.o
 .debug_abbrev  0x00000000000004c1       0x12 ./Core/Startup/startup_stm32f407vgtx.o
 .debug_abbrev  0x00000000000004d3      0x1ed ./Drivers/STM32F4xx_HAL_Driver/Src/stm32f4xx_hal.o
 .debug_abbrev  0x00000000000006c0      0x33c ./Drivers/STM32F4xx_HAL_Driver/Src/stm32f4xx_hal_cortex.o
 .debug_abbrev  0x00000000000009fc      0x259 ./Drivers/STM32F4xx_HAL_Driver/Src/stm32f4xx_hal_dma.o
 .debug_abbrev  0x0000000000000c55      0x1f1 ./Drivers/STM32F4xx_HAL_Driver/Src/stm32f4xx_hal_gpio.o
 .debug_abbrev  0x0000000000000e46      0x282 ./Drivers/STM32F4xx_HAL_Driver/Src/stm32f4xx_hal_i2c.o
 .debug_abbrev  0x00000000000010c8      0x275 ./Drivers/STM32F4xx_HAL_Driver/Src/stm32f4xx_hal_rcc.o
 .debug_abbrev  0x000000000000133d      0x25e ./Drivers/STM32F4xx_HAL_Driver/Src/stm32f4xx_hal_tim.o
 .debug_abbrev  0x000000000000159b      0x266 ./Drivers/STM32F4xx_HAL_Driver/Src/stm32f4xx_hal_tim_ex.o
 .debug_abbrev  0x0000000000001801      0x2eb ./Drivers/STM32F4xx_HAL_Driver/Src/stm32f4xx_hal_uart.o
 .debug_abbrev  0x0000000000001aec      0x277 ./Source/App/main.o
 .debug_abbrev  0x0000000000001d63      0x3d3 ./Source/App/maincpp.o
 .debug_abbrev  0x0000000000002136      0x276 ./Source/Driver/dc-Driver.o
 .debug_abbrev  0x00000000000023ac      0x2ef ./Source/Mid/DcControl.o
 .debug_abbrev  0x000000000000269b      0x2ff ./Source/Mid/RobotControl.o
 .debug_abbrev  0x000000000000299a      0x689 ./Source/Mid/MPU6050/App/MPU6050-App/MPU6050-App.o
 .debug_abbrev  0x0000000000003023      0x370 ./Source/Mid/MPU6050/Driver/I2CDev/I2Cdev.o
 .debug_abbrev  0x0000000000003393      0x4d5 ./Source/Mid/MPU6050/Mid/MPU6050/MPU6050.o

.debug_aranges  0x0000000000000000     0x1ae8
 .debug_aranges
                0x0000000000000000       0x58 ./Core/Src/stm32f4xx_hal_msp.o
 .debug_aranges
                0x0000000000000058       0x60 ./Core/Src/stm32f4xx_it.o
 .debug_aranges
                0x00000000000000b8       0x28 ./Core/Src/system_stm32f4xx.o
 .debug_aranges
                0x00000000000000e0       0x28 ./Core/Startup/startup_stm32f407vgtx.o
 .debug_aranges
                0x0000000000000108       0xf0 ./Drivers/STM32F4xx_HAL_Driver/Src/stm32f4xx_hal.o
 .debug_aranges
                0x00000000000001f8      0x118 ./Drivers/STM32F4xx_HAL_Driver/Src/stm32f4xx_hal_cortex.o
 .debug_aranges
                0x0000000000000310       0x90 ./Drivers/STM32F4xx_HAL_Driver/Src/stm32f4xx_hal_dma.o
 .debug_aranges
                0x00000000000003a0       0x58 ./Drivers/STM32F4xx_HAL_Driver/Src/stm32f4xx_hal_gpio.o
 .debug_aranges
                0x00000000000003f8      0x2a0 ./Drivers/STM32F4xx_HAL_Driver/Src/stm32f4xx_hal_i2c.o
 .debug_aranges
                0x0000000000000698       0x88 ./Drivers/STM32F4xx_HAL_Driver/Src/stm32f4xx_hal_rcc.o
 .debug_aranges
                0x0000000000000720      0x3d0 ./Drivers/STM32F4xx_HAL_Driver/Src/stm32f4xx_hal_tim.o
 .debug_aranges
                0x0000000000000af0      0x168 ./Drivers/STM32F4xx_HAL_Driver/Src/stm32f4xx_hal_tim_ex.o
 .debug_aranges
                0x0000000000000c58      0x200 ./Drivers/STM32F4xx_HAL_Driver/Src/stm32f4xx_hal_uart.o
 .debug_aranges
                0x0000000000000e58       0x50 ./Source/App/main.o
 .debug_aranges
                0x0000000000000ea8       0x30 ./Source/App/maincpp.o
 .debug_aranges
                0x0000000000000ed8       0x70 ./Source/Driver/dc-Driver.o
 .debug_aranges
                0x0000000000000f48       0x80 ./Source/Mid/DcControl.o
 .debug_aranges
                0x0000000000000fc8       0xb8 ./Source/Mid/RobotControl.o
 .debug_aranges
                0x0000000000001080      0x180 ./Source/Mid/MPU6050/App/MPU6050-App/MPU6050-App.o
 .debug_aranges
                0x0000000000001200       0xa0 ./Source/Mid/MPU6050/Driver/I2CDev/I2Cdev.o
 .debug_aranges
                0x00000000000012a0      0x848 ./Source/Mid/MPU6050/Mid/MPU6050/MPU6050.o

.debug_ranges   0x0000000000000000     0x1a10
 .debug_ranges  0x0000000000000000       0x48 ./Core/Src/stm32f4xx_hal_msp.o
 .debug_ranges  0x0000000000000048       0x50 ./Core/Src/stm32f4xx_it.o
 .debug_ranges  0x0000000000000098       0x18 ./Core/Src/system_stm32f4xx.o
 .debug_ranges  0x00000000000000b0       0x20 ./Core/Startup/startup_stm32f407vgtx.o
 .debug_ranges  0x00000000000000d0       0xe0 ./Drivers/STM32F4xx_HAL_Driver/Src/stm32f4xx_hal.o
 .debug_ranges  0x00000000000001b0      0x108 ./Drivers/STM32F4xx_HAL_Driver/Src/stm32f4xx_hal_cortex.o
 .debug_ranges  0x00000000000002b8       0x80 ./Drivers/STM32F4xx_HAL_Driver/Src/stm32f4xx_hal_dma.o
 .debug_ranges  0x0000000000000338       0x48 ./Drivers/STM32F4xx_HAL_Driver/Src/stm32f4xx_hal_gpio.o
 .debug_ranges  0x0000000000000380      0x2b8 ./Drivers/STM32F4xx_HAL_Driver/Src/stm32f4xx_hal_i2c.o
 .debug_ranges  0x0000000000000638       0x78 ./Drivers/STM32F4xx_HAL_Driver/Src/stm32f4xx_hal_rcc.o
 .debug_ranges  0x00000000000006b0      0x3c0 ./Drivers/STM32F4xx_HAL_Driver/Src/stm32f4xx_hal_tim.o
 .debug_ranges  0x0000000000000a70      0x158 ./Drivers/STM32F4xx_HAL_Driver/Src/stm32f4xx_hal_tim_ex.o
 .debug_ranges  0x0000000000000bc8      0x220 ./Drivers/STM32F4xx_HAL_Driver/Src/stm32f4xx_hal_uart.o
 .debug_ranges  0x0000000000000de8       0x40 ./Source/App/main.o
 .debug_ranges  0x0000000000000e28       0x20 ./Source/App/maincpp.o
 .debug_ranges  0x0000000000000e48       0x60 ./Source/Driver/dc-Driver.o
 .debug_ranges  0x0000000000000ea8       0x70 ./Source/Mid/DcControl.o
 .debug_ranges  0x0000000000000f18       0xa8 ./Source/Mid/RobotControl.o
 .debug_ranges  0x0000000000000fc0      0x188 ./Source/Mid/MPU6050/App/MPU6050-App/MPU6050-App.o
 .debug_ranges  0x0000000000001148       0x90 ./Source/Mid/MPU6050/Driver/I2CDev/I2Cdev.o
 .debug_ranges  0x00000000000011d8      0x838 ./Source/Mid/MPU6050/Mid/MPU6050/MPU6050.o

.debug_macro    0x0000000000000000    0x27c86
 .debug_macro   0x0000000000000000      0x1f2 ./Core/Src/stm32f4xx_hal_msp.o
 .debug_macro   0x00000000000001f2      0xaa8 ./Core/Src/stm32f4xx_hal_msp.o
 .debug_macro   0x0000000000000c9a      0x2a4 ./Core/Src/stm32f4xx_hal_msp.o
 .debug_macro   0x0000000000000f3e       0x2e ./Core/Src/stm32f4xx_hal_msp.o
 .debug_macro   0x0000000000000f6c       0x2f ./Core/Src/stm32f4xx_hal_msp.o
 .debug_macro   0x0000000000000f9b       0x22 ./Core/Src/stm32f4xx_hal_msp.o
 .debug_macro   0x0000000000000fbd       0x8e ./Core/Src/stm32f4xx_hal_msp.o
 .debug_macro   0x000000000000104b       0x51 ./Core/Src/stm32f4xx_hal_msp.o
 .debug_macro   0x000000000000109c      0x103 ./Core/Src/stm32f4xx_hal_msp.o
 .debug_macro   0x000000000000119f       0x6a ./Core/Src/stm32f4xx_hal_msp.o
 .debug_macro   0x0000000000001209      0x1df ./Core/Src/stm32f4xx_hal_msp.o
 .debug_macro   0x00000000000013e8       0x1c ./Core/Src/stm32f4xx_hal_msp.o
 .debug_macro   0x0000000000001404       0x22 ./Core/Src/stm32f4xx_hal_msp.o
 .debug_macro   0x0000000000001426       0xdf ./Core/Src/stm32f4xx_hal_msp.o
 .debug_macro   0x0000000000001505     0x102d ./Core/Src/stm32f4xx_hal_msp.o
 .debug_macro   0x0000000000002532      0x11f ./Core/Src/stm32f4xx_hal_msp.o
 .debug_macro   0x0000000000002651    0x15e58 ./Core/Src/stm32f4xx_hal_msp.o
 .debug_macro   0x00000000000184a9       0x6d ./Core/Src/stm32f4xx_hal_msp.o
 .debug_macro   0x0000000000018516     0x3666 ./Core/Src/stm32f4xx_hal_msp.o
 .debug_macro   0x000000000001bb7c      0x174 ./Core/Src/stm32f4xx_hal_msp.o
 .debug_macro   0x000000000001bcf0       0x5a ./Core/Src/stm32f4xx_hal_msp.o
 .debug_macro   0x000000000001bd4a      0x96b ./Core/Src/stm32f4xx_hal_msp.o
 .debug_macro   0x000000000001c6b5      0x9fe ./Core/Src/stm32f4xx_hal_msp.o
 .debug_macro   0x000000000001d0b3      0x116 ./Core/Src/stm32f4xx_hal_msp.o
 .debug_macro   0x000000000001d1c9      0x13e ./Core/Src/stm32f4xx_hal_msp.o
 .debug_macro   0x000000000001d307       0xa5 ./Core/Src/stm32f4xx_hal_msp.o
 .debug_macro   0x000000000001d3ac      0x174 ./Core/Src/stm32f4xx_hal_msp.o
 .debug_macro   0x000000000001d520      0x287 ./Core/Src/stm32f4xx_hal_msp.o
 .debug_macro   0x000000000001d7a7       0x5f ./Core/Src/stm32f4xx_hal_msp.o
 .debug_macro   0x000000000001d806      0x236 ./Core/Src/stm32f4xx_hal_msp.o
 .debug_macro   0x000000000001da3c      0x12c ./Core/Src/stm32f4xx_hal_msp.o
 .debug_macro   0x000000000001db68      0x21e ./Core/Src/stm32f4xx_hal_msp.o
 .debug_macro   0x000000000001dd86       0x2e ./Core/Src/stm32f4xx_hal_msp.o
 .debug_macro   0x000000000001ddb4      0x1b5 ./Core/Src/stm32f4xx_hal_msp.o
 .debug_macro   0x000000000001df69       0xd6 ./Core/Src/stm32f4xx_hal_msp.o
 .debug_macro   0x000000000001e03f      0x11a ./Core/Src/stm32f4xx_hal_msp.o
 .debug_macro   0x000000000001e159       0x7e ./Core/Src/stm32f4xx_hal_msp.o
 .debug_macro   0x000000000001e1d7       0x89 ./Core/Src/stm32f4xx_hal_msp.o
 .debug_macro   0x000000000001e260      0x8d1 ./Core/Src/stm32f4xx_hal_msp.o
 .debug_macro   0x000000000001eb31       0x47 ./Core/Src/stm32f4xx_hal_msp.o
 .debug_macro   0x000000000001eb78      0x295 ./Core/Src/stm32f4xx_hal_msp.o
 .debug_macro   0x000000000001ee0d      0x12d ./Core/Src/stm32f4xx_hal_msp.o
 .debug_macro   0x000000000001ef3a      0x1fc ./Core/Src/stm32f4xx_it.o
 .debug_macro   0x000000000001f136      0x1e8 ./Core/Src/system_stm32f4xx.o
 .debug_macro   0x000000000001f31e      0x248 ./Drivers/STM32F4xx_HAL_Driver/Src/stm32f4xx_hal.o
 .debug_macro   0x000000000001f566      0x1e8 ./Drivers/STM32F4xx_HAL_Driver/Src/stm32f4xx_hal_cortex.o
 .debug_macro   0x000000000001f74e      0x1ee ./Drivers/STM32F4xx_HAL_Driver/Src/stm32f4xx_hal_dma.o
 .debug_macro   0x000000000001f93c      0x1ee ./Drivers/STM32F4xx_HAL_Driver/Src/stm32f4xx_hal_gpio.o
 .debug_macro   0x000000000001fb2a      0x22f ./Drivers/STM32F4xx_HAL_Driver/Src/stm32f4xx_hal_i2c.o
 .debug_macro   0x000000000001fd59      0x20c ./Drivers/STM32F4xx_HAL_Driver/Src/stm32f4xx_hal_rcc.o
 .debug_macro   0x000000000001ff65      0x1e9 ./Drivers/STM32F4xx_HAL_Driver/Src/stm32f4xx_hal_tim.o
 .debug_macro   0x000000000002014e      0x1e8 ./Drivers/STM32F4xx_HAL_Driver/Src/stm32f4xx_hal_tim_ex.o
 .debug_macro   0x0000000000020336      0x1e9 ./Drivers/STM32F4xx_HAL_Driver/Src/stm32f4xx_hal_uart.o
 .debug_macro   0x000000000002051f      0x2c1 ./Source/App/main.o
 .debug_macro   0x00000000000207e0      0x1a9 ./Source/App/main.o
 .debug_macro   0x0000000000020989       0xd9 ./Source/App/main.o
 .debug_macro   0x0000000000020a62       0x54 ./Source/App/main.o
 .debug_macro   0x0000000000020ab6       0x26 ./Source/App/main.o
 .debug_macro   0x0000000000020adc       0xa6 ./Source/App/main.o
 .debug_macro   0x0000000000020b82       0x16 ./Source/App/main.o
 .debug_macro   0x0000000000020b98       0x10 ./Source/App/main.o
 .debug_macro   0x0000000000020ba8      0x3ca ./Source/App/maincpp.o
 .debug_macro   0x0000000000020f72      0xb80 ./Source/App/maincpp.o
 .debug_macro   0x0000000000021af2       0x1c ./Source/App/maincpp.o
 .debug_macro   0x0000000000021b0e     0x102d ./Source/App/maincpp.o
 .debug_macro   0x0000000000022b3b      0x17b ./Source/App/maincpp.o
 .debug_macro   0x0000000000022cb6      0x17c ./Source/App/maincpp.o
 .debug_macro   0x0000000000022e32       0x10 ./Source/App/maincpp.o
 .debug_macro   0x0000000000022e42      0x41e ./Source/App/maincpp.o
 .debug_macro   0x0000000000023260       0x18 ./Source/App/maincpp.o
 .debug_macro   0x0000000000023278       0x52 ./Source/App/maincpp.o
 .debug_macro   0x00000000000232ca       0x34 ./Source/App/maincpp.o
 .debug_macro   0x00000000000232fe       0x43 ./Source/App/maincpp.o
 .debug_macro   0x0000000000023341       0x16 ./Source/App/maincpp.o
 .debug_macro   0x0000000000023357      0x356 ./Source/App/maincpp.o
 .debug_macro   0x00000000000236ad      0x1a2 ./Source/App/maincpp.o
 .debug_macro   0x000000000002384f       0x10 ./Source/App/maincpp.o
 .debug_macro   0x000000000002385f       0x35 ./Source/App/maincpp.o
 .debug_macro   0x0000000000023894       0x10 ./Source/App/maincpp.o
 .debug_macro   0x00000000000238a4      0x3c7 ./Source/App/maincpp.o
 .debug_macro   0x0000000000023c6b       0xf0 ./Source/App/maincpp.o
 .debug_macro   0x0000000000023d5b       0x16 ./Source/App/maincpp.o
 .debug_macro   0x0000000000023d71       0x20 ./Source/App/maincpp.o
 .debug_macro   0x0000000000023d91       0x1c ./Source/App/maincpp.o
 .debug_macro   0x0000000000023dad      0x878 ./Source/App/maincpp.o
 .debug_macro   0x0000000000024625      0x200 ./Source/Driver/dc-Driver.o
 .debug_macro   0x0000000000024825      0x2ec ./Source/Mid/DcControl.o
 .debug_macro   0x0000000000024b11      0x8cb ./Source/Mid/DcControl.o
 .debug_macro   0x00000000000253dc      0x2b7 ./Source/Mid/RobotControl.o
 .debug_macro   0x0000000000025693      0x4be ./Source/Mid/MPU6050/App/MPU6050-App/MPU6050-App.o
 .debug_macro   0x0000000000025b51       0x16 ./Source/Mid/MPU6050/App/MPU6050-App/MPU6050-App.o
 .debug_macro   0x0000000000025b67       0x97 ./Source/Mid/MPU6050/App/MPU6050-App/MPU6050-App.o
 .debug_macro   0x0000000000025bfe      0x35c ./Source/Mid/MPU6050/App/MPU6050-App/MPU6050-App.o
 .debug_macro   0x0000000000025f5a      0x104 ./Source/Mid/MPU6050/App/MPU6050-App/MPU6050-App.o
 .debug_macro   0x000000000002605e      0x137 ./Source/Mid/MPU6050/App/MPU6050-App/MPU6050-App.o
 .debug_macro   0x0000000000026195       0x10 ./Source/Mid/MPU6050/App/MPU6050-App/MPU6050-App.o
 .debug_macro   0x00000000000261a5       0x1c ./Source/Mid/MPU6050/App/MPU6050-App/MPU6050-App.o
 .debug_macro   0x00000000000261c1       0xde ./Source/Mid/MPU6050/App/MPU6050-App/MPU6050-App.o
 .debug_macro   0x000000000002629f      0x3cd ./Source/Mid/MPU6050/App/MPU6050-App/MPU6050-App.o
 .debug_macro   0x000000000002666c      0x878 ./Source/Mid/MPU6050/App/MPU6050-App/MPU6050-App.o
 .debug_macro   0x0000000000026ee4       0x10 ./Source/Mid/MPU6050/App/MPU6050-App/MPU6050-App.o
 .debug_macro   0x0000000000026ef4      0x460 ./Source/Mid/MPU6050/App/MPU6050-App/MPU6050-App.o
 .debug_macro   0x0000000000027354       0x88 ./Source/Mid/MPU6050/App/MPU6050-App/MPU6050-App.o
 .debug_macro   0x00000000000273dc      0x352 ./Source/Mid/MPU6050/Driver/I2CDev/I2Cdev.o
 .debug_macro   0x000000000002772e       0x1c ./Source/Mid/MPU6050/Driver/I2CDev/I2Cdev.o
 .debug_macro   0x000000000002774a      0x39a ./Source/Mid/MPU6050/Mid/MPU6050/MPU6050.o
 .debug_macro   0x0000000000027ae4      0x10e ./Source/Mid/MPU6050/Mid/MPU6050/MPU6050.o
 .debug_macro   0x0000000000027bf2       0x94 ./Source/Mid/MPU6050/Mid/MPU6050/MPU6050.o

.debug_line     0x0000000000000000    0x1a1d5
 .debug_line    0x0000000000000000      0x89c ./Core/Src/stm32f4xx_hal_msp.o
 .debug_line    0x000000000000089c      0x7ba ./Core/Src/stm32f4xx_it.o
 .debug_line    0x0000000000001056      0x779 ./Core/Src/system_stm32f4xx.o
 .debug_line    0x00000000000017cf       0x88 ./Core/Startup/startup_stm32f407vgtx.o
 .debug_line    0x0000000000001857      0x9df ./Drivers/STM32F4xx_HAL_Driver/Src/stm32f4xx_hal.o
 .debug_line    0x0000000000002236      0xc8e ./Drivers/STM32F4xx_HAL_Driver/Src/stm32f4xx_hal_cortex.o
 .debug_line    0x0000000000002ec4      0xf44 ./Drivers/STM32F4xx_HAL_Driver/Src/stm32f4xx_hal_dma.o
 .debug_line    0x0000000000003e08      0xb55 ./Drivers/STM32F4xx_HAL_Driver/Src/stm32f4xx_hal_gpio.o
 .debug_line    0x000000000000495d     0x398b ./Drivers/STM32F4xx_HAL_Driver/Src/stm32f4xx_hal_i2c.o