Archive member included to satisfy reference by file (symbol)

c:/st/stm32cubeide_1.9.0/stm32cubeide/plugins/com.st.stm32cube.ide.mcu.externaltools.gnu-tools-for-stm32.10.3-2021.10.win32_1.0.0.202111181127/tools/bin/../lib/gcc/arm-none-eabi/10.3.1/../../../../arm-none-eabi/lib/thumb/v7e-m+fp/hard\libm.a(lib_a-s_cos.o)
                              ./Source/Mid/dead-reckoning1.o (cos)
c:/st/stm32cubeide_1.9.0/stm32cubeide/plugins/com.st.stm32cube.ide.mcu.externaltools.gnu-tools-for-stm32.10.3-2021.10.win32_1.0.0.202111181127/tools/bin/../lib/gcc/arm-none-eabi/10.3.1/../../../../arm-none-eabi/lib/thumb/v7e-m+fp/hard\libm.a(lib_a-s_sin.o)
                              ./Source/Mid/dead-reckoning1.o (sin)
c:/st/stm32cubeide_1.9.0/stm32cubeide/plugins/com.st.stm32cube.ide.mcu.externaltools.gnu-tools-for-stm32.10.3-2021.10.win32_1.0.0.202111181127/tools/bin/../lib/gcc/arm-none-eabi/10.3.1/../../../../arm-none-eabi/lib/thumb/v7e-m+fp/hard\libm.a(lib_a-sf_atan.o)
                              ./Source/Mid/MPU6050/App/MPU6050-App/MPU6050-App.o (atanf)
c:/st/stm32cubeide_1.9.0/stm32cubeide/plugins/com.st.stm32cube.ide.mcu.externaltools.gnu-tools-for-stm32.10.3-2021.10.win32_1.0.0.202111181127/tools/bin/../lib/gcc/arm-none-eabi/10.3.1/../../../../arm-none-eabi/lib/thumb/v7e-m+fp/hard\libm.a(lib_a-sf_fabs.o)
                              c:/st/stm32cubeide_1.9.0/stm32cubeide/plugins/com.st.stm32cube.ide.mcu.externaltools.gnu-tools-for-stm32.10.3-2021.10.win32_1.0.0.202111181127/tools/bin/../lib/gcc/arm-none-eabi/10.3.1/../../../../arm-none-eabi/lib/thumb/v7e-m+fp/hard\libm.a(lib_a-sf_atan.o) (fabsf)
c:/st/stm32cubeide_1.9.0/stm32cubeide/plugins/com.st.stm32cube.ide.mcu.externaltools.gnu-tools-for-stm32.10.3-2021.10.win32_1.0.0.202111181127/tools/bin/../lib/gcc/arm-none-eabi/10.3.1/../../../../arm-none-eabi/lib/thumb/v7e-m+fp/hard\libm.a(lib_a-sf_round.o)
                              ./Source/Mid/DcControl.o (roundf)
c:/st/stm32cubeide_1.9.0/stm32cubeide/plugins/com.st.stm32cube.ide.mcu.externaltools.gnu-tools-for-stm32.10.3-2021.10.win32_1.0.0.202111181127/tools/bin/../lib/gcc/arm-none-eabi/10.3.1/../../../../arm-none-eabi/lib/thumb/v7e-m+fp/hard\libm.a(lib_a-wf_acos.o)
                              ./Source/Mid/dead-reckoning1.o (acosf)
c:/st/stm32cubeide_1.9.0/stm32cubeide/plugins/com.st.stm32cube.ide.mcu.externaltools.gnu-tools-for-stm32.10.3-2021.10.win32_1.0.0.202111181127/tools/bin/../lib/gcc/arm-none-eabi/10.3.1/../../../../arm-none-eabi/lib/thumb/v7e-m+fp/hard\libm.a(lib_a-wf_asin.o)
                              ./Source/Mid/MPU6050/App/MPU6050-App/MPU6050-App.o (asinf)
c:/st/stm32cubeide_1.9.0/stm32cubeide/plugins/com.st.stm32cube.ide.mcu.externaltools.gnu-tools-for-stm32.10.3-2021.10.win32_1.0.0.202111181127/tools/bin/../lib/gcc/arm-none-eabi/10.3.1/../../../../arm-none-eabi/lib/thumb/v7e-m+fp/hard\libm.a(lib_a-wf_atan2.o)
                              ./Source/Mid/MPU6050/App/MPU6050-App/MPU6050-App.o (atan2f)
c:/st/stm32cubeide_1.9.0/stm32cubeide/plugins/com.st.stm32cube.ide.mcu.externaltools.gnu-tools-for-stm32.10.3-2021.10.win32_1.0.0.202111181127/tools/bin/../lib/gcc/arm-none-eabi/10.3.1/../../../../arm-none-eabi/lib/thumb/v7e-m+fp/hard\libm.a(lib_a-wf_pow.o)
                              ./Source/Mid/dead-reckoning1.o (powf)
c:/st/stm32cubeide_1.9.0/stm32cubeide/plugins/com.st.stm32cube.ide.mcu.externaltools.gnu-tools-for-stm32.10.3-2021.10.win32_1.0.0.202111181127/tools/bin/../lib/gcc/arm-none-eabi/10.3.1/../../../../arm-none-eabi/lib/thumb/v7e-m+fp/hard\libm.a(lib_a-wf_sqrt.o)
                              ./Source/Mid/dead-reckoning1.o (sqrtf)
c:/st/stm32cubeide_1.9.0/stm32cubeide/plugins/com.st.stm32cube.ide.mcu.externaltools.gnu-tools-for-stm32.10.3-2021.10.win32_1.0.0.202111181127/tools/bin/../lib/gcc/arm-none-eabi/10.3.1/../../../../arm-none-eabi/lib/thumb/v7e-m+fp/hard\libm.a(lib_a-e_rem_pio2.o)
                              c:/st/stm32cubeide_1.9.0/stm32cubeide/plugins/com.st.stm32cube.ide.mcu.externaltools.gnu-tools-for-stm32.10.3-2021.10.win32_1.0.0.202111181127/tools/bin/../lib/gcc/arm-none-eabi/10.3.1/../../../../arm-none-eabi/lib/thumb/v7e-m+fp/hard\libm.a(lib_a-s_cos.o) (__ieee754_rem_pio2)
c:/st/stm32cubeide_1.9.0/stm32cubeide/plugins/com.st.stm32cube.ide.mcu.externaltools.gnu-tools-for-stm32.10.3-2021.10.win32_1.0.0.202111181127/tools/bin/../lib/gcc/arm-none-eabi/10.3.1/../../../../arm-none-eabi/lib/thumb/v7e-m+fp/hard\libm.a(lib_a-ef_acos.o)
                              c:/st/stm32cubeide_1.9.0/stm32cubeide/plugins/com.st.stm32cube.ide.mcu.externaltools.gnu-tools-for-stm32.10.3-2021.10.win32_1.0.0.202111181127/tools/bin/../lib/gcc/arm-none-eabi/10.3.1/../../../../arm-none-eabi/lib/thumb/v7e-m+fp/hard\libm.a(lib_a-wf_acos.o) (__ieee754_acosf)
[...]
Memory Configuration

Name             Origin             Length             Attributes
CCMRAM           0x0000000010000000 0x0000000000010000 xrw
RAM              0x0000000020000000 0x0000000000020000 xrw
FLASH            0x0000000008000000 0x0000000000100000 xr
*default*        0x0000000000000000 0xffffffffffffffff

Linker script and memory map

LOAD c:/st/stm32cubeide_1.9.0/stm32cubeide/plugins/com.st.stm32cube.ide.mcu.externaltools.gnu-tools-for-stm32.10.3-2021.10.win32_1.0.0.202111181127/tools/bin/../lib/gcc/arm-none-eabi/10.3.1/thumb/v7e-m+fp/hard/crti.o
LOAD c:/st/stm32cubeide_1.9.0/stm32cubeide/plugins/com.st.stm32cube.ide.mcu.externaltools.gnu-tools-for-stm32.10.3-2021.10.win32_1.0.0.202111181127/tools/bin/../lib/gcc/arm-none-eabi/10.3.1/thumb/v7e-m+fp/hard/crtbegin.o
LOAD c:/st/stm32cubeide_1.9.0/stm32cubeide/plugins/com.st.stm32cube.ide.mcu.externaltools.gnu-tools-for-stm32.10.3-2021.10.win32_1.0.0.202111181127/tools/bin/../lib/gcc/arm-none-eabi/10.3.1/../../../../arm-none-eabi/lib/thumb/v7e-m+fp/hard/crt0.o
LOAD ./Core/Src/stm32f4xx_hal_msp.o
LOAD ./Core/Src/stm32f4xx_it.o
LOAD ./Core/Src/syscalls.o
LOAD ./Core/Src/sysmem.o
LOAD ./Core/Src/system_stm32f4xx.o
LOAD ./Core/Startup/startup_stm32f407vgtx.o
LOAD ./Drivers/STM32F4xx_HAL_Driver/Src/stm32f4xx_hal.o
LOAD ./Drivers/STM32F4xx_HAL_Driver/Src/stm32f4xx_hal_cortex.o
LOAD ./Drivers/STM32F4xx_HAL_Driver/Src/stm32f4xx_hal_dma.o
LOAD ./Drivers/STM32F4xx_HAL_Driver/Src/stm32f4xx_hal_dma_ex.o
LOAD ./Drivers/STM32F4xx_HAL_Driver/Src/stm32f4xx_hal_exti.o
LOAD ./Drivers/STM32F4xx_HAL_Driver/Src/stm32f4xx_hal_flash.o
LOAD ./Drivers/STM32F4xx_HAL_Driver/Src/stm32f4xx_hal_flash_ex.o
LOAD ./Drivers/STM32F4xx_HAL_Driver/Src/stm32f4xx_hal_flash_ramfunc.o
LOAD ./Drivers/STM32F4xx_HAL_Driver/Src/stm32f4xx_hal_gpio.o
LOAD ./Drivers/STM32F4xx_HAL_Driver/Src/stm32f4xx_hal_i2c.o
LOAD ./Drivers/STM32F4xx_HAL_Driver/Src/stm32f4xx_hal_i2c_ex.o
LOAD ./Drivers/STM32F4xx_HAL_Driver/Src/stm32f4xx_hal_pwr.o
LOAD ./Drivers/STM32F4xx_HAL_Driver/Src/stm32f4xx_hal_pwr_ex.o
LOAD ./Drivers/STM32F4xx_HAL_Driver/Src/stm32f4xx_hal_rcc.o
LOAD ./Drivers/STM32F4xx_HAL_Driver/Src/stm32f4xx_hal_rcc_ex.o
LOAD ./Drivers/STM32F4xx_HAL_Driver/Src/stm32f4xx_hal_tim.o
LOAD ./Drivers/STM32F4xx_HAL_Driver/Src/stm32f4xx_hal_tim_ex.o
LOAD ./Drivers/STM32F4xx_HAL_Driver/Src/stm32f4xx_hal_uart.o
LOAD ./Source/App/main.o
LOAD ./Source/App/maincpp.o
LOAD ./Source/Driver/dc-Driver.o
LOAD ./Source/Mid/DcControl.o
LOAD ./Source/Mid/RobotControl.o
LOAD ./Source/Mid/dead-reckoning1.o
LOAD ./Source/Mid/MPU6050/App/MPU6050-App/MPU6050-App.o
LOAD ./Source/Mid/MPU6050/App/MPU6050-App/MPU6050-Calibration.o
LOAD ./Source/Mid/MPU6050/Driver/I2CDev/I2Cdev.o
LOAD ./Source/Mid/MPU6050/Mid/MPU6050/MPU6050.o
LOAD ./Source/Utillities/kalman.o
LOAD ./Source/Utillities/queue.o
START GROUP
LOAD c:/st/stm32cubeide_1.9.0/stm32cubeide/plugins/com.st.stm32cube.ide.mcu.externaltools.gnu-tools-for-stm32.10.3-2021.10.win32_1.0.0.202111181127/tools/bin/../lib/gcc/arm-none-eabi/10.3.1/../../../../arm-none-eabi/lib/thumb/v7e-m+fp/hard\libstdc++_nano.a
LOAD c:/st/stm32cubeide_1.9.0/stm32cubeide/plugins/com.st.stm32cube.ide.mcu.externaltools.gnu-tools-for-stm32.10.3-2021.10.win32_1.0.0.202111181127/tools/bin/../lib/gcc/arm-none-eabi/10.3.1/../../../../arm-none-eabi/lib/thumb/v7e-m+fp/hard\libsupc++_nano.a
END GROUP
LOAD c:/st/stm32cubeide_1.9.0/stm32cubeide/plugins/com.st.stm32cube.ide.mcu.externaltools.gnu-tools-for-stm32.10.3-2021.10.win32_1.0.0.202111181127/tools/bin/../lib/gcc/arm-none-eabi/10.3.1/../../../../arm-none-eabi/lib/thumb/v7e-m+fp/hard\libstdc++_nano.a
LOAD c:/st/stm32cubeide_1.9.0/stm32cubeide/plugins/com.st.stm32cube.ide.mcu.externaltools.gnu-tools-for-stm32.10.3-2021.10.win32_1.0.0.202111181127/tools/bin/../lib/gcc/arm-none-eabi/10.3.1/../../../../arm-none-eabi/lib/thumb/v7e-m+fp/hard\libm.a
LOAD c:/st/stm32cubeide_1.9.0/stm32cubeide/plugins/com.st.stm32cube.ide.mcu.externaltools.gnu-tools-for-stm32.10.3-2021.10.win32_1.0.0.202111181127/tools/bin/../lib/gcc/arm-none-eabi/10.3.1/../../../../arm-none-eabi/lib/thumb/v7e-m+fp/hard\libc_nano.a
START GROUP
LOAD c:/st/stm32cubeide_1.9.0/stm32cubeide/plugins/com.st.stm32cube.ide.mcu.externaltools.gnu-tools-for-stm32.10.3-2021.10.win32_1.0.0.202111181127/tools/bin/../lib/gcc/arm-none-eabi/10.3.1/thumb/v7e-m+fp/hard\libgcc.a
LOAD c:/st/stm32cubeide_1.9.0/stm32cubeide/plugins/com.st.stm32cube.ide.mcu.externaltools.gnu-tools-for-stm32.10.3-2021.10.win32_1.0.0.202111181127/tools/bin/../lib/gcc/arm-none-eabi/10.3.1/../../../../arm-none-eabi/lib/thumb/v7e-m+fp/hard\libc_nano.a
END GROUP
START GROUP
LOAD c:/st/stm32cubeide_1.9.0/stm32cubeide/plugins/com.st.stm32cube.ide.mcu.externaltools.gnu-tools-for-stm32.10.3-2021.10.win32_1.0.0.202111181127/tools/bin/../lib/gcc/arm-none-eabi/10.3.1/thumb/v7e-m+fp/hard\libgcc.a
LOAD c:/st/stm32cubeide_1.9.0/stm32cubeide/plugins/com.st.stm32cube.ide.mcu.externaltools.gnu-tools-for-stm32.10.3-2021.10.win32_1.0.0.202111181127/tools/bin/../lib/gcc/arm-none-eabi/10.3.1/../../../../arm-none-eabi/lib/thumb/v7e-m+fp/hard\libc_nano.a
END GROUP
LOAD c:/st/stm32cubeide_1.9.0/stm32cubeide/plugins/com.st.stm32cube.ide.mcu.externaltools.gnu-tools-for-stm32.10.3-2021.10.win32_1.0.0.202111181127/tools/bin/../lib/gcc/arm-none-eabi/10.3.1/thumb/v7e-m+fp/hard/crtend.o
LOAD c:/st/stm32cubeide_1.9.0/stm32cubeide/plugins/com.st.stm32cube.ide.mcu.externaltools.gnu-tools-for-stm32.10.3-2021.10.win32_1.0.0.202111181127/tools/bin/../lib/gcc/arm-none-eabi/10.3.1/thumb/v7e-m+fp/hard/crtn.o
                0x0000000020020000                _estack = (ORIGIN (RAM) + LENGTH (RAM))
                0x0000000000000200                _Min_Heap_Size = 0x200
                0x0000000000000400                _Min_Stack_Size = 0x400

.isr_vector     0x0000000008000000      0x188
                0x0000000008000000                . = ALIGN (0x4)
 *(.isr_vector)
 .isr_vector    0x0000000008000000      0x188 ./Core/Startup/startup_stm32f407vgtx.o
                0x0000000008000000                g_pfnVectors
                0x0000000008000188                . = ALIGN (0x4)

.text           0x0000000008000188     0x841c
                0x0000000008000188                . = ALIGN (0x4)
 *(.text)
 .text          0x0000000008000188       0x40 c:/st/stm32cubeide_1.9.0/stm32cubeide/plugins/com.st.stm32cube.ide.mcu.externaltools.gnu-tools-for-stm32.10.3-2021.10.win32_1.0.0.202111181127/tools/bin/../lib/gcc/arm-none-eabi/10.3.1/thumb/v7e-m+fp/hard/crtbegin.o
 .text          0x00000000080001c8      0x378 c:/st/stm32cubeide_1.9.0/stm32cubeide/plugins/com.st.stm32cube.ide.mcu.externaltools.gnu-tools-for-stm32.10.3-2021.10.win32_1.0.0.202111181127/tools/bin/../lib/gcc/arm-none-eabi/10.3.1/thumb/v7e-m+fp/hard\libgcc.a(_arm_addsubdf3.o)
                0x00000000080001c8                __aeabi_drsub
                0x00000000080001d0                __aeabi_dsub
                0x00000000080001d0                __subdf3
                0x00000000080001d4                __aeabi_dadd
                0x00000000080001d4                __adddf3
                0x000000000800044c                __floatunsidf
                0x000000000800044c                __aeabi_ui2d
                0x000000000800046c                __floatsidf
                0x000000000800046c                __aeabi_i2d
                0x0000000008000490                __aeabi_f2d
                0x0000000008000490                __extendsfdf2
                0x00000000080004d4                __floatundidf
                0x00000000080004d4                __aeabi_ul2d
                0x00000000080004e4                __floatdidf
                0x00000000080004e4                __aeabi_l2d
 .text          0x0000000008000540      0x424 c:/st/stm32cubeide_1.9.0/stm32cubeide/plugins/com.st.stm32cube.ide.mcu.externaltools.gnu-tools-for-stm32.10.3-2021.10.win32_1.0.0.202111181127/tools/bin/../lib/gcc/arm-none-eabi/10.3.1/thumb/v7e-m+fp/hard\libgcc.a(_arm_muldivdf3.o)
                0x0000000008000540                __aeabi_dmul
                0x0000000008000540                __muldf3
                0x0000000008000794                __divdf3
                0x0000000008000794                __aeabi_ddiv
 .text          0x0000000008000964      0x110 c:/st/stm32cubeide_1.9.0/stm32cubeide/plugins/com.st.stm32cube.ide.mcu.externaltools.gnu-tools-for-stm32.10.3-2021.10.win32_1.0.0.202111181127/tools/bin/../lib/gcc/arm-none-eabi/10.3.1/thumb/v7e-m+fp/hard\libgcc.a(_arm_cmpdf2.o)
                0x0000000008000964                __gtdf2
                0x0000000008000964                __gedf2
                0x000000000800096c                __ltdf2
                0x000000000800096c                __ledf2
                0x0000000008000974                __nedf2
                0x0000000008000974                __eqdf2
                0x0000000008000974                __cmpdf2
                0x00000000080009f0                __aeabi_cdrcmple
                0x0000000008000a00                __aeabi_cdcmpeq
                0x0000000008000a00                __aeabi_cdcmple
                0x0000000008000a10                __aeabi_dcmpeq
                0x0000000008000a24                __aeabi_dcmplt
                0x0000000008000a38                __aeabi_dcmple
                0x0000000008000a4c                __aeabi_dcmpge
                0x0000000008000a60                __aeabi_dcmpgt
 .text          0x0000000008000a74       0x50 c:/st/stm32cubeide_1.9.0/stm32cubeide/plugins/com.st.stm32cube.ide.mcu.externaltools.gnu-tools-for-stm32.10.3-2021.10.win32_1.0.0.202111181127/tools/bin/../lib/gcc/arm-none-eabi/10.3.1/thumb/v7e-m+fp/hard\libgcc.a(_arm_fixdfsi.o)
                0x0000000008000a74                __aeabi_d2iz
                0x0000000008000a74                __fixdfsi
 .text          0x0000000008000ac4       0xa0 c:/st/stm32cubeide_1.9.0/stm32cubeide/plugins/com.st.stm32cube.ide.mcu.externaltools.gnu-tools-for-stm32.10.3-2021.10.win32_1.0.0.202111181127/tools/bin/../lib/gcc/arm-none-eabi/10.3.1/thumb/v7e-m+fp/hard\libgcc.a(_arm_truncdfsf2.o)
                0x0000000008000ac4                __truncdfsf2
                0x0000000008000ac4                __aeabi_d2f
 .text          0x0000000008000b64      0x21c c:/st/stm32cubeide_1.9.0/stm32cubeide/plugins/com.st.stm32cube.ide.mcu.externaltools.gnu-tools-for-stm32.10.3-2021.10.win32_1.0.0.202111181127/tools/bin/../lib/gcc/arm-none-eabi/10.3.1/thumb/v7e-m+fp/hard\libgcc.a(_arm_addsubsf3.o)
                0x0000000008000b64                __aeabi_frsub
                0x0000000008000b6c                __subsf3
                0x0000000008000b6c                __aeabi_fsub
                0x0000000008000b70                __aeabi_fadd
                0x0000000008000b70                __addsf3
                0x0000000008000cd0                __aeabi_ui2f
                0x0000000008000cd0                __floatunsisf
                0x0000000008000cd8                __aeabi_i2f
                0x0000000008000cd8                __floatsisf
                0x0000000008000cf4                __aeabi_ul2f
                0x0000000008000cf4                __floatundisf
                0x0000000008000d04                __aeabi_l2f
                0x0000000008000d04                __floatdisf
 .text          0x0000000008000d80       0x30 c:/st/stm32cubeide_1.9.0/stm32cubeide/plugins/com.st.stm32cube.ide.mcu.externaltools.gnu-tools-for-stm32.10.3-2021.10.win32_1.0.0.202111181127/tools/bin/../lib/gcc/arm-none-eabi/10.3.1/thumb/v7e-m+fp/hard\libgcc.a(_aeabi_uldivmod.o)
                0x0000000008000d80                __aeabi_uldivmod
 .text          0x0000000008000db0       0x28 c:/st/stm32cubeide_1.9.0/stm32cubeide/plugins/com.st.stm32cube.ide.mcu.externaltools.gnu-tools-for-stm32.10.3-2021.10.win32_1.0.0.202111181127/tools/bin/../lib/gcc/arm-none-eabi/10.3.1/thumb/v7e-m+fp/hard\libgcc.a(_fixsfdi.o)
                0x0000000008000db0                __fixsfdi
                0x0000000008000db0                __aeabi_f2lz
 .text          0x0000000008000dd8       0x40 c:/st/stm32cubeide_1.9.0/stm32cubeide/plugins/com.st.stm32cube.ide.mcu.externaltools.gnu-tools-for-stm32.10.3-2021.10.win32_1.0.0.202111181127/tools/bin/../lib/gcc/arm-none-eabi/10.3.1/thumb/v7e-m+fp/hard\libgcc.a(_fixunssfdi.o)
                0x0000000008000dd8                __fixunssfdi
                0x0000000008000dd8                __aeabi_f2ulz
 .text          0x0000000008000e18      0x2d0 c:/st/stm32cubeide_1.9.0/stm32cubeide/plugins/com.st.stm32cube.ide.mcu.externaltools.gnu-tools-for-stm32.10.3-2021.10.win32_1.0.0.202111181127/tools/bin/../lib/gcc/arm-none-eabi/10.3.1/thumb/v7e-m+fp/hard\libgcc.a(_udivmoddi4.o)
                0x0000000008000e18                __udivmoddi4
 .text          0x00000000080010e8        0x4 c:/st/stm32cubeide_1.9.0/stm32cubeide/plugins/com.st.stm32cube.ide.mcu.externaltools.gnu-tools-for-stm32.10.3-2021.10.win32_1.0.0.202111181127/tools/bin/../lib/gcc/arm-none-eabi/10.3.1/thumb/v7e-m+fp/hard\libgcc.a(_dvmd_tls.o)
                0x00000000080010e8                __aeabi_idiv0
                0x00000000080010e8                __aeabi_ldiv0
 .text          0x00000000080010ec       0x40 c:/st/stm32cubeide_1.9.0/stm32cubeide/plugins/com.st.stm32cube.ide.mcu.externaltools.gnu-tools-for-stm32.10.3-2021.10.win32_1.0.0.202111181127/tools/bin/../lib/gcc/arm-none-eabi/10.3.1/thumb/v7e-m+fp/hard\libgcc.a(_arm_fixunsdfsi.o)
                0x00000000080010ec                __aeabi_d2uiz
                0x00000000080010ec                __fixunsdfsi
 *(.text*)
 .text.HAL_MspInit
                0x000000000800112c       0x50 ./Core/Src/stm32f4xx_hal_msp.o
                0x000000000800112c                HAL_MspInit
 .text.HAL_I2C_MspInit
                0x000000000800117c       0x90 ./Core/Src/stm32f4xx_hal_msp.o
                0x000000000800117c                HAL_I2C_MspInit
 .text.HAL_TIM_Base_MspInit
                0x000000000800120c      0x140 ./Core/Src/stm32f4xx_hal_msp.o
                0x000000000800120c                HAL_TIM_Base_MspInit
 .text.HAL_TIM_MspPostInit
                0x000000000800134c       0x74 ./Core/Src/stm32f4xx_hal_msp.o
                0x000000000800134c                HAL_TIM_MspPostInit
 .text.HAL_UART_MspInit
                0x00000000080013c0       0xa0 ./Core/Src/stm32f4xx_hal_msp.o
                0x00000000080013c0                HAL_UART_MspInit
 .text.NMI_Handler
                0x0000000008001460        0x6 ./Core/Src/stm32f4xx_it.o
                0x0000000008001460                NMI_Handler
 .text.HardFault_Handler
                0x0000000008001466        0x6 ./Core/Src/stm32f4xx_it.o
                0x0000000008001466                HardFault_Handler
 .text.MemManage_Handler
                0x000000000800146c        0x6 ./Core/Src/stm32f4xx_it.o
                0x000000000800146c                MemManage_Handler
 .text.BusFault_Handler
                0x0000000008001472        0x6 ./Core/Src/stm32f4xx_it.o
                0x0000000008001472                BusFault_Handler
 .text.UsageFault_Handler
                0x0000000008001478        0x6 ./Core/Src/stm32f4xx_it.o
                0x0000000008001478                UsageFault_Handler
 .text.SVC_Handler
                0x000000000800147e        0xe ./Core/Src/stm32f4xx_it.o
                0x000000000800147e                SVC_Handler
 .text.DebugMon_Handler
                0x000000000800148c        0xe ./Core/Src/stm32f4xx_it.o
                0x000000000800148c                DebugMon_Handler
 .text.PendSV_Handler
                0x000000000800149a        0xe ./Core/Src/stm32f4xx_it.o
                0x000000000800149a                PendSV_Handler
 .text.SysTick_Handler
                0x00000000080014a8        0xc ./Core/Src/stm32f4xx_it.o
                0x00000000080014a8                SysTick_Handler
 .text.SystemInit
                0x00000000080014b4       0x24 ./Core/Src/system_stm32f4xx.o
                0x00000000080014b4                SystemInit
 .text.Reset_Handler
                0x00000000080014d8       0x50 ./Core/Startup/startup_stm32f407vgtx.o
                0x00000000080014d8                Reset_Handler
 .text.Default_Handler
                0x0000000008001528        0x2 ./Core/Startup/startup_stm32f407vgtx.o
                0x0000000008001528                RTC_Alarm_IRQHandler
                0x0000000008001528                HASH_RNG_IRQHandler
                0x0000000008001528                EXTI2_IRQHandler
                0x0000000008001528                TIM8_CC_IRQHandler
                0x0000000008001528                TIM1_CC_IRQHandler
                0x0000000008001528                DMA2_Stream5_IRQHandler
                0x0000000008001528                DMA1_Stream5_IRQHandler
                0x0000000008001528                PVD_IRQHandler
                0x0000000008001528                SDIO_IRQHandler
                0x0000000008001528                TAMP_STAMP_IRQHandler
                0x0000000008001528                CAN2_RX1_IRQHandler
                0x0000000008001528                EXTI3_IRQHandler
                0x0000000008001528                TIM8_TRG_COM_TIM14_IRQHandler
                0x0000000008001528                TIM1_UP_TIM10_IRQHandler
                0x0000000008001528                TIM8_UP_TIM13_IRQHandler
                0x0000000008001528                I2C3_ER_IRQHandler
                0x0000000008001528                EXTI0_IRQHandler
                0x0000000008001528                I2C2_EV_IRQHandler
                0x0000000008001528                DMA1_Stream2_IRQHandler
                0x0000000008001528                CAN1_RX0_IRQHandler
                0x0000000008001528                FPU_IRQHandler
                0x0000000008001528                OTG_HS_WKUP_IRQHandler
                0x0000000008001528                CAN2_SCE_IRQHandler
                0x0000000008001528                DMA2_Stream2_IRQHandler
                0x0000000008001528                SPI1_IRQHandler
                0x0000000008001528                TIM6_DAC_IRQHandler
                0x0000000008001528                TIM1_BRK_TIM9_IRQHandler
                0x0000000008001528                DCMI_IRQHandler
                0x0000000008001528                CAN2_RX0_IRQHandler
                0x0000000008001528                DMA2_Stream3_IRQHandler
                0x0000000008001528                USART6_IRQHandler
                0x0000000008001528                USART3_IRQHandler
                0x0000000008001528                CAN1_RX1_IRQHandler
                0x0000000008001528                UART5_IRQHandler
                0x0000000008001528                DMA2_Stream0_IRQHandler
                0x0000000008001528                I2C1_EV_IRQHandler
                0x0000000008001528                DMA1_Stream6_IRQHandler
                0x0000000008001528                DMA1_Stream1_IRQHandler
                0x0000000008001528                UART4_IRQHandler
                0x0000000008001528                RCC_IRQHandler
                0x0000000008001528                TIM8_BRK_TIM12_IRQHandler
                0x0000000008001528                Default_Handler
                0x0000000008001528                EXTI15_10_IRQHandler
                0x0000000008001528                ADC_IRQHandler
                0x0000000008001528                DMA1_Stream7_IRQHandler
                0x0000000008001528                TIM7_IRQHandler
                0x0000000008001528                CAN2_TX_IRQHandler
                0x0000000008001528                TIM5_IRQHandler
                0x0000000008001528                DMA2_Stream7_IRQHandler
                0x0000000008001528                I2C3_EV_IRQHandler
                0x0000000008001528                RTC_WKUP_IRQHandler
                0x0000000008001528                ETH_WKUP_IRQHandler
                0x0000000008001528                SPI2_IRQHandler
                0x0000000008001528                OTG_HS_EP1_IN_IRQHandler
                0x0000000008001528                DMA1_Stream0_IRQHandler
                0x0000000008001528                CAN1_TX_IRQHandler
                0x0000000008001528                EXTI4_IRQHandler
                0x0000000008001528                FSMC_IRQHandler
                0x0000000008001528                ETH_IRQHandler
                0x0000000008001528                OTG_HS_EP1_OUT_IRQHandler
                0x0000000008001528                WWDG_IRQHandler
                0x0000000008001528                OTG_FS_WKUP_IRQHandler
                0x0000000008001528                TIM1_TRG_COM_TIM11_IRQHandler
                0x0000000008001528                OTG_HS_IRQHandler
                0x0000000008001528                EXTI1_IRQHandler
                0x0000000008001528                USART2_IRQHandler
                0x0000000008001528                I2C2_ER_IRQHandler
                0x0000000008001528                DMA2_Stream1_IRQHandler
                0x0000000008001528                CAN1_SCE_IRQHandler
                0x0000000008001528                FLASH_IRQHandler
                0x0000000008001528                DMA2_Stream4_IRQHandler
                0x0000000008001528                OTG_FS_IRQHandler
                0x0000000008001528                SPI3_IRQHandler
                0x0000000008001528                DMA1_Stream4_IRQHandler
                0x0000000008001528                I2C1_ER_IRQHandler
                0x0000000008001528                DMA2_Stream6_IRQHandler
                0x0000000008001528                DMA1_Stream3_IRQHandler
 *fill*         0x000000000800152a        0x2 
 .text.HAL_Init
                0x000000000800152c       0x44 ./Drivers/STM32F4xx_HAL_Driver/Src/stm32f4xx_hal.o
                0x000000000800152c                HAL_Init
 .text.HAL_InitTick
                0x0000000008001570       0x60 ./Drivers/STM32F4xx_HAL_Driver/Src/stm32f4xx_hal.o
                0x0000000008001570                HAL_InitTick
 .text.HAL_IncTick
                0x00000000080015d0       0x28 ./Drivers/STM32F4xx_HAL_Driver/Src/stm32f4xx_hal.o
                0x00000000080015d0                HAL_IncTick
 .text.HAL_GetTick
                0x00000000080015f8       0x18 ./Drivers/STM32F4xx_HAL_Driver/Src/stm32f4xx_hal.o
                0x00000000080015f8                HAL_GetTick
 .text.__NVIC_SetPriorityGrouping
                0x0000000008001610       0x48 ./Drivers/STM32F4xx_HAL_Driver/Src/stm32f4xx_hal_cortex.o
 .text.__NVIC_GetPriorityGrouping
                0x0000000008001658       0x1c ./Drivers/STM32F4xx_HAL_Driver/Src/stm32f4xx_hal_cortex.o
 .text.__NVIC_EnableIRQ
                0x0000000008001674       0x3c ./Drivers/STM32F4xx_HAL_Driver/Src/stm32f4xx_hal_cortex.o
 .text.__NVIC_SetPriority
                0x00000000080016b0       0x54 ./Drivers/STM32F4xx_HAL_Driver/Src/stm32f4xx_hal_cortex.o
 .text.NVIC_EncodePriority
                0x0000000008001704       0x66 ./Drivers/STM32F4xx_HAL_Driver/Src/stm32f4xx_hal_cortex.o
 *fill*         0x000000000800176a        0x2 
 .text.SysTick_Config
                0x000000000800176c       0x44 ./Drivers/STM32F4xx_HAL_Driver/Src/stm32f4xx_hal_cortex.o
 .text.HAL_NVIC_SetPriorityGrouping
                0x00000000080017b0       0x16 ./Drivers/STM32F4xx_HAL_Driver/Src/stm32f4xx_hal_cortex.o
                0x00000000080017b0                HAL_NVIC_SetPriorityGrouping
 .text.HAL_NVIC_SetPriority
                0x00000000080017c6       0x38 ./Drivers/STM32F4xx_HAL_Driver/Src/stm32f4xx_hal_cortex.o
                0x00000000080017c6                HAL_NVIC_SetPriority
 .text.HAL_NVIC_EnableIRQ
                0x00000000080017fe       0x1c ./Drivers/STM32F4xx_HAL_Driver/Src/stm32f4xx_hal_cortex.o
                0x00000000080017fe                HAL_NVIC_EnableIRQ
 .text.HAL_SYSTICK_Config
                0x000000000800181a       0x18 ./Drivers/STM32F4xx_HAL_Driver/Src/stm32f4xx_hal_cortex.o
                0x000000000800181a                HAL_SYSTICK_Config
 .text.HAL_DMA_Abort
                0x0000000008001832       0xe0 ./Drivers/STM32F4xx_HAL_Driver/Src/stm32f4xx_hal_dma.o
                0x0000000008001832                HAL_DMA_Abort
 .text.HAL_DMA_Abort_IT
                0x0000000008001912       0x44 ./Drivers/STM32F4xx_HAL_Driver/Src/stm32f4xx_hal_dma.o
                0x0000000008001912                HAL_DMA_Abort_IT
 *fill*         0x0000000008001956        0x2 
 .text.HAL_GPIO_Init
                0x0000000008001958      0x338 ./Drivers/STM32F4xx_HAL_Driver/Src/stm32f4xx_hal_gpio.o
                0x0000000008001958                HAL_GPIO_Init
 .text.HAL_GPIO_ReadPin
                0x0000000008001c90       0x30 ./Drivers/STM32F4xx_HAL_Driver/Src/stm32f4xx_hal_gpio.o
                0x0000000008001c90                HAL_GPIO_ReadPin
 .text.HAL_GPIO_WritePin
                0x0000000008001cc0       0x32 ./Drivers/STM32F4xx_HAL_Driver/Src/stm32f4xx_hal_gpio.o
                0x0000000008001cc0                HAL_GPIO_WritePin
 *fill*         0x0000000008001cf2        0x2 
 .text.HAL_GPIO_EXTI_IRQHandler
                0x0000000008001cf4       0x30 ./Drivers/STM32F4xx_HAL_Driver/Src/stm32f4xx_hal_gpio.o
                0x0000000008001cf4                HAL_GPIO_EXTI_IRQHandler
 .text.HAL_I2C_Init
                0x0000000008001d24      0x288 ./Drivers/STM32F4xx_HAL_Driver/Src/stm32f4xx_hal_i2c.o
                0x0000000008001d24                HAL_I2C_Init
 .text.HAL_RCC_OscConfig
                0x0000000008001fac      0x4f0 ./Drivers/STM32F4xx_HAL_Driver/Src/stm32f4xx_hal_rcc.o
                0x0000000008001fac                HAL_RCC_OscConfig
 .text.HAL_RCC_ClockConfig
                0x000000000800249c      0x1cc ./Drivers/STM32F4xx_HAL_Driver/Src/stm32f4xx_hal_rcc.o
                0x000000000800249c                HAL_RCC_ClockConfig
 .text.HAL_RCC_GetSysClockFreq
                0x0000000008002668      0x18c ./Drivers/STM32F4xx_HAL_Driver/Src/stm32f4xx_hal_rcc.o
                0x0000000008002668                HAL_RCC_GetSysClockFreq
 .text.HAL_RCC_GetHCLKFreq
                0x00000000080027f4       0x18 ./Drivers/STM32F4xx_HAL_Driver/Src/stm32f4xx_hal_rcc.o
                0x00000000080027f4                HAL_RCC_GetHCLKFreq
 .text.HAL_RCC_GetPCLK1Freq
                0x000000000800280c       0x28 ./Drivers/STM32F4xx_HAL_Driver/Src/stm32f4xx_hal_rcc.o
                0x000000000800280c                HAL_RCC_GetPCLK1Freq
 .text.HAL_RCC_GetPCLK2Freq
                0x0000000008002834       0x28 ./Drivers/STM32F4xx_HAL_Driver/Src/stm32f4xx_hal_rcc.o
                0x0000000008002834                HAL_RCC_GetPCLK2Freq
 .text.HAL_TIM_Base_Init
                0x000000000800285c       0x9e ./Drivers/STM32F4xx_HAL_Driver/Src/stm32f4xx_hal_tim.o
                0x000000000800285c                HAL_TIM_Base_Init
 *fill*         0x00000000080028fa        0x2 
 .text.HAL_TIM_Base_Start_IT
                0x00000000080028fc       0xe0 ./Drivers/STM32F4xx_HAL_Driver/Src/stm32f4xx_hal_tim.o
                0x00000000080028fc                HAL_TIM_Base_Start_IT
 .text.HAL_TIM_PWM_Init
                0x00000000080029dc       0x9e ./Drivers/STM32F4xx_HAL_Driver/Src/stm32f4xx_hal_tim.o
                0x00000000080029dc                HAL_TIM_PWM_Init
 .text.HAL_TIM_PWM_MspInit
                0x0000000008002a7a       0x14 ./Drivers/STM32F4xx_HAL_Driver/Src/stm32f4xx_hal_tim.o
                0x0000000008002a7a                HAL_TIM_PWM_MspInit
 *fill*         0x0000000008002a8e        0x2 
 .text.HAL_TIM_PWM_Start
                0x0000000008002a90      0x190 ./Drivers/STM32F4xx_HAL_Driver/Src/stm32f4xx_hal_tim.o
                0x0000000008002a90                HAL_TIM_PWM_Start
 .text.HAL_TIM_IC_Init
                0x0000000008002c20       0x9e ./Drivers/STM32F4xx_HAL_Driver/Src/stm32f4xx_hal_tim.o
                0x0000000008002c20                HAL_TIM_IC_Init
 .text.HAL_TIM_IC_MspInit
                0x0000000008002cbe       0x14 ./Drivers/STM32F4xx_HAL_Driver/Src/stm32f4xx_hal_tim.o
                0x0000000008002cbe                HAL_TIM_IC_MspInit
 *fill*         0x0000000008002cd2        0x2 
 .text.HAL_TIM_IC_Start_IT
                0x0000000008002cd4      0x250 ./Drivers/STM32F4xx_HAL_Driver/Src/stm32f4xx_hal_tim.o
                0x0000000008002cd4                HAL_TIM_IC_Start_IT
 .text.HAL_TIM_IRQHandler
                0x0000000008002f24      0x210 ./Drivers/STM32F4xx_HAL_Driver/Src/stm32f4xx_hal_tim.o
                0x0000000008002f24                HAL_TIM_IRQHandler
 .text.HAL_TIM_IC_ConfigChannel
                0x0000000008003134      0x138 ./Drivers/STM32F4xx_HAL_Driver/Src/stm32f4xx_hal_tim.o
                0x0000000008003134                HAL_TIM_IC_ConfigChannel
 .text.HAL_TIM_PWM_ConfigChannel
                0x000000000800326c      0x184 ./Drivers/STM32F4xx_HAL_Driver/Src/stm32f4xx_hal_tim.o
                0x000000000800326c                HAL_TIM_PWM_ConfigChannel
 .text.HAL_TIM_ConfigClockSource
                0x00000000080033f0      0x18e ./Drivers/STM32F4xx_HAL_Driver/Src/stm32f4xx_hal_tim.o
                0x00000000080033f0                HAL_TIM_ConfigClockSource
 .text.HAL_TIM_OC_DelayElapsedCallback
                0x000000000800357e       0x14 ./Drivers/STM32F4xx_HAL_Driver/Src/stm32f4xx_hal_tim.o
                0x000000000800357e                HAL_TIM_OC_DelayElapsedCallback
 .text.HAL_TIM_PWM_PulseFinishedCallback
                0x0000000008003592       0x14 ./Drivers/STM32F4xx_HAL_Driver/Src/stm32f4xx_hal_tim.o
                0x0000000008003592                HAL_TIM_PWM_PulseFinishedCallback
 .text.HAL_TIM_TriggerCallback
                0x00000000080035a6       0x14 ./Drivers/STM32F4xx_HAL_Driver/Src/stm32f4xx_hal_tim.o
                0x00000000080035a6                HAL_TIM_TriggerCallback
 *fill*         0x00000000080035ba        0x2 
 .text.TIM_Base_SetConfig
                0x00000000080035bc      0x140 ./Drivers/STM32F4xx_HAL_Driver/Src/stm32f4xx_hal_tim.o
                0x00000000080035bc                TIM_Base_SetConfig
 .text.TIM_OC1_SetConfig
                0x00000000080036fc       0xe0 ./Drivers/STM32F4xx_HAL_Driver/Src/stm32f4xx_hal_tim.o
 .text.TIM_OC2_SetConfig
                0x00000000080037dc       0xec ./Drivers/STM32F4xx_HAL_Driver/Src/stm32f4xx_hal_tim.o
                0x00000000080037dc                TIM_OC2_SetConfig
 .text.TIM_OC3_SetConfig
                0x00000000080038c8       0xe8 ./Drivers/STM32F4xx_HAL_Driver/Src/stm32f4xx_hal_tim.o
 .text.TIM_OC4_SetConfig
                0x00000000080039b0       0xac ./Drivers/STM32F4xx_HAL_Driver/Src/stm32f4xx_hal_tim.o
 .text.TIM_TI1_SetConfig
                0x0000000008003a5c       0xe8 ./Drivers/STM32F4xx_HAL_Driver/Src/stm32f4xx_hal_tim.o
                0x0000000008003a5c                TIM_TI1_SetConfig
 .text.TIM_TI1_ConfigInputStage
                0x0000000008003b44       0x5e ./Drivers/STM32F4xx_HAL_Driver/Src/stm32f4xx_hal_tim.o
 .text.TIM_TI2_SetConfig
                0x0000000008003ba2       0x7a ./Drivers/STM32F4xx_HAL_Driver/Src/stm32f4xx_hal_tim.o
 .text.TIM_TI2_ConfigInputStage
                0x0000000008003c1c       0x60 ./Drivers/STM32F4xx_HAL_Driver/Src/stm32f4xx_hal_tim.o
 .text.TIM_TI3_SetConfig
                0x0000000008003c7c       0x78 ./Drivers/STM32F4xx_HAL_Driver/Src/stm32f4xx_hal_tim.o
 .text.TIM_TI4_SetConfig
                0x0000000008003cf4       0x7a ./Drivers/STM32F4xx_HAL_Driver/Src/stm32f4xx_hal_tim.o
 .text.TIM_ITRx_SetConfig
                0x0000000008003d6e       0x36 ./Drivers/STM32F4xx_HAL_Driver/Src/stm32f4xx_hal_tim.o
 .text.TIM_ETR_SetConfig
                0x0000000008003da4       0x40 ./Drivers/STM32F4xx_HAL_Driver/Src/stm32f4xx_hal_tim.o
                0x0000000008003da4                TIM_ETR_SetConfig
 .text.TIM_CCxChannelCmd
                0x0000000008003de4       0x4a ./Drivers/STM32F4xx_HAL_Driver/Src/stm32f4xx_hal_tim.o
                0x0000000008003de4                TIM_CCxChannelCmd
 *fill*         0x0000000008003e2e        0x2 
 .text.HAL_TIMEx_MasterConfigSynchronization
                0x0000000008003e30       0xf8 ./Drivers/STM32F4xx_HAL_Driver/Src/stm32f4xx_hal_tim_ex.o
                0x0000000008003e30                HAL_TIMEx_MasterConfigSynchronization
 .text.HAL_TIMEx_ConfigBreakDeadTime
                0x0000000008003f28       0xa4 ./Drivers/STM32F4xx_HAL_Driver/Src/stm32f4xx_hal_tim_ex.o
                0x0000000008003f28                HAL_TIMEx_ConfigBreakDeadTime
 .text.HAL_TIMEx_CommutCallback
                0x0000000008003fcc       0x14 ./Drivers/STM32F4xx_HAL_Driver/Src/stm32f4xx_hal_tim_ex.o
                0x0000000008003fcc                HAL_TIMEx_CommutCallback
 .text.HAL_TIMEx_BreakCallback
                0x0000000008003fe0       0x14 ./Drivers/STM32F4xx_HAL_Driver/Src/stm32f4xx_hal_tim_ex.o
                0x0000000008003fe0                HAL_TIMEx_BreakCallback
 .text.HAL_UART_Init
                0x0000000008003ff4       0x9a ./Drivers/STM32F4xx_HAL_Driver/Src/stm32f4xx_hal_uart.o
                0x0000000008003ff4                HAL_UART_Init
 .text.HAL_UART_Receive_IT
                0x000000000800408e       0x60 ./Drivers/STM32F4xx_HAL_Driver/Src/stm32f4xx_hal_uart.o
                0x000000000800408e                HAL_UART_Receive_IT
 *fill*         0x00000000080040ee        0x2 
 .text.HAL_UART_IRQHandler
                0x00000000080040f0      0x51c ./Drivers/STM32F4xx_HAL_Driver/Src/stm32f4xx_hal_uart.o
                0x00000000080040f0                HAL_UART_IRQHandler
 .text.HAL_UART_TxCpltCallback
                0x000000000800460c       0x14 ./Drivers/STM32F4xx_HAL_Driver/Src/stm32f4xx_hal_uart.o
                0x000000000800460c                HAL_UART_TxCpltCallback
 .text.HAL_UART_ErrorCallback
                0x0000000008004620       0x14 ./Drivers/STM32F4xx_HAL_Driver/Src/stm32f4xx_hal_uart.o
                0x0000000008004620                HAL_UART_ErrorCallback
 .text.HAL_UARTEx_RxEventCallback
                0x0000000008004634       0x18 ./Drivers/STM32F4xx_HAL_Driver/Src/stm32f4xx_hal_uart.o
                0x0000000008004634                HAL_UARTEx_RxEventCallback
 .text.UART_Start_Receive_IT
                0x000000000800464c       0x74 ./Drivers/STM32F4xx_HAL_Driver/Src/stm32f4xx_hal_uart.o
                0x000000000800464c                UART_Start_Receive_IT
 .text.UART_EndRxTransfer
                0x00000000080046c0       0xc6 ./Drivers/STM32F4xx_HAL_Driver/Src/stm32f4xx_hal_uart.o
 .text.UART_DMAAbortOnError
                0x0000000008004786       0x28 ./Drivers/STM32F4xx_HAL_Driver/Src/stm32f4xx_hal_uart.o
 .text.UART_Transmit_IT
                0x00000000080047ae       0xa0 ./Drivers/STM32F4xx_HAL_Driver/Src/stm32f4xx_hal_uart.o
 .text.UART_EndTransmit_IT
                0x000000000800484e       0x30 ./Drivers/STM32F4xx_HAL_Driver/Src/stm32f4xx_hal_uart.o
 .text.UART_Receive_IT
                0x000000000800487e      0x176 ./Drivers/STM32F4xx_HAL_Driver/Src/stm32f4xx_hal_uart.o
 .text.UART_SetConfig
                0x00000000080049f4      0x4e8 ./Drivers/STM32F4xx_HAL_Driver/Src/stm32f4xx_hal_uart.o
 .text.main     0x0000000008004edc       0x50 ./Source/App/main.o
                0x0000000008004edc                main
 .text.HAL_UART_RxCpltCallback
                0x0000000008004f2c       0x30 ./Source/App/main.o
                0x0000000008004f2c                HAL_UART_RxCpltCallback
 .text.EXTI9_5_IRQHandler
                0x0000000008004f5c        0xe ./Source/App/main.o
                0x0000000008004f5c                EXTI9_5_IRQHandler
 .text.HAL_GPIO_EXTI_Callback
                0x0000000008004f6a       0x16 ./Source/App/main.o
                0x0000000008004f6a                HAL_GPIO_EXTI_Callback
 .text.checkRobotStopCondition
                0x0000000008004f80      0x148 ./Source/App/main.o
                0x0000000008004f80                checkRobotStopCondition
 .text.updateDeltaphi
                0x00000000080050c8       0xa8 ./Source/App/main.o
                0x00000000080050c8                updateDeltaphi
 .text.TIM4_IRQHandler
                0x0000000008005170       0x18 ./Source/App/main.o
                0x0000000008005170                TIM4_IRQHandler
 .text.USART1_IRQHandler
                0x0000000008005188       0x14 ./Source/App/main.o
                0x0000000008005188                USART1_IRQHandler
 .text.MPU6050_dmpDataReady
                0x000000000800519c        0xc ./Source/App/maincpp.o
                0x000000000800519c                MPU6050_dmpDataReady
 .text.SystemClock_Config
                0x00000000080051a8       0xd0 ./Source/Driver/dc-Driver.o
                0x00000000080051a8                SystemClock_Config
 .text.MX_TIM1_Init
                0x0000000008005278      0x154 ./Source/Driver/dc-Driver.o
 .text.MX_TIM3_Init
                0x00000000080053cc       0x9c ./Source/Driver/dc-Driver.o
 .text.MX_TIM2_Init
                0x0000000008005468       0xf8 ./Source/Driver/dc-Driver.o
 .text.MX_GPIO_Init
                0x0000000008005560       0xf0 ./Source/Driver/dc-Driver.o
 .text.MX_TIM4_Init
                0x0000000008005650       0x9c ./Source/Driver/dc-Driver.o
 .text.MX_I2C1_Init
                0x00000000080056ec       0x5c ./Source/Driver/dc-Driver.o
                0x00000000080056ec                MX_I2C1_Init
 .text.MX_USART1_UART_Init
                0x0000000008005748       0x54 ./Source/Driver/dc-Driver.o
 .text.Error_Handler
                0x000000000800579c        0xa ./Source/Driver/dc-Driver.o
                0x000000000800579c                Error_Handler
 *fill*         0x00000000080057a6        0x2 
 .text.DcControlSetup
                0x00000000080057a8       0x74 ./Source/Driver/dc-Driver.o
                0x00000000080057a8                DcControlSetup
 .text.dcControl
                0x000000000800581c       0x56 ./Source/Driver/dc-Driver.o
                0x000000000800581c                dcControl
 *fill*         0x0000000008005872        0x2 
 .text.dc1_speed_PID
                0x0000000008005874      0x124 ./Source/Mid/DcControl.o
                0x0000000008005874                dc1_speed_PID
 .text.dc2_speed_PID
                0x0000000008005998      0x124 ./Source/Mid/DcControl.o
                0x0000000008005998                dc2_speed_PID
 .text.TIM2_IRQHandler
                0x0000000008005abc       0x14 ./Source/Mid/DcControl.o
                0x0000000008005abc                TIM2_IRQHandler
 .text.HAL_TIM_IC_CaptureCallback
                0x0000000008005ad0      0x144 ./Source/Mid/DcControl.o
                0x0000000008005ad0                HAL_TIM_IC_CaptureCallback
 .text.TIM3_IRQHandler
                0x0000000008005c14       0x14 ./Source/Mid/DcControl.o
                0x0000000008005c14                TIM3_IRQHandler
 .text.HAL_TIM_PeriodElapsedCallback
                0x0000000008005c28       0x3c ./Source/Mid/DcControl.o
                0x0000000008005c28                HAL_TIM_PeriodElapsedCallback
 .text.checkDcStatus
                0x0000000008005c64       0x68 ./Source/Mid/DcControl.o
 .text.dc1_RotateClockWise
                0x0000000008005ccc       0x9c ./Source/Mid/DcControl.o
                0x0000000008005ccc                dc1_RotateClockWise
 .text.dc1_RotateAntiClockWise
                0x0000000008005d68       0x9c ./Source/Mid/DcControl.o
                0x0000000008005d68                dc1_RotateAntiClockWise
 .text.dc1_Stop
                0x0000000008005e04       0x2c ./Source/Mid/DcControl.o
                0x0000000008005e04                dc1_Stop
 .text.dc2_RotateClockWise
                0x0000000008005e30       0x9c ./Source/Mid/DcControl.o
                0x0000000008005e30                dc2_RotateClockWise
 .text.dc2_RotateAntiClockWise
                0x0000000008005ecc       0x9c ./Source/Mid/DcControl.o
                0x0000000008005ecc                dc2_RotateAntiClockWise
 .text.dc2_Stop
                0x0000000008005f68       0x2c ./Source/Mid/DcControl.o
                0x0000000008005f68                dc2_Stop
 *fill*         0x0000000008005f94        0x4 
 .text.robot_forward
                0x0000000008005f98       0xa0 ./Source/Mid/RobotControl.o
                0x0000000008005f98                robot_forward
 .text.robot_stop
                0x0000000008006038       0x20 ./Source/Mid/RobotControl.o
                0x0000000008006038                robot_stop
 .text.robot_rotateleft
                0x0000000008006058       0x24 ./Source/Mid/RobotControl.o
                0x0000000008006058                robot_rotateleft
 .text.robot_rotateright
                0x000000000800607c       0x24 ./Source/Mid/RobotControl.o
                0x000000000800607c                robot_rotateright
 .text.getRobotState
                0x00000000080060a0       0x7c ./Source/Mid/RobotControl.o
                0x00000000080060a0                getRobotState
 .text.cal_phi_angle
                0x000000000800611c       0x6c ./Source/Mid/dead-reckoning1.o
                0x000000000800611c                cal_phi_angle
 .text.cal_delta_phi_angle
                0x0000000008006188       0x50 ./Source/Mid/dead-reckoning1.o
                0x0000000008006188                cal_delta_phi_angle
 .text.cal_theta_angle
                0x00000000080061d8      0x158 ./Source/Mid/dead-reckoning1.o
                0x00000000080061d8                cal_theta_angle
 .text.cal_robot_pose
                0x0000000008006330      0x224 ./Source/Mid/dead-reckoning1.o
                0x0000000008006330                cal_robot_pose
 .text.get_robot_pose
                0x0000000008006554       0x40 ./Source/Mid/dead-reckoning1.o
                0x0000000008006554                get_robot_pose
 .text.robot_forward_to_position
                0x0000000008006594       0x4c ./Source/Mid/dead-reckoning1.o
                0x0000000008006594                robot_forward_to_position
 .text.cal_distance
                0x00000000080065e0       0x8e ./Source/Mid/dead-reckoning1.o
                0x00000000080065e0                cal_distance
 *fill*         0x000000000800666e        0x2 
 .text.cal_direction
                0x0000000008006670      0x104 ./Source/Mid/dead-reckoning1.o
                0x0000000008006670                cal_direction
 .text.get_robot_despose
                0x0000000008006774       0x40 ./Source/Mid/dead-reckoning1.o
                0x0000000008006774                get_robot_despose
 .text._ZN10QuaternionC2Ev
                0x00000000080067b4       0x36 ./Source/Mid/MPU6050/App/MPU6050-App/MPU6050-App.o
                0x00000000080067b4                Quaternion::Quaternion()
                0x00000000080067b4                Quaternion::Quaternion()
 .text._ZN11VectorInt16C2Ev
                0x00000000080067ea       0x28 ./Source/Mid/MPU6050/App/MPU6050-App/MPU6050-App.o
                0x00000000080067ea                VectorInt16::VectorInt16()
                0x00000000080067ea                VectorInt16::VectorInt16()
 .text._ZN11VectorFloatC2Ev
                0x0000000008006812       0x2e ./Source/Mid/MPU6050/App/MPU6050-App/MPU6050-App.o
                0x0000000008006812                VectorFloat::VectorFloat()
                0x0000000008006812                VectorFloat::VectorFloat()
 .text._Z16MPU_dmpDataReadyv
                0x0000000008006840       0x18 ./Source/Mid/MPU6050/App/MPU6050-App/MPU6050-App.o
                0x0000000008006840                MPU_dmpDataReady()
 .text._Z41__static_initialization_and_destruction_0ii
                0x0000000008006858       0x54 ./Source/Mid/MPU6050/App/MPU6050-App/MPU6050-App.o
 .text._GLOBAL__sub_I__ZN7MPU605013dmpInitializeEv
                0x00000000080068ac       0x10 ./Source/Mid/MPU6050/App/MPU6050-App/MPU6050-App.o
 .text._ZN7MPU6050C2Ev
                0x00000000080068bc       0x1c ./Source/Mid/MPU6050/Mid/MPU6050/MPU6050.o
                0x00000000080068bc                MPU6050::MPU6050()
                0x00000000080068bc                MPU6050::MPU6050()
 .text.bufEnDat
                0x00000000080068d8       0x86 ./Source/Utillities/queue.o
                0x00000000080068d8                bufEnDat
 *fill*         0x000000000800695e        0x2 
 .text.cos      0x0000000008006960       0xa8 c:/st/stm32cubeide_1.9.0/stm32cubeide/plugins/com.st.stm32cube.ide.mcu.externaltools.gnu-tools-for-stm32.10.3-2021.10.win32_1.0.0.202111181127/tools/bin/../lib/gcc/arm-none-eabi/10.3.1/../../../../arm-none-eabi/lib/thumb/v7e-m+fp/hard\libm.a(lib_a-s_cos.o)
                0x0000000008006960                cos
 .text.sin      0x0000000008006a08       0xb0 c:/st/stm32cubeide_1.9.0/stm32cubeide/plugins/com.st.stm32cube.ide.mcu.externaltools.gnu-tools-for-stm32.10.3-2021.10.win32_1.0.0.202111181127/tools/bin/../lib/gcc/arm-none-eabi/10.3.1/../../../../arm-none-eabi/lib/thumb/v7e-m+fp/hard\libm.a(lib_a-s_sin.o)
                0x0000000008006a08                sin
 .text.fabsf    0x0000000008006ab8        0xe c:/st/stm32cubeide_1.9.0/stm32cubeide/plugins/com.st.stm32cube.ide.mcu.externaltools.gnu-tools-for-stm32.10.3-2021.10.win32_1.0.0.202111181127/tools/bin/../lib/gcc/arm-none-eabi/10.3.1/../../../../arm-none-eabi/lib/thumb/v7e-m+fp/hard\libm.a(lib_a-sf_fabs.o)
                0x0000000008006ab8                fabsf
 *fill*         0x0000000008006ac6        0x2 
 .text.roundf   0x0000000008006ac8       0x48 c:/st/stm32cubeide_1.9.0/stm32cubeide/plugins/com.st.stm32cube.ide.mcu.externaltools.gnu-tools-for-stm32.10.3-2021.10.win32_1.0.0.202111181127/tools/bin/../lib/gcc/arm-none-eabi/10.3.1/../../../../arm-none-eabi/lib/thumb/v7e-m+fp/hard\libm.a(lib_a-sf_round.o)
                0x0000000008006ac8                roundf
 .text.acosf    0x0000000008006b10       0x58 c:/st/stm32cubeide_1.9.0/stm32cubeide/plugins/com.st.stm32cube.ide.mcu.externaltools.gnu-tools-for-stm32.10.3-2021.10.win32_1.0.0.202111181127/tools/bin/../lib/gcc/arm-none-eabi/10.3.1/../../../../arm-none-eabi/lib/thumb/v7e-m+fp/hard\libm.a(lib_a-wf_acos.o)
                0x0000000008006b10                acosf
 .text.powf     0x0000000008006b68       0xae c:/st/stm32cubeide_1.9.0/stm32cubeide/plugins/com.st.stm32cube.ide.mcu.externaltools.gnu-tools-for-stm32.10.3-2021.10.win32_1.0.0.202111181127/tools/bin/../lib/gcc/arm-none-eabi/10.3.1/../../../../arm-none-eabi/lib/thumb/v7e-m+fp/hard\libm.a(lib_a-wf_pow.o)
                0x0000000008006b68                powf
 *fill*         0x0000000008006c16        0x2 
 .text.sqrtf    0x0000000008006c18       0x3c c:/st/stm32cubeide_1.9.0/stm32cubeide/plugins/com.st.stm32cube.ide.mcu.externaltools.gnu-tools-for-stm32.10.3-2021.10.win32_1.0.0.202111181127/tools/bin/../lib/gcc/arm-none-eabi/10.3.1/../../../../arm-none-eabi/lib/thumb/v7e-m+fp/hard\libm.a(lib_a-wf_sqrt.o)
                0x0000000008006c18                sqrtf
 *fill*         0x0000000008006c54        0x4 
 .text.__ieee754_rem_pio2
                0x0000000008006c58      0x418 c:/st/stm32cubeide_1.9.0/stm32cubeide/plugins/com.st.stm32cube.ide.mcu.externaltools.gnu-tools-for-stm32.10.3-2021.10.win32_1.0.0.202111181127/tools/bin/../lib/gcc/arm-none-eabi/10.3.1/../../../../arm-none-eabi/lib/thumb/v7e-m+fp/hard\libm.a(lib_a-e_rem_pio2.o)
                0x0000000008006c58                __ieee754_rem_pio2
 .text.__ieee754_acosf
                0x0000000008007070      0x1f0 c:/st/stm32cubeide_1.9.0/stm32cubeide/plugins/com.st.stm32cube.ide.mcu.externaltools.gnu-tools-for-stm32.10.3-2021.10.win32_1.0.0.202111181127/tools/bin/../lib/gcc/arm-none-eabi/10.3.1/../../../../arm-none-eabi/lib/thumb/v7e-m+fp/hard\libm.a(lib_a-ef_acos.o)
                0x0000000008007070                __ieee754_acosf
 .text.__ieee754_powf
                0x0000000008007260      0x59c c:/st/stm32cubeide_1.9.0/stm32cubeide/plugins/com.st.stm32cube.ide.mcu.externaltools.gnu-tools-for-stm32.10.3-2021.10.win32_1.0.0.202111181127/tools/bin/../lib/gcc/arm-none-eabi/10.3.1/../../../../arm-none-eabi/lib/thumb/v7e-m+fp/hard\libm.a(lib_a-ef_pow.o)
                0x0000000008007260                __ieee754_powf
 .text.__ieee754_sqrtf
                0x00000000080077fc        0x6 c:/st/stm32cubeide_1.9.0/stm32cubeide/plugins/com.st.stm32cube.ide.mcu.externaltools.gnu-tools-for-stm32.10.3-2021.10.win32_1.0.0.202111181127/tools/bin/../lib/gcc/arm-none-eabi/10.3.1/../../../../arm-none-eabi/lib/thumb/v7e-m+fp/hard\libm.a(lib_a-ef_sqrt.o)
                0x00000000080077fc                __ieee754_sqrtf
 *fill*         0x0000000008007802        0x6 
 .text.__kernel_cos
                0x0000000008007808      0x18c c:/st/stm32cubeide_1.9.0/stm32cubeide/plugins/com.st.stm32cube.ide.mcu.externaltools.gnu-tools-for-stm32.10.3-2021.10.win32_1.0.0.202111181127/tools/bin/../lib/gcc/arm-none-eabi/10.3.1/../../../../arm-none-eabi/lib/thumb/v7e-m+fp/hard\libm.a(lib_a-k_cos.o)
                0x0000000008007808                __kernel_cos
 *fill*         0x0000000008007994        0x4 
 .text.__kernel_rem_pio2
                0x0000000008007998      0x69c c:/st/stm32cubeide_1.9.0/stm32cubeide/plugins/com.st.stm32cube.ide.mcu.externaltools.gnu-tools-for-stm32.10.3-2021.10.win32_1.0.0.202111181127/tools/bin/../lib/gcc/arm-none-eabi/10.3.1/../../../../arm-none-eabi/lib/thumb/v7e-m+fp/hard\libm.a(lib_a-k_rem_pio2.o)
                0x0000000008007998                __kernel_rem_pio2
 *fill*         0x0000000008008034        0x4 
 .text.__kernel_sin
                0x0000000008008038      0x17c c:/st/stm32cubeide_1.9.0/stm32cubeide/plugins/com.st.stm32cube.ide.mcu.externaltools.gnu-tools-for-stm32.10.3-2021.10.win32_1.0.0.202111181127/tools/bin/../lib/gcc/arm-none-eabi/10.3.1/../../../../arm-none-eabi/lib/thumb/v7e-m+fp/hard\libm.a(lib_a-k_sin.o)
                0x0000000008008038                __kernel_sin
 .text.with_errnof
                0x00000000080081b4       0x16 c:/st/stm32cubeide_1.9.0/stm32cubeide/plugins/com.st.stm32cube.ide.mcu.externaltools.gnu-tools-for-stm32.10.3-2021.10.win32_1.0.0.202111181127/tools/bin/../lib/gcc/arm-none-eabi/10.3.1/../../../../arm-none-eabi/lib/thumb/v7e-m+fp/hard\libm.a(lib_a-math_errf.o)
 .text.xflowf   0x00000000080081ca       0x16 c:/st/stm32cubeide_1.9.0/stm32cubeide/plugins/com.st.stm32cube.ide.mcu.externaltools.gnu-tools-for-stm32.10.3-2021.10.win32_1.0.0.202111181127/tools/bin/../lib/gcc/arm-none-eabi/10.3.1/../../../../arm-none-eabi/lib/thumb/v7e-m+fp/hard\libm.a(lib_a-math_errf.o)
 .text.__math_uflowf
                0x00000000080081e0        0xc c:/st/stm32cubeide_1.9.0/stm32cubeide/plugins/com.st.stm32cube.ide.mcu.externaltools.gnu-tools-for-stm32.10.3-2021.10.win32_1.0.0.202111181127/tools/bin/../lib/gcc/arm-none-eabi/10.3.1/../../../../arm-none-eabi/lib/thumb/v7e-m+fp/hard\libm.a(lib_a-math_errf.o)
                0x00000000080081e0                __math_uflowf
 .text.__math_oflowf
                0x00000000080081ec        0xc c:/st/stm32cubeide_1.9.0/stm32cubeide/plugins/com.st.stm32cube.ide.mcu.externaltools.gnu-tools-for-stm32.10.3-2021.10.win32_1.0.0.202111181127/tools/bin/../lib/gcc/arm-none-eabi/10.3.1/../../../../arm-none-eabi/lib/thumb/v7e-m+fp/hard\libm.a(lib_a-math_errf.o)
                0x00000000080081ec                __math_oflowf
 .text.fabs     0x00000000080081f8       0x12 c:/st/stm32cubeide_1.9.0/stm32cubeide/plugins/com.st.stm32cube.ide.mcu.externaltools.gnu-tools-for-stm32.10.3-2021.10.win32_1.0.0.202111181127/tools/bin/../lib/gcc/arm-none-eabi/10.3.1/../../../../arm-none-eabi/lib/thumb/v7e-m+fp/hard\libm.a(lib_a-s_fabs.o)
                0x00000000080081f8                fabs
 *fill*         0x000000000800820a        0x6 
 .text.floor    0x0000000008008210      0x100 c:/st/stm32cubeide_1.9.0/stm32cubeide/plugins/com.st.stm32cube.ide.mcu.externaltools.gnu-tools-for-stm32.10.3-2021.10.win32_1.0.0.202111181127/tools/bin/../lib/gcc/arm-none-eabi/10.3.1/../../../../arm-none-eabi/lib/thumb/v7e-m+fp/hard\libm.a(lib_a-s_floor.o)
                0x0000000008008210                floor
 .text.scalbn   0x0000000008008310      0x10c c:/st/stm32cubeide_1.9.0/stm32cubeide/plugins/com.st.stm32cube.ide.mcu.externaltools.gnu-tools-for-stm32.10.3-2021.10.win32_1.0.0.202111181127/tools/bin/../lib/gcc/arm-none-eabi/10.3.1/../../../../arm-none-eabi/lib/thumb/v7e-m+fp/hard\libm.a(lib_a-s_scalbn.o)
                0x0000000008008310                scalbn
 .text.finitef  0x000000000800841c       0x1a c:/st/stm32cubeide_1.9.0/stm32cubeide/plugins/com.st.stm32cube.ide.mcu.externaltools.gnu-tools-for-stm32.10.3-2021.10.win32_1.0.0.202111181127/tools/bin/../lib/gcc/arm-none-eabi/10.3.1/../../../../arm-none-eabi/lib/thumb/v7e-m+fp/hard\libm.a(lib_a-sf_finite.o)
                0x000000000800841c                finitef
 *fill*         0x0000000008008436        0x2 
 .text.nanf     0x0000000008008438        0xc c:/st/stm32cubeide_1.9.0/stm32cubeide/plugins/com.st.stm32cube.ide.mcu.externaltools.gnu-tools-for-stm32.10.3-2021.10.win32_1.0.0.202111181127/tools/bin/../lib/gcc/arm-none-eabi/10.3.1/../../../../arm-none-eabi/lib/thumb/v7e-m+fp/hard\libm.a(lib_a-sf_nan.o)
                0x0000000008008438                nanf
 .text.scalbnf  0x0000000008008444       0xe4 c:/st/stm32cubeide_1.9.0/stm32cubeide/plugins/com.st.stm32cube.ide.mcu.externaltools.gnu-tools-for-stm32.10.3-2021.10.win32_1.0.0.202111181127/tools/bin/../lib/gcc/arm-none-eabi/10.3.1/../../../../arm-none-eabi/lib/thumb/v7e-m+fp/hard\libm.a(lib_a-sf_scalbn.o)
                0x0000000008008444                scalbnf
 .text.__errno  0x0000000008008528        0xc c:/st/stm32cubeide_1.9.0/stm32cubeide/plugins/com.st.stm32cube.ide.mcu.externaltools.gnu-tools-for-stm32.10.3-2021.10.win32_1.0.0.202111181127/tools/bin/../lib/gcc/arm-none-eabi/10.3.1/../../../../arm-none-eabi/lib/thumb/v7e-m+fp/hard\libc_nano.a(lib_a-errno.o)
                0x0000000008008528                __errno
 .text.__libc_init_array
                0x0000000008008534       0x48 c:/st/stm32cubeide_1.9.0/stm32cubeide/plugins/com.st.stm32cube.ide.mcu.externaltools.gnu-tools-for-stm32.10.3-2021.10.win32_1.0.0.202111181127/tools/bin/../lib/gcc/arm-none-eabi/10.3.1/../../../../arm-none-eabi/lib/thumb/v7e-m+fp/hard\libc_nano.a(lib_a-init.o)
                0x0000000008008534                __libc_init_array
 .text.memset   0x000000000800857c       0x10 c:/st/stm32cubeide_1.9.0/stm32cubeide/plugins/com.st.stm32cube.ide.mcu.externaltools.gnu-tools-for-stm32.10.3-2021.10.win32_1.0.0.202111181127/tools/bin/../lib/gcc/arm-none-eabi/10.3.1/../../../../arm-none-eabi/lib/thumb/v7e-m+fp/hard\libc_nano.a(lib_a-memset.o)
                0x000000000800857c                memset
 *(.glue_7)
 .glue_7        0x000000000800858c        0x0 linker stubs
 *(.glue_7t)
 .glue_7t       0x000000000800858c        0x0 linker stubs
 *(.eh_frame)
 .eh_frame      0x000000000800858c        0x0 c:/st/stm32cubeide_1.9.0/stm32cubeide/plugins/com.st.stm32cube.ide.mcu.externaltools.gnu-tools-for-stm32.10.3-2021.10.win32_1.0.0.202111181127/tools/bin/../lib/gcc/arm-none-eabi/10.3.1/thumb/v7e-m+fp/hard/crtbegin.o
 *(.init)
 .init          0x000000000800858c        0x4 c:/st/stm32cubeide_1.9.0/stm32cubeide/plugins/com.st.stm32cube.ide.mcu.externaltools.gnu-tools-for-stm32.10.3-2021.10.win32_1.0.0.202111181127/tools/bin/../lib/gcc/arm-none-eabi/10.3.1/thumb/v7e-m+fp/hard/crti.o
                0x000000000800858c                _init
 .init          0x0000000008008590        0x8 c:/st/stm32cubeide_1.9.0/stm32cubeide/plugins/com.st.stm32cube.ide.mcu.externaltools.gnu-tools-for-stm32.10.3-2021.10.win32_1.0.0.202111181127/tools/bin/../lib/gcc/arm-none-eabi/10.3.1/thumb/v7e-m+fp/hard/crtn.o
 *(.fini)
 .fini          0x0000000008008598        0x4 c:/st/stm32cubeide_1.9.0/stm32cubeide/plugins/com.st.stm32cube.ide.mcu.externaltools.gnu-tools-for-stm32.10.3-2021.10.win32_1.0.0.202111181127/tools/bin/../lib/gcc/arm-none-eabi/10.3.1/thumb/v7e-m+fp/hard/crti.o
                0x0000000008008598                _fini
 .fini          0x000000000800859c        0x8 c:/st/stm32cubeide_1.9.0/stm32cubeide/plugins/com.st.stm32cube.ide.mcu.externaltools.gnu-tools-for-stm32.10.3-2021.10.win32_1.0.0.202111181127/tools/bin/../lib/gcc/arm-none-eabi/10.3.1/thumb/v7e-m+fp/hard/crtn.o
                0x00000000080085a4                . = ALIGN (0x4)
                0x00000000080085a4                _etext = .

.vfp11_veneer   0x00000000080085a4        0x0
 .vfp11_veneer  0x00000000080085a4        0x0 linker stubs

.v4_bx          0x00000000080085a4        0x0
 .v4_bx         0x00000000080085a4        0x0 linker stubs

.iplt           0x00000000080085a4        0x0
 .iplt          0x00000000080085a4        0x0 c:/st/stm32cubeide_1.9.0/stm32cubeide/plugins/com.st.stm32cube.ide.mcu.externaltools.gnu-tools-for-stm32.10.3-2021.10.win32_1.0.0.202111181127/tools/bin/../lib/gcc/arm-none-eabi/10.3.1/thumb/v7e-m+fp/hard/crtbegin.o

.rodata         0x00000000080085a8      0x210
                0x00000000080085a8                . = ALIGN (0x4)
 *(.rodata)
 *(.rodata*)
 .rodata.AHBPrescTable
                0x00000000080085a8       0x10 ./Core/Src/system_stm32f4xx.o
                0x00000000080085a8                AHBPrescTable
 .rodata.APBPrescTable
                0x00000000080085b8        0x8 ./Core/Src/system_stm32f4xx.o
                0x00000000080085b8                APBPrescTable
 .rodata.acosf.str1.1
                0x00000000080085c0        0x1 c:/st/stm32cubeide_1.9.0/stm32cubeide/plugins/com.st.stm32cube.ide.mcu.externaltools.gnu-tools-for-stm32.10.3-2021.10.win32_1.0.0.202111181127/tools/bin/../lib/gcc/arm-none-eabi/10.3.1/../../../../arm-none-eabi/lib/thumb/v7e-m+fp/hard\libm.a(lib_a-wf_acos.o)
 *fill*         0x00000000080085c1        0x3 
 .rodata.npio2_hw
                0x00000000080085c4       0x80 c:/st/stm32cubeide_1.9.0/stm32cubeide/plugins/com.st.stm32cube.ide.mcu.externaltools.gnu-tools-for-stm32.10.3-2021.10.win32_1.0.0.202111181127/tools/bin/../lib/gcc/arm-none-eabi/10.3.1/../../../../arm-none-eabi/lib/thumb/v7e-m+fp/hard\libm.a(lib_a-e_rem_pio2.o)
 .rodata.two_over_pi
                0x0000000008008644      0x108 c:/st/stm32cubeide_1.9.0/stm32cubeide/plugins/com.st.stm32cube.ide.mcu.externaltools.gnu-tools-for-stm32.10.3-2021.10.win32_1.0.0.202111181127/tools/bin/../lib/gcc/arm-none-eabi/10.3.1/../../../../arm-none-eabi/lib/thumb/v7e-m+fp/hard\libm.a(lib_a-e_rem_pio2.o)
 .rodata.bp     0x000000000800874c        0x8 c:/st/stm32cubeide_1.9.0/stm32cubeide/plugins/com.st.stm32cube.ide.mcu.externaltools.gnu-tools-for-stm32.10.3-2021.10.win32_1.0.0.202111181127/tools/bin/../lib/gcc/arm-none-eabi/10.3.1/../../../../arm-none-eabi/lib/thumb/v7e-m+fp/hard\libm.a(lib_a-ef_pow.o)
 .rodata.dp_h   0x0000000008008754        0x8 c:/st/stm32cubeide_1.9.0/stm32cubeide/plugins/com.st.stm32cube.ide.mcu.externaltools.gnu-tools-for-stm32.10.3-2021.10.win32_1.0.0.202111181127/tools/bin/../lib/gcc/arm-none-eabi/10.3.1/../../../../arm-none-eabi/lib/thumb/v7e-m+fp/hard\libm.a(lib_a-ef_pow.o)
 .rodata.dp_l   0x000000000800875c        0x8 c:/st/stm32cubeide_1.9.0/stm32cubeide/plugins/com.st.stm32cube.ide.mcu.externaltools.gnu-tools-for-stm32.10.3-2021.10.win32_1.0.0.202111181127/tools/bin/../lib/gcc/arm-none-eabi/10.3.1/../../../../arm-none-eabi/lib/thumb/v7e-m+fp/hard\libm.a(lib_a-ef_pow.o)
 *fill*         0x0000000008008764        0x4 
 .rodata.PIo2   0x0000000008008768       0x40 c:/st/stm32cubeide_1.9.0/stm32cubeide/plugins/com.st.stm32cube.ide.mcu.externaltools.gnu-tools-for-stm32.10.3-2021.10.win32_1.0.0.202111181127/tools/bin/../lib/gcc/arm-none-eabi/10.3.1/../../../../arm-none-eabi/lib/thumb/v7e-m+fp/hard\libm.a(lib_a-k_rem_pio2.o)
 .rodata.init_jk
                0x00000000080087a8       0x10 c:/st/stm32cubeide_1.9.0/stm32cubeide/plugins/com.st.stm32cube.ide.mcu.externaltools.gnu-tools-for-stm32.10.3-2021.10.win32_1.0.0.202111181127/tools/bin/../lib/gcc/arm-none-eabi/10.3.1/../../../../arm-none-eabi/lib/thumb/v7e-m+fp/hard\libm.a(lib_a-k_rem_pio2.o)
                0x00000000080087b8                . = ALIGN (0x4)

.ARM.extab      0x00000000080087b8        0x0
                0x00000000080087b8                . = ALIGN (0x4)
 *(.ARM.extab* .gnu.linkonce.armextab.*)
                0x00000000080087b8                . = ALIGN (0x4)

.ARM            0x00000000080087b8        0x8
                0x00000000080087b8                . = ALIGN (0x4)
                0x00000000080087b8                __exidx_start = .
 *(.ARM.exidx*)
 .ARM.exidx     0x00000000080087b8        0x8 c:/st/stm32cubeide_1.9.0/stm32cubeide/plugins/com.st.stm32cube.ide.mcu.externaltools.gnu-tools-for-stm32.10.3-2021.10.win32_1.0.0.202111181127/tools/bin/../lib/gcc/arm-none-eabi/10.3.1/thumb/v7e-m+fp/hard\libgcc.a(_udivmoddi4.o)
                0x00000000080087c0                __exidx_end = .
                0x00000000080087c0                . = ALIGN (0x4)

.rel.dyn        0x00000000080087c0        0x0
 .rel.iplt      0x00000000080087c0        0x0 c:/st/stm32cubeide_1.9.0/stm32cubeide/plugins/com.st.stm32cube.ide.mcu.externaltools.gnu-tools-for-stm32.10.3-2021.10.win32_1.0.0.202111181127/tools/bin/../lib/gcc/arm-none-eabi/10.3.1/thumb/v7e-m+fp/hard/crtbegin.o

.preinit_array  0x00000000080087c0        0x0
                0x00000000080087c0                . = ALIGN (0x4)
                0x00000000080087c0                PROVIDE (__preinit_array_start = .)
 *(.preinit_array*)
                0x00000000080087c0                PROVIDE (__preinit_array_end = .)
                0x00000000080087c0                . = ALIGN (0x4)

.init_array     0x00000000080087c0        0x8
                0x00000000080087c0                . = ALIGN (0x4)
                0x00000000080087c0                PROVIDE (__init_array_start = .)
 *(SORT_BY_NAME(.init_array.*))
 *(.init_array*)
 .init_array    0x00000000080087c0        0x4 c:/st/stm32cubeide_1.9.0/stm32cubeide/plugins/com.st.stm32cube.ide.mcu.externaltools.gnu-tools-for-stm32.10.3-2021.10.win32_1.0.0.202111181127/tools/bin/../lib/gcc/arm-none-eabi/10.3.1/thumb/v7e-m+fp/hard/crtbegin.o
 .init_array    0x00000000080087c4        0x4 ./Source/Mid/MPU6050/App/MPU6050-App/MPU6050-App.o
                0x00000000080087c8                PROVIDE (__init_array_end = .)
                0x00000000080087c8                . = ALIGN (0x4)

.fini_array     0x00000000080087c8        0x4
                0x00000000080087c8                . = ALIGN (0x4)
                [!provide]                        PROVIDE (__fini_array_start = .)
 *(SORT_BY_NAME(.fini_array.*))
 *(.fini_array*)
 .fini_array    0x00000000080087c8        0x4 c:/st/stm32cubeide_1.9.0/stm32cubeide/plugins/com.st.stm32cube.ide.mcu.externaltools.gnu-tools-for-stm32.10.3-2021.10.win32_1.0.0.202111181127/tools/bin/../lib/gcc/arm-none-eabi/10.3.1/thumb/v7e-m+fp/hard/crtbegin.o
                [!provide]                        PROVIDE (__fini_array_end = .)
                0x00000000080087cc                . = ALIGN (0x4)
                0x00000000080087cc                _sidata = LOADADDR (.data)

.data           0x0000000020000000       0x70 load address 0x00000000080087cc
                0x0000000020000000                . = ALIGN (0x4)
                0x0000000020000000                _sdata = .
 *(.data)
 *(.data*)
 .data.SystemCoreClock
                0x0000000020000000        0x4 ./Core/Src/system_stm32f4xx.o
                0x0000000020000000                SystemCoreClock
 .data.uwTickPrio
                0x0000000020000004        0x4 ./Drivers/STM32F4xx_HAL_Driver/Src/stm32f4xx_hal.o
                0x0000000020000004                uwTickPrio
 .data.uwTickFreq
                0x0000000020000008        0x1 ./Drivers/STM32F4xx_HAL_Driver/Src/stm32f4xx_hal.o
                0x0000000020000008                uwTickFreq
 .data.g_byKp   0x0000000020000009        0x1 ./Source/Mid/DcControl.o
                0x0000000020000009                g_byKp
 .data.g_byKd   0x000000002000000a        0x1 ./Source/Mid/DcControl.o
                0x000000002000000a                g_byKd
 .data.g_byKi   0x000000002000000b        0x1 ./Source/Mid/DcControl.o
                0x000000002000000b                g_byKi
 .data._impure_ptr
                0x000000002000000c        0x4 c:/st/stm32cubeide_1.9.0/stm32cubeide/plugins/com.st.stm32cube.ide.mcu.externaltools.gnu-tools-for-stm32.10.3-2021.10.win32_1.0.0.202111181127/tools/bin/../lib/gcc/arm-none-eabi/10.3.1/../../../../arm-none-eabi/lib/thumb/v7e-m+fp/hard\libc_nano.a(lib_a-impure.o)
                0x000000002000000c                _impure_ptr
 .data.impure_data
                0x0000000020000010       0x60 c:/st/stm32cubeide_1.9.0/stm32cubeide/plugins/com.st.stm32cube.ide.mcu.externaltools.gnu-tools-for-stm32.10.3-2021.10.win32_1.0.0.202111181127/tools/bin/../lib/gcc/arm-none-eabi/10.3.1/../../../../arm-none-eabi/lib/thumb/v7e-m+fp/hard\libc_nano.a(lib_a-impure.o)
 *(.RamFunc)
 *(.RamFunc*)
                0x0000000020000070                . = ALIGN (0x4)
                0x0000000020000070                _edata = .
                0x000000000800883c                _siccmram = LOADADDR (.ccmram)

.igot.plt       0x0000000020000070        0x0 load address 0x000000000800883c
 .igot.plt      0x0000000020000070        0x0 c:/st/stm32cubeide_1.9.0/stm32cubeide/plugins/com.st.stm32cube.ide.mcu.externaltools.gnu-tools-for-stm32.10.3-2021.10.win32_1.0.0.202111181127/tools/bin/../lib/gcc/arm-none-eabi/10.3.1/thumb/v7e-m+fp/hard/crtbegin.o

.ccmram         0x0000000010000000        0x0 load address 0x000000000800883c
                0x0000000010000000                . = ALIGN (0x4)
                0x0000000010000000                _sccmram = .
 *(.ccmram)
 *(.ccmram*)
                0x0000000010000000                . = ALIGN (0x4)
                0x0000000010000000                _eccmram = .
                0x0000000010000000                . = ALIGN (0x4)

.bss            0x0000000020000070      0x2f8
                0x0000000020000070                _sbss = .
                0x0000000020000070                __bss_start__ = _sbss
 *(.bss)
 .bss           0x0000000020000070       0x1c c:/st/stm32cubeide_1.9.0/stm32cubeide/plugins/com.st.stm32cube.ide.mcu.externaltools.gnu-tools-for-stm32.10.3-2021.10.win32_1.0.0.202111181127/tools/bin/../lib/gcc/arm-none-eabi/10.3.1/thumb/v7e-m+fp/hard/crtbegin.o
 *(.bss*)
 .bss.uwTick    0x000000002000008c        0x4 ./Drivers/STM32F4xx_HAL_Driver/Src/stm32f4xx_hal.o
                0x000000002000008c                uwTick
 .bss.htim1     0x0000000020000090       0x48 ./Source/App/main.o
                0x0000000020000090                htim1
 .bss.htim2     0x00000000200000d8       0x48 ./Source/App/main.o
                0x00000000200000d8                htim2
 .bss.htim3     0x0000000020000120       0x48 ./Source/App/main.o
                0x0000000020000120                htim3
 .bss.htim4     0x0000000020000168       0x48 ./Source/App/main.o
                0x0000000020000168                htim4
 .bss.hi2c1     0x00000000200001b0       0x54 ./Source/App/main.o
                0x00000000200001b0                hi2c1
 .bss.huart1    0x0000000020000204       0x44 ./Source/App/main.o
                0x0000000020000204                huart1
 .bss.g_wDespulse
                0x0000000020000248        0x2 ./Source/App/main.o
                0x0000000020000248                g_wDespulse
 .bss.g_robotState
                0x000000002000024a        0x1 ./Source/App/main.o
                0x000000002000024a                g_robotState
 *fill*         0x000000002000024b        0x1 
 .bss.pbyDataReceived
                0x000000002000024c        0x3 ./Source/App/main.o
                0x000000002000024c                pbyDataReceived
 *fill*         0x000000002000024f        0x1 
 .bss.serialQueueRx
                0x0000000020000250       0x26 ./Source/App/main.o
 *fill*         0x0000000020000276        0x2 
 .bss.g_iwErrDc1
                0x0000000020000278        0x4 ./Source/Mid/DcControl.o
                0x0000000020000278                g_iwErrDc1
 .bss.g_iwPreErrDc1
                0x000000002000027c        0x4 ./Source/Mid/DcControl.o
                0x000000002000027c                g_iwPreErrDc1
 .bss.g_iwRpmDc1
                0x0000000020000280        0x4 ./Source/Mid/DcControl.o
                0x0000000020000280                g_iwRpmDc1
 .bss.g_iwpPartDc1
                0x0000000020000284        0x4 ./Source/Mid/DcControl.o
                0x0000000020000284                g_iwpPartDc1
 .bss.g_iwdPartDc1
                0x0000000020000288        0x4 ./Source/Mid/DcControl.o
                0x0000000020000288                g_iwdPartDc1
 .bss.g_iwiPartDc1
                0x000000002000028c        0x4 ./Source/Mid/DcControl.o
                0x000000002000028c                g_iwiPartDc1
 .bss.g_iwOutputDc1
                0x0000000020000290        0x4 ./Source/Mid/DcControl.o
                0x0000000020000290                g_iwOutputDc1
 .bss.g_iwPulseDc1
                0x0000000020000294        0x4 ./Source/Mid/DcControl.o
                0x0000000020000294                g_iwPulseDc1
 .bss.g_iwErrDc2
                0x0000000020000298        0x4 ./Source/Mid/DcControl.o
                0x0000000020000298                g_iwErrDc2
 .bss.g_iwPreErrDc2
                0x000000002000029c        0x4 ./Source/Mid/DcControl.o
                0x000000002000029c                g_iwPreErrDc2
 .bss.g_iwRpmDc2
                0x00000000200002a0        0x4 ./Source/Mid/DcControl.o
                0x00000000200002a0                g_iwRpmDc2
 .bss.g_iwpPartDc2
                0x00000000200002a4        0x4 ./Source/Mid/DcControl.o
                0x00000000200002a4                g_iwpPartDc2
 .bss.g_iwdPartDc2
                0x00000000200002a8        0x4 ./Source/Mid/DcControl.o
                0x00000000200002a8                g_iwdPartDc2
 .bss.g_iwiPartDc2
                0x00000000200002ac        0x4 ./Source/Mid/DcControl.o
                0x00000000200002ac                g_iwiPartDc2
 .bss.g_iwOutputDc2
                0x00000000200002b0        0x4 ./Source/Mid/DcControl.o
                0x00000000200002b0                g_iwOutputDc2
 .bss.g_iwPulseDc2
                0x00000000200002b4        0x4 ./Source/Mid/DcControl.o
                0x00000000200002b4                g_iwPulseDc2
 .bss.g_DirectionDc1
                0x00000000200002b8        0x1 ./Source/Mid/DcControl.o
                0x00000000200002b8                g_DirectionDc1
 .bss.g_DirectionDc2
                0x00000000200002b9        0x1 ./Source/Mid/DcControl.o
                0x00000000200002b9                g_DirectionDc2
 .bss.g_run_distance
                0x00000000200002ba        0x1 ./Source/Mid/DcControl.o
                0x00000000200002ba                g_run_distance
 .bss.g_rotate  0x00000000200002bb        0x1 ./Source/Mid/DcControl.o
                0x00000000200002bb                g_rotate
 .bss.g_dc1_pulse_count
                0x00000000200002bc        0x4 ./Source/Mid/DcControl.o
                0x00000000200002bc                g_dc1_pulse_count
 .bss.g_dc2_pulse_count
                0x00000000200002c0        0x4 ./Source/Mid/DcControl.o
                0x00000000200002c0                g_dc2_pulse_count
 *fill*         0x00000000200002c4        0x4 
 .bss.g_left_pulse_count
                0x00000000200002c8        0x8 ./Source/Mid/DcControl.o
                0x00000000200002c8                g_left_pulse_count
 .bss.g_right_pulse_count
                0x00000000200002d0        0x8 ./Source/Mid/DcControl.o
                0x00000000200002d0                g_right_pulse_count
 .bss.g_left_pulse_count_prev
                0x00000000200002d8        0x8 ./Source/Mid/DcControl.o
                0x00000000200002d8                g_left_pulse_count_prev
 .bss.g_right_pulse_count_prev
                0x00000000200002e0        0x8 ./Source/Mid/DcControl.o
                0x00000000200002e0                g_right_pulse_count_prev
 .bss.g_robotPose_estimate
                0x00000000200002e8        0xc ./Source/Mid/dead-reckoning1.o
                0x00000000200002e8                g_robotPose_estimate
 .bss.g_robotPose_previous
                0x00000000200002f4        0xc ./Source/Mid/dead-reckoning1.o
                0x00000000200002f4                g_robotPose_previous
 .bss.g_delta_phi_left
                0x0000000020000300        0x4 ./Source/Mid/dead-reckoning1.o
                0x0000000020000300                g_delta_phi_left
 .bss.g_delta_phi_right
                0x0000000020000304        0x4 ./Source/Mid/dead-reckoning1.o
                0x0000000020000304                g_delta_phi_right
 .bss.g_phi_left
                0x0000000020000308        0x4 ./Source/Mid/dead-reckoning1.o
                0x0000000020000308                g_phi_left
 .bss.g_phi_right
                0x000000002000030c        0x4 ./Source/Mid/dead-reckoning1.o
                0x000000002000030c                g_phi_right
 .bss.g_despose
                0x0000000020000310        0xc ./Source/Mid/dead-reckoning1.o
                0x0000000020000310                g_despose
 .bss.g_robotMove
                0x000000002000031c        0x1 ./Source/Mid/dead-reckoning1.o
                0x000000002000031c                g_robotMove
 *fill*         0x000000002000031d        0x3 
 .bss.g_q       0x0000000020000320       0x10 ./Source/Mid/MPU6050/App/MPU6050-App/MPU6050-App.o
                0x0000000020000320                g_q
 .bss.g_Aa      0x0000000020000330        0x6 ./Source/Mid/MPU6050/App/MPU6050-App/MPU6050-App.o
                0x0000000020000330                g_Aa
 *fill*         0x0000000020000336        0x2 
 .bss.g_AaReal  0x0000000020000338        0x6 ./Source/Mid/MPU6050/App/MPU6050-App/MPU6050-App.o
                0x0000000020000338                g_AaReal
 *fill*         0x000000002000033e        0x2 
 .bss.g_gravity
                0x0000000020000340        0xc ./Source/Mid/MPU6050/App/MPU6050-App/MPU6050-App.o
                0x0000000020000340                g_gravity
 .bss.g_mpu     0x000000002000034c       0x18 ./Source/Mid/MPU6050/App/MPU6050-App/MPU6050-App.o
                0x000000002000034c                g_mpu
 .bss.g_boMpuInterrupt
                0x0000000020000364        0x1 ./Source/Mid/MPU6050/App/MPU6050-App/MPU6050-App.o
                0x0000000020000364                g_boMpuInterrupt
 *(COMMON)
                0x0000000020000368                . = ALIGN (0x4)
 *fill*         0x0000000020000365        0x3 
                0x0000000020000368                _ebss = .
                0x0000000020000368                __bss_end__ = _ebss

._user_heap_stack
                0x0000000020000368      0x600
                0x0000000020000368                . = ALIGN (0x8)
                [!provide]                        PROVIDE (end = .)
                0x0000000020000368                PROVIDE (_end = .)
                0x0000000020000568                . = (. + _Min_Heap_Size)
 *fill*         0x0000000020000368      0x200 
                0x0000000020000968                . = (. + _Min_Stack_Size)
 *fill*         0x0000000020000568      0x400 
                0x0000000020000968                . = ALIGN (0x8)

/DISCARD/
 libc.a(*)
 libm.a(*)
 libgcc.a(*)

.ARM.attributes
                0x0000000000000000       0x30
 *(.ARM.attributes)
 .ARM.attributes
                0x0000000000000000       0x1e c:/st/stm32cubeide_1.9.0/stm32cubeide/plugins/com.st.stm32cube.ide.mcu.externaltools.gnu-tools-for-stm32.10.3-2021.10.win32_1.0.0.202111181127/tools/bin/../lib/gcc/arm-none-eabi/10.3.1/thumb/v7e-m+fp/hard/crti.o
 .ARM.attributes
                0x000000000000001e       0x34 c:/st/stm32cubeide_1.9.0/stm32cubeide/plugins/com.st.stm32cube.ide.mcu.externaltools.gnu-tools-for-stm32.10.3-2021.10.win32_1.0.0.202111181127/tools/bin/../lib/gcc/arm-none-eabi/10.3.1/thumb/v7e-m+fp/hard/crtbegin.o
 .ARM.attributes
                0x0000000000000052       0x34 ./Core/Src/stm32f4xx_hal_msp.o
 .ARM.attributes
                0x0000000000000086       0x34 ./Core/Src/stm32f4xx_it.o
 .ARM.attributes
                0x00000000000000ba       0x34 ./Core/Src/system_stm32f4xx.o
 .ARM.attributes
                0x00000000000000ee       0x21 ./Core/Startup/startup_stm32f407vgtx.o
 .ARM.attributes
                0x000000000000010f       0x34 ./Drivers/STM32F4xx_HAL_Driver/Src/stm32f4xx_hal.o
 .ARM.attributes
                0x0000000000000143       0x34 ./Drivers/STM32F4xx_HAL_Driver/Src/stm32f4xx_hal_cortex.o
 .ARM.attributes
                0x0000000000000177       0x34 ./Drivers/STM32F4xx_HAL_Driver/Src/stm32f4xx_hal_dma.o
 .ARM.attributes
                0x00000000000001ab       0x34 ./Drivers/STM32F4xx_HAL_Driver/Src/stm32f4xx_hal_gpio.o
 .ARM.attributes
                0x00000000000001df       0x34 ./Drivers/STM32F4xx_HAL_Driver/Src/stm32f4xx_hal_i2c.o
 .ARM.attributes
                0x0000000000000213       0x34 ./Drivers/STM32F4xx_HAL_Driver/Src/stm32f4xx_hal_rcc.o
 .ARM.attributes
                0x0000000000000247       0x34 ./Drivers/STM32F4xx_HAL_Driver/Src/stm32f4xx_hal_tim.o
 .ARM.attributes
                0x000000000000027b       0x34 ./Drivers/STM32F4xx_HAL_Driver/Src/stm32f4xx_hal_tim_ex.o
 .ARM.attributes
                0x00000000000002af       0x34 ./Drivers/STM32F4xx_HAL_Driver/Src/stm32f4xx_hal_uart.o
 .ARM.attributes
                0x00000000000002e3       0x34 ./Source/App/main.o
 .ARM.attributes
                0x0000000000000317       0x34 ./Source/App/maincpp.o
 .ARM.attributes
                0x000000000000034b       0x34 ./Source/Driver/dc-Driver.o
 .ARM.attributes
                0x000000000000037f       0x34 ./Source/Mid/DcControl.o
 .ARM.attributes
                0x00000000000003b3       0x34 ./Source/Mid/RobotControl.o
 .ARM.attributes
                0x00000000000003e7       0x34 ./Source/Mid/dead-reckoning1.o
 .ARM.attributes
                0x000000000000041b       0x34 ./Source/Mid/MPU6050/App/MPU6050-App/MPU6050-App.o
 .ARM.attributes
                0x000000000000044f       0x34 ./Source/Mid/MPU6050/Mid/MPU6050/MPU6050.o
 .ARM.attributes
                0x0000000000000483       0x34 ./Source/Utillities/queue.o
 .ARM.attributes
                0x00000000000004b7       0x34 c:/st/stm32cubeide_1.9.0/stm32cubeide/plugins/com.st.stm32cube.ide.mcu.externaltools.gnu-tools-for-stm32.10.3-2021.10.win32_1.0.0.202111181127/tools/bin/../lib/gcc/arm-none-eabi/10.3.1/../../../../arm-none-eabi/lib/thumb/v7e-m+fp/hard\libm.a(lib_a-s_cos.o)
 .ARM.attributes
                0x00000000000004eb       0x34 c:/st/stm32cubeide_1.9.0/stm32cubeide/plugins/com.st.stm32cube.ide.mcu.externaltools.gnu-tools-for-stm32.10.3-2021.10.win32_1.0.0.202111181127/tools/bin/../lib/gcc/arm-none-eabi/10.3.1/../../../../arm-none-eabi/lib/thumb/v7e-m+fp/hard\libm.a(lib_a-s_sin.o)
 .ARM.attributes
                0x000000000000051f       0x34 c:/st/stm32cubeide_1.9.0/stm32cubeide/plugins/com.st.stm32cube.ide.mcu.externaltools.gnu-tools-for-stm32.10.3-2021.10.win32_1.0.0.202111181127/tools/bin/../lib/gcc/arm-none-eabi/10.3.1/../../../../arm-none-eabi/lib/thumb/v7e-m+fp/hard\libm.a(lib_a-sf_fabs.o)
 .ARM.attributes
                0x0000000000000553       0x34 c:/st/stm32cubeide_1.9.0/stm32cubeide/plugins/com.st.stm32cube.ide.mcu.externaltools.gnu-tools-for-stm32.10.3-2021.10.win32_1.0.0.202111181127/tools/bin/../lib/gcc/arm-none-eabi/10.3.1/../../../../arm-none-eabi/lib/thumb/v7e-m+fp/hard\libm.a(lib_a-sf_round.o)
 .ARM.attributes
                0x0000000000000587       0x34 c:/st/stm32cubeide_1.9.0/stm32cubeide/plugins/com.st.stm32cube.ide.mcu.externaltools.gnu-tools-for-stm32.10.3-2021.10.win32_1.0.0.202111181127/tools/bin/../lib/gcc/arm-none-eabi/10.3.1/../../../../arm-none-eabi/lib/thumb/v7e-m+fp/hard\libm.a(lib_a-wf_acos.o)
 .ARM.attributes
                0x00000000000005bb       0x34 c:/st/stm32cubeide_1.9.0/stm32cubeide/plugins/com.st.stm32cube.ide.mcu.externaltools.gnu-tools-for-stm32.10.3-2021.10.win32_1.0.0.202111181127/tools/bin/../lib/gcc/arm-none-eabi/10.3.1/../../../../arm-none-eabi/lib/thumb/v7e-m+fp/hard\libm.a(lib_a-wf_pow.o)
 .ARM.attributes
                0x00000000000005ef       0x34 c:/st/stm32cubeide_1.9.0/stm32cubeide/plugins/com.st.stm32cube.ide.mcu.externaltools.gnu-tools-for-stm32.10.3-2021.10.win32_1.0.0.202111181127/tools/bin/../lib/gcc/arm-none-eabi/10.3.1/../../../../arm-none-eabi/lib/thumb/v7e-m+fp/hard\libm.a(lib_a-wf_sqrt.o)
 .ARM.attributes
                0x0000000000000623       0x34 c:/st/stm32cubeide_1.9.0/stm32cubeide/plugins/com.st.stm32cube.ide.mcu.externaltools.gnu-tools-for-stm32.10.3-2021.10.win32_1.0.0.202111181127/tools/bin/../lib/gcc/arm-none-eabi/10.3.1/../../../../arm-none-eabi/lib/thumb/v7e-m+fp/hard\libm.a(lib_a-e_rem_pio2.o)
 .ARM.attributes
                0x0000000000000657       0x34 c:/st/stm32cubeide_1.9.0/stm32cubeide/plugins/com.st.stm32cube.ide.mcu.externaltools.gnu-tools-for-stm32.10.3-2021.10.win32_1.0.0.202111181127/tools/bin/../lib/gcc/arm-none-eabi/10.3.1/../../../../arm-none-eabi/lib/thumb/v7e-m+fp/hard\libm.a(lib_a-ef_acos.o)
 .ARM.attributes
                0x000000000000068b       0x34 c:/st/stm32cubeide_1.9.0/stm32cubeide/plugins/com.st.stm32cube.ide.mcu.externaltools.gnu-tools-for-stm32.10.3-2021.10.win32_1.0.0.202111181127/tools/bin/../lib/gcc/arm-none-eabi/10.3.1/../../../../arm-none-eabi/lib/thumb/v7e-m+fp/hard\libm.a(lib_a-ef_pow.o)
 .ARM.attributes
                0x00000000000006bf       0x34 c:/st/stm32cubeide_1.9.0/stm32cubeide/plugins/com.st.stm32cube.ide.mcu.externaltools.gnu-tools-for-stm32.10.3-2021.10.win32_1.0.0.202111181127/tools/bin/../lib/gcc/arm-none-eabi/10.3.1/../../../../arm-none-eabi/lib/thumb/v7e-m+fp/hard\libm.a(lib_a-ef_sqrt.o)
 .ARM.attributes
                0x00000000000006f3       0x34 c:/st/stm32cubeide_1.9.0/stm32cubeide/plugins/com.st.stm32cube.ide.mcu.externaltools.gnu-tools-for-stm32.10.3-2021.10.win32_1.0.0.202111181127/tools/bin/../lib/gcc/arm-none-eabi/10.3.1/../../../../arm-none-eabi/lib/thumb/v7e-m+fp/hard\libm.a(lib_a-k_cos.o)
 .ARM.attributes
                0x0000000000000727       0x34 c:/st/stm32cubeide_1.9.0/stm32cubeide/plugins/com.st.stm32cube.ide.mcu.externaltools.gnu-tools-for-stm32.10.3-2021.10.win32_1.0.0.202111181127/tools/bin/../lib/gcc/arm-none-eabi/10.3.1/../../../../arm-none-eabi/lib/thumb/v7e-m+fp/hard\libm.a(lib_a-k_rem_pio2.o)
 .ARM.attributes
                0x000000000000075b       0x34 c:/st/stm32cubeide_1.9.0/stm32cubeide/plugins/com.st.stm32cube.ide.mcu.externaltools.gnu-tools-for-stm32.10.3-2021.10.win32_1.0.0.202111181127/tools/bin/../lib/gcc/arm-none-eabi/10.3.1/../../../../arm-none-eabi/lib/thumb/v7e-m+fp/hard\libm.a(lib_a-k_sin.o)
 .ARM.attributes
                0x000000000000078f       0x34 c:/st/stm32cubeide_1.9.0/stm32cubeide/plugins/com.st.stm32cube.ide.mcu.externaltools.gnu-tools-for-stm32.10.3-2021.10.win32_1.0.0.202111181127/tools/bin/../lib/gcc/arm-none-eabi/10.3.1/../../../../arm-none-eabi/lib/thumb/v7e-m+fp/hard\libm.a(lib_a-math_errf.o)
 .ARM.attributes
                0x00000000000007c3       0x34 c:/st/stm32cubeide_1.9.0/stm32cubeide/plugins/com.st.stm32cube.ide.mcu.externaltools.gnu-tools-for-stm32.10.3-2021.10.win32_1.0.0.202111181127/tools/bin/../lib/gcc/arm-none-eabi/10.3.1/../../../../arm-none-eabi/lib/thumb/v7e-m+fp/hard\libm.a(lib_a-s_fabs.o)
 .ARM.attributes
                0x00000000000007f7       0x34 c:/st/stm32cubeide_1.9.0/stm32cubeide/plugins/com.st.stm32cube.ide.mcu.externaltools.gnu-tools-for-stm32.10.3-2021.10.win32_1.0.0.202111181127/tools/bin/../lib/gcc/arm-none-eabi/10.3.1/../../../../arm-none-eabi/lib/thumb/v7e-m+fp/hard\libm.a(lib_a-s_floor.o)
 .ARM.attributes
                0x000000000000082b       0x34 c:/st/stm32cubeide_1.9.0/stm32cubeide/plugins/com.st.stm32cube.ide.mcu.externaltools.gnu-tools-for-stm32.10.3-2021.10.win32_1.0.0.202111181127/tools/bin/../lib/gcc/arm-none-eabi/10.3.1/../../../../arm-none-eabi/lib/thumb/v7e-m+fp/hard\libm.a(lib_a-s_scalbn.o)
 .ARM.attributes
                0x000000000000085f       0x34 c:/st/stm32cubeide_1.9.0/stm32cubeide/plugins/com.st.stm32cube.ide.mcu.externaltools.gnu-tools-for-stm32.10.3-2021.10.win32_1.0.0.202111181127/tools/bin/../lib/gcc/arm-none-eabi/10.3.1/../../../../arm-none-eabi/lib/thumb/v7e-m+fp/hard\libm.a(lib_a-sf_finite.o)
 .ARM.attributes
                0x0000000000000893       0x34 c:/st/stm32cubeide_1.9.0/stm32cubeide/plugins/com.st.stm32cube.ide.mcu.externaltools.gnu-tools-for-stm32.10.3-2021.10.win32_1.0.0.202111181127/tools/bin/../lib/gcc/arm-none-eabi/10.3.1/../../../../arm-none-eabi/lib/thumb/v7e-m+fp/hard\libm.a(lib_a-sf_nan.o)
 .ARM.attributes
                0x00000000000008c7       0x34 c:/st/stm32cubeide_1.9.0/stm32cubeide/plugins/com.st.stm32cube.ide.mcu.externaltools.gnu-tools-for-stm32.10.3-2021.10.win32_1.0.0.202111181127/tools/bin/../lib/gcc/arm-none-eabi/10.3.1/../../../../arm-none-eabi/lib/thumb/v7e-m+fp/hard\libm.a(lib_a-sf_scalbn.o)
 .ARM.attributes
                0x00000000000008fb       0x34 c:/st/stm32cubeide_1.9.0/stm32cubeide/plugins/com.st.stm32cube.ide.mcu.externaltools.gnu-tools-for-stm32.10.3-2021.10.win32_1.0.0.202111181127/tools/bin/../lib/gcc/arm-none-eabi/10.3.1/../../../../arm-none-eabi/lib/thumb/v7e-m+fp/hard\libc_nano.a(lib_a-errno.o)
 .ARM.attributes
                0x000000000000092f       0x34 c:/st/stm32cubeide_1.9.0/stm32cubeide/plugins/com.st.stm32cube.ide.mcu.externaltools.gnu-tools-for-stm32.10.3-2021.10.win32_1.0.0.202111181127/tools/bin/../lib/gcc/arm-none-eabi/10.3.1/../../../../arm-none-eabi/lib/thumb/v7e-m+fp/hard\libc_nano.a(lib_a-impure.o)
 .ARM.attributes
                0x0000000000000963       0x34 c:/st/stm32cubeide_1.9.0/stm32cubeide/plugins/com.st.stm32cube.ide.mcu.externaltools.gnu-tools-for-stm32.10.3-2021.10.win32_1.0.0.202111181127/tools/bin/../lib/gcc/arm-none-eabi/10.3.1/../../../../arm-none-eabi/lib/thumb/v7e-m+fp/hard\libc_nano.a(lib_a-init.o)
 .ARM.attributes
                0x0000000000000997       0x34 c:/st/stm32cubeide_1.9.0/stm32cubeide/plugins/com.st.stm32cube.ide.mcu.externaltools.gnu-tools-for-stm32.10.3-2021.10.win32_1.0.0.202111181127/tools/bin/../lib/gcc/arm-none-eabi/10.3.1/../../../../arm-none-eabi/lib/thumb/v7e-m+fp/hard\libc_nano.a(lib_a-memset.o)
 .ARM.attributes
                0x00000000000009cb       0x1e c:/st/stm32cubeide_1.9.0/stm32cubeide/plugins/com.st.stm32cube.ide.mcu.externaltools.gnu-tools-for-stm32.10.3-2021.10.win32_1.0.0.202111181127/tools/bin/../lib/gcc/arm-none-eabi/10.3.1/thumb/v7e-m+fp/hard\libgcc.a(_arm_addsubdf3.o)
 .ARM.attributes
                0x00000000000009e9       0x1e c:/st/stm32cubeide_1.9.0/stm32cubeide/plugins/com.st.stm32cube.ide.mcu.externaltools.gnu-tools-for-stm32.10.3-2021.10.win32_1.0.0.202111181127/tools/bin/../lib/gcc/arm-none-eabi/10.3.1/thumb/v7e-m+fp/hard\libgcc.a(_arm_muldivdf3.o)
 .ARM.attributes
                0x0000000000000a07       0x1e c:/st/stm32cubeide_1.9.0/stm32cubeide/plugins/com.st.stm32cube.ide.mcu.externaltools.gnu-tools-for-stm32.10.3-2021.10.win32_1.0.0.202111181127/tools/bin/../lib/gcc/arm-none-eabi/10.3.1/thumb/v7e-m+fp/hard\libgcc.a(_arm_cmpdf2.o)
 .ARM.attributes
                0x0000000000000a25       0x1e c:/st/stm32cubeide_1.9.0/stm32cubeide/plugins/com.st.stm32cube.ide.mcu.externaltools.gnu-tools-for-stm32.10.3-2021.10.win32_1.0.0.202111181127/tools/bin/../lib/gcc/arm-none-eabi/10.3.1/thumb/v7e-m+fp/hard\libgcc.a(_arm_fixdfsi.o)
 .ARM.attributes
                0x0000000000000a43       0x1e c:/st/stm32cubeide_1.9.0/stm32cubeide/plugins/com.st.stm32cube.ide.mcu.externaltools.gnu-tools-for-stm32.10.3-2021.10.win32_1.0.0.202111181127/tools/bin/../lib/gcc/arm-none-eabi/10.3.1/thumb/v7e-m+fp/hard\libgcc.a(_arm_truncdfsf2.o)
 .ARM.attributes
                0x0000000000000a61       0x1e c:/st/stm32cubeide_1.9.0/stm32cubeide/plugins/com.st.stm32cube.ide.mcu.externaltools.gnu-tools-for-stm32.10.3-2021.10.win32_1.0.0.202111181127/tools/bin/../lib/gcc/arm-none-eabi/10.3.1/thumb/v7e-m+fp/hard\libgcc.a(_arm_addsubsf3.o)
 .ARM.attributes
                0x0000000000000a7f       0x1e c:/st/stm32cubeide_1.9.0/stm32cubeide/plugins/com.st.stm32cube.ide.mcu.externaltools.gnu-tools-for-stm32.10.3-2021.10.win32_1.0.0.202111181127/tools/bin/../lib/gcc/arm-none-eabi/10.3.1/thumb/v7e-m+fp/hard\libgcc.a(_aeabi_uldivmod.o)
 .ARM.attributes
                0x0000000000000a9d       0x34 c:/st/stm32cubeide_1.9.0/stm32cubeide/plugins/com.st.stm32cube.ide.mcu.externaltools.gnu-tools-for-stm32.10.3-2021.10.win32_1.0.0.202111181127/tools/bin/../lib/gcc/arm-none-eabi/10.3.1/thumb/v7e-m+fp/hard\libgcc.a(_fixsfdi.o)
 .ARM.attributes
                0x0000000000000ad1       0x34 c:/st/stm32cubeide_1.9.0/stm32cubeide/plugins/com.st.stm32cube.ide.mcu.externaltools.gnu-tools-for-stm32.10.3-2021.10.win32_1.0.0.202111181127/tools/bin/../lib/gcc/arm-none-eabi/10.3.1/thumb/v7e-m+fp/hard\libgcc.a(_fixunssfdi.o)
 .ARM.attributes
                0x0000000000000b05       0x34 c:/st/stm32cubeide_1.9.0/stm32cubeide/plugins/com.st.stm32cube.ide.mcu.externaltools.gnu-tools-for-stm32.10.3-2021.10.win32_1.0.0.202111181127/tools/bin/../lib/gcc/arm-none-eabi/10.3.1/thumb/v7e-m+fp/hard\libgcc.a(_udivmoddi4.o)
 .ARM.attributes
                0x0000000000000b39       0x1e c:/st/stm32cubeide_1.9.0/stm32cubeide/plugins/com.st.stm32cube.ide.mcu.externaltools.gnu-tools-for-stm32.10.3-2021.10.win32_1.0.0.202111181127/tools/bin/../lib/gcc/arm-none-eabi/10.3.1/thumb/v7e-m+fp/hard\libgcc.a(_dvmd_tls.o)
 .ARM.attributes
                0x0000000000000b57       0x1e c:/st/stm32cubeide_1.9.0/stm32cubeide/plugins/com.st.stm32cube.ide.mcu.externaltools.gnu-tools-for-stm32.10.3-2021.10.win32_1.0.0.202111181127/tools/bin/../lib/gcc/arm-none-eabi/10.3.1/thumb/v7e-m+fp/hard\libgcc.a(_arm_fixunsdfsi.o)
 .ARM.attributes
                0x0000000000000b75       0x1e c:/st/stm32cubeide_1.9.0/stm32cubeide/plugins/com.st.stm32cube.ide.mcu.externaltools.gnu-tools-for-stm32.10.3-2021.10.win32_1.0.0.202111181127/tools/bin/../lib/gcc/arm-none-eabi/10.3.1/thumb/v7e-m+fp/hard/crtn.o
OUTPUT(JGB37-520-v4.elf elf32-littlearm)
LOAD linker stubs
LOAD c:/st/stm32cubeide_1.9.0/stm32cubeide/plugins/com.st.stm32cube.ide.mcu.externaltools.gnu-tools-for-stm32.10.3-2021.10.win32_1.0.0.202111181127/tools/bin/../lib/gcc/arm-none-eabi/10.3.1/../../../../arm-none-eabi/lib/thumb/v7e-m+fp/hard\libc.a
LOAD c:/st/stm32cubeide_1.9.0/stm32cubeide/plugins/com.st.stm32cube.ide.mcu.externaltools.gnu-tools-for-stm32.10.3-2021.10.win32_1.0.0.202111181127/tools/bin/../lib/gcc/arm-none-eabi/10.3.1/../../../../arm-none-eabi/lib/thumb/v7e-m+fp/hard\libm.a
LOAD c:/st/stm32cubeide_1.9.0/stm32cubeide/plugins/com.st.stm32cube.ide.mcu.externaltools.gnu-tools-for-stm32.10.3-2021.10.win32_1.0.0.202111181127/tools/bin/../lib/gcc/arm-none-eabi/10.3.1/thumb/v7e-m+fp/hard\libgcc.a

.debug_info     0x0000000000000000    0x26288
 .debug_info    0x0000000000000000     0x139a ./Core/Src/stm32f4xx_hal_msp.o
 .debug_info    0x000000000000139a      0x121 ./Core/Src/stm32f4xx_it.o
 .debug_info    0x00000000000014bb      0x523 ./Core/Src/system_stm32f4xx.o
 .debug_info    0x00000000000019de       0x22 ./Core/Startup/startup_stm32f407vgtx.o
 .debug_info    0x0000000000001a00      0x97c ./Drivers/STM32F4xx_HAL_Driver/Src/stm32f4xx_hal.o
 .debug_info    0x000000000000237c      0xe1b ./Drivers/STM32F4xx_HAL_Driver/Src/stm32f4xx_hal_cortex.o
 .debug_info    0x0000000000003197      0x94f ./Drivers/STM32F4xx_HAL_Driver/Src/stm32f4xx_hal_dma.o
 .debug_info    0x0000000000003ae6      0x76a ./Drivers/STM32F4xx_HAL_Driver/Src/stm32f4xx_hal_gpio.o
 .debug_info    0x0000000000004250     0x2609 ./Drivers/STM32F4xx_HAL_Driver/Src/stm32f4xx_hal_i2c.o
 .debug_info    0x0000000000006859      0x966 ./Drivers/STM32F4xx_HAL_Driver/Src/stm32f4xx_hal_rcc.o
 .debug_info    0x00000000000071bf     0x2bbf ./Drivers/STM32F4xx_HAL_Driver/Src/stm32f4xx_hal_tim.o
 .debug_info    0x0000000000009d7e     0x15e0 ./Drivers/STM32F4xx_HAL_Driver/Src/stm32f4xx_hal_tim_ex.o
 .debug_info    0x000000000000b35e     0x319b ./Drivers/STM32F4xx_HAL_Driver/Src/stm32f4xx_hal_uart.o
 .debug_info    0x000000000000e4f9     0x124b ./Source/App/main.o
 .debug_info    0x000000000000f744     0x2cec ./Source/App/maincpp.o
 .debug_info    0x0000000000012430     0x195b ./Source/Driver/dc-Driver.o
 .debug_info    0x0000000000013d8b     0x1218 ./Source/Mid/DcControl.o
 .debug_info    0x0000000000014fa3     0x1049 ./Source/Mid/RobotControl.o
 .debug_info    0x0000000000015fec     0x104c ./Source/Mid/dead-reckoning1.o
 .debug_info    0x0000000000017038     0x6886 ./Source/Mid/MPU6050/App/MPU6050-App/MPU6050-App.o
 .debug_info    0x000000000001d8be     0x8764 ./Source/Mid/MPU6050/Mid/MPU6050/MPU6050.o
 .debug_info    0x0000000000026022      0x266 ./Source/Utillities/queue.o

.debug_abbrev   0x0000000000000000     0x34af
 .debug_abbrev  0x0000000000000000      0x203 ./Core/Src/stm32f4xx_hal_msp.o
 .debug_abbrev  0x0000000000000203       0x74 ./Core/Src/stm32f4xx_it.o
 .debug_abbrev  0x0000000000000277      0x116 ./Core/Src/system_stm32f4xx.o
 .debug_abbrev  0x000000000000038d       0x12 ./Core/Startup/startup_stm32f407vgtx.o
 .debug_abbrev  0x000000000000039f      0x20d ./Drivers/STM32F4xx_HAL_Driver/Src/stm32f4xx_hal.o
 .debug_abbrev  0x00000000000005ac      0x316 ./Drivers/STM32F4xx_HAL_Driver/Src/stm32f4xx_hal_cortex.o
 .debug_abbrev  0x00000000000008c2      0x25b ./Drivers/STM32F4xx_HAL_Driver/Src/stm32f4xx_hal_dma.o
 .debug_abbrev  0x0000000000000b1d      0x1c4 ./Drivers/STM32F4xx_HAL_Driver/Src/stm32f4xx_hal_gpio.o
 .debug_abbrev  0x0000000000000ce1      0x297 ./Drivers/STM32F4xx_HAL_Driver/Src/stm32f4xx_hal_i2c.o
 .debug_abbrev  0x0000000000000f78      0x2aa ./Drivers/STM32F4xx_HAL_Driver/Src/stm32f4xx_hal_rcc.o
 .debug_abbrev  0x0000000000001222      0x25d ./Drivers/STM32F4xx_HAL_Driver/Src/stm32f4xx_hal_tim.o
 .debug_abbrev  0x000000000000147f      0x265 ./Drivers/STM32F4xx_HAL_Driver/Src/stm32f4xx_hal_tim_ex.o
 .debug_abbrev  0x00000000000016e4      0x2ed ./Drivers/STM32F4xx_HAL_Driver/Src/stm32f4xx_hal_uart.o
 .debug_abbrev  0x00000000000019d1      0x28b ./Source/App/main.o
 .debug_abbrev  0x0000000000001c5c      0x369 ./Source/App/maincpp.o
 .debug_abbrev  0x0000000000001fc5      0x29f ./Source/Driver/dc-Driver.o
 .debug_abbrev  0x0000000000002264      0x27f ./Source/Mid/DcControl.o
 .debug_abbrev  0x00000000000024e3      0x2a1 ./Source/Mid/RobotControl.o
 .debug_abbrev  0x0000000000002784      0x23b ./Source/Mid/dead-reckoning1.o
 .debug_abbrev  0x00000000000029bf      0x615 ./Source/Mid/MPU6050/App/MPU6050-App/MPU6050-App.o
 .debug_abbrev  0x0000000000002fd4      0x3c5 ./Source/Mid/MPU6050/Mid/MPU6050/MPU6050.o
 .debug_abbrev  0x0000000000003399      0x116 ./Source/Utillities/queue.o

.debug_aranges  0x0000000000000000     0x1b10
 .debug_aranges