../Source/Driver/dc-Driver.c:71:6:SystemClock_Config	88	static
../Source/Driver/dc-Driver.c:116:13:MX_TIM1_Init	96	static
../Source/Driver/dc-Driver.c:196:13:MX_TIM3_Init	32	static
../Source/Driver/dc-Driver.c:241:13:MX_TIM2_Init	48	static
../Source/Driver/dc-Driver.c:304:13:MX_GPIO_Init	40	static
../Source/Driver/dc-Driver.c:343:13:MX_TIM4_Init	32	static
../Source/Driver/dc-Driver.c:389:7:MX_I2C1_Init	8	static
../Source/Driver/dc-Driver.c:422:14:MX_USART1_UART_Init	8	static
../Source/Driver/dc-Driver.c:454:6:Error_Handler	4	static,ignoring_inline_asm
../Source/Driver/dc-Driver.c:464:6:DcControlSetup	8	static
../Source/Driver/dc-Driver.c:488:8:dcControl	16	static
